[build 2026-10-03T15:54:52.414Z] cleanup: started (0.0s)
[build 2026-10-03T15:54:52.463Z] cleanup: completed (0.0s)
[build 2026-10-03T15:54:52.665Z] go-test: started (0.0s)
[go-test] discovered 1768 tests; running 5 shards
[go-test] shard 1/5: started (1 tests)
[go-test] shard 2/5: started (385 tests)
[go-test] shard 3/5: started (449 tests)
[go-test] shard 4/5: started (385 tests)
[go-test] shard 5/5: started (548 tests)
[build 2026-10-03T15:55:02.668Z] go-test: still running (10.0s)
[build 2026-10-03T15:55:12.670Z] go-test: still running (20.0s)
[build 2026-10-03T15:55:22.670Z] go-test: still running (30.0s)
[build 2026-10-03T15:55:32.672Z] go-test: still running (40.0s)
ok  	lol-loot-assistant/backend	41.912s
[go-test] shard 4/5: completed (43.8s)
[build 2026-10-03T15:55:42.674Z] go-test: still running (50.0s)
[build 2026-10-03T15:55:52.675Z] go-test: still running (60.0s)
ok  	lol-loot-assistant/backend	56.786s
[go-test] shard 5/5: completed (58.5s)
ok  	lol-loot-assistant/backend	59.132s
[go-test] shard 3/5: completed (60.6s)
ok  	lol-loot-assistant/backend	61.048s
[go-test] shard 1/5: completed (62.4s)
[build 2026-10-03T15:56:02.676Z] go-test: still running (70.0s)
ok  	lol-loot-assistant/backend	74.432s
[go-test] shard 2/5: completed (76.0s)
[build 2026-10-03T15:56:11.456Z] go-test: completed (78.8s)
[build 2026-10-03T15:56:11.491Z] go-vet: started (0.0s)
[build 2026-10-03T15:56:12.797Z] go-vet: completed (1.3s)
[build 2026-10-03T15:56:12.828Z] installer-test: started (0.0s)
ok  	deeplegends/installer	(cached)
ok  	deeplegends/installer/internal/webviewhost	(cached)
?   	deeplegends/installer/payload	[no test files]
?   	deeplegends/installer/ui	[no test files]
ok  	deeplegends/installer/uninstall	(cached)
[build 2026-10-03T15:56:12.952Z] installer-test: completed (0.1s)
[build 2026-10-03T15:56:12.984Z] installer-vet: started (0.0s)
[build 2026-10-03T15:56:13.137Z] installer-vet: completed (0.2s)
Public build: no embedded Riot API key; KR queries require RIOT_API_KEY at runtime.
[build 2026-10-03T15:56:13.169Z] source-fingerprint: started (0.0s)
[build 2026-10-03T15:56:13.241Z] source-fingerprint: completed (0.1s)
[build 2026-10-03T15:56:13.272Z] backend-build: started (0.0s)
[build 2026-10-03T15:56:16.884Z] backend-build: completed (3.6s)
[build 2026-10-03T15:56:16.916Z] backend-fingerprint: started (0.0s)
verified build fingerprint=42989b84146c
[build 2026-10-03T15:56:16.960Z] backend-fingerprint: completed (0.0s)
npm-ci: cache hit (package manifests unchanged); set FORCE_NPM_INSTALL=1 for a clean reinstall
electron-cache: checking for a reusable Windows Electron archive
electron-cache: check completed
Reusing cached Electron distribution: /Users/ly/Library/Caches/electron/85f2b7422cd2141b6caa99bac0fc0658b0f22b533b571f6a2ec9a49f2ac23c0a/electron-v43.3.0-win32-x64.zip
[build 2026-10-03T15:56:21.023Z] uninstaller-shell: started (0.0s)
Uninstaller shell built: uninstall-shell.exe
[build 2026-10-03T15:56:21.224Z] uninstaller-shell: completed (0.2s)
[build 2026-10-03T15:56:21.255Z] nsis: started (0.0s)
npm warn Unknown user config "scripts-prepend-node-path". This will stop working in the next major version of npm. See `npm help npmrc` for supported config options.

> deep-legends-desktop@0.12.66 pack:win-setup
> electron-builder --win nsis --x64 --config.win.signExecutable=false --config.nsis.artifactName=Deep Legends Setup ${version}-public.${ext} --config.electronDist=/Users/ly/Library/Caches/electron/85f2b7422cd2141b6caa99bac0fc0658b0f22b533b571f6a2ec9a49f2ac23c0a/electron-v43.3.0-win32-x64.zip

  • electron-builder  version=26.15.7 os=27.0.0
  • loaded configuration  file=package.json ("build" field)
Setup compression: 7z level 9 (default 9)
  • executing @electron/rebuild  electronVersion=43.3.0 arch=x64 buildFromSource=false workspaceRoot=/Users/ly/personal/personal-work/deep-legends/desktop projectDir=./ appDir=./
  • installing native dependencies  arch=x64
  • completed installing native dependencies
  • packaging       platform=win32 arch=x64 electron=43.3.0 appOutDir=/Users/ly/personal/personal-work/deep-legends/dist/desktop/win-unpacked
  • using custom electronDist zip file  zipFile=/Users/ly/Library/Caches/electron/85f2b7422cd2141b6caa99bac0fc0658b0f22b533b571f6a2ec9a49f2ac23c0a/electron-v43.3.0-win32-x64.zip
  • searching for node modules  pm=npm searchDir=/Users/ly/personal/personal-work/deep-legends/desktop
  • no node modules found in collection, trying next search directory  pm=npm searchDir=/Users/ly/personal/personal-work/deep-legends/desktop
  • searching for node modules  pm=traversal searchDir=/Users/ly/personal/personal-work/deep-legends/desktop
  • using manual traversal of node_modules to build dependency tree
  • no node modules found in collection, trying next search directory  pm=traversal searchDir=/Users/ly/personal/personal-work/deep-legends/desktop
  • no node modules returned while searching directories  searchDirectories=[""]
  • updating asar integrity executable resource  executablePath=/Users/ly/personal/personal-work/deep-legends/dist/desktop/win-unpacked/Deep Legends.exe
  • file signing skipped via signExecutable configuration  file=/Users/ly/personal/personal-work/deep-legends/dist/desktop/win-unpacked/Deep Legends.exe
  • building        target=nsis file=/Users/ly/personal/personal-work/deep-legends/dist/desktop/Deep Legends Setup 0.12.66-public.exe archs=x64 oneClick=false perMachine=false
[build 2026-10-03T15:56:31.260Z] nsis: still running (10.0s)
[build 2026-10-03T15:56:41.261Z] nsis: still running (20.0s)
[build 2026-10-03T15:56:51.262Z] nsis: still running (30.0s)
[build 2026-10-03T15:57:01.265Z] nsis: still running (40.0s)
[build 2026-10-03T15:57:11.267Z] nsis: still running (50.0s)
[build 2026-10-03T15:57:21.269Z] nsis: still running (60.0s)
[build 2026-10-03T15:57:31.271Z] nsis: still running (70.0s)
[build 2026-10-03T15:57:41.272Z] nsis: still running (80.0s)
[build 2026-10-03T15:57:51.274Z] nsis: still running (90.0s)
[build 2026-10-03T15:58:01.276Z] nsis: still running (100.0s)
  • file signing skipped via signExecutable configuration  file=/Users/ly/personal/personal-work/deep-legends/dist/desktop/Deep Legends Setup 0.12.66-public.__uninstaller.exe
  • file signing skipped via signExecutable configuration  file=/Users/ly/personal/personal-work/deep-legends/dist/desktop/Deep Legends Setup 0.12.66-public.exe
[build 2026-10-03T15:58:05.295Z] nsis: completed (104.0s)
[build 2026-10-03T15:58:05.335Z] installer-shell: started (0.0s)
Installer shell built: Deep Legends Setup 0.12.66-public.exe (348376919 installed bytes)
[build 2026-10-03T15:58:06.698Z] installer-shell: completed (1.4s)
[build 2026-10-03T15:58:06.729Z] packaged-runtime: started (0.0s)
packaged desktop runtime verified: backend-evidence.cjs, desktop-log.cjs, diagnostics-directory.cjs, diagnostics-export.cjs, main.cjs, preload.cjs, process-metrics.cjs, proxy-resolution.cjs, share-export.cjs, ui-scale.cjs, window-bounds-store.cjs, window-bounds.cjs
[build 2026-10-03T15:58:06.781Z] packaged-runtime: completed (0.1s)
[build 2026-10-03T15:58:06.812Z] packaged-fingerprint: started (0.0s)
verified build fingerprint=42989b84146c
[build 2026-10-03T15:58:06.869Z] packaged-fingerprint: completed (0.1s)
[build 2026-10-03T15:58:06.902Z] release-receipt: started (0.0s)
Build distribution verified: public · 42989b84146c
[build 2026-10-03T15:58:07.426Z] release-receipt: completed (0.5s)
[build 2026-10-03T15:58:07.459Z] setup-checksum: started (0.0s)
[build 2026-10-03T15:58:07.870Z] setup-checksum: completed (0.4s)
[build 2026-10-03T15:58:07.902Z] unpacked-cleanup: started (0.0s)
[build 2026-10-03T15:58:07.981Z] unpacked-cleanup: completed (0.1s)
Setup build complete: Deep Legends Setup 0.12.66-public.exe
