[build 2026-10-04T02:46:03.135Z] cleanup: started (0.0s)
[build 2026-10-04T02:46:03.306Z] cleanup: completed (0.2s)
[build 2026-10-04T02:46:03.574Z] go-test: started (0.0s)
[go-test] discovered 1780 tests; running 5 shards
[go-test] shard 1/5: started (1 tests)
[go-test] shard 2/5: started (388 tests)
[go-test] shard 3/5: started (452 tests)
[go-test] shard 4/5: started (388 tests)
[go-test] shard 5/5: started (551 tests)
[build 2026-10-04T02:46:13.581Z] go-test: still running (10.0s)
[build 2026-10-04T02:46:23.583Z] go-test: still running (20.0s)
[build 2026-10-04T02:46:33.584Z] go-test: still running (30.0s)
[build 2026-10-04T02:46:43.587Z] go-test: still running (40.0s)
ok  	lol-loot-assistant/backend	36.779s
[go-test] shard 4/5: completed (38.5s)
ok  	lol-loot-assistant/backend	44.423s
[go-test] shard 3/5: completed (45.9s)
[build 2026-10-04T02:46:53.588Z] go-test: still running (50.0s)
ok  	lol-loot-assistant/backend	52.048s
[go-test] shard 5/5: completed (53.8s)
[build 2026-10-04T02:47:03.591Z] go-test: still running (60.0s)
ok  	lol-loot-assistant/backend	60.598s
[go-test] shard 1/5: completed (61.9s)
[build 2026-10-04T02:47:13.593Z] go-test: still running (70.0s)
[build 2026-10-04T02:47:23.594Z] go-test: still running (80.0s)
ok  	lol-loot-assistant/backend	79.004s
[go-test] shard 2/5: completed (80.7s)
[build 2026-10-04T02:47:27.849Z] go-test: completed (84.3s)
[build 2026-10-04T02:47:27.878Z] go-vet: started (0.0s)
[build 2026-10-04T02:47:29.036Z] go-vet: completed (1.2s)
[build 2026-10-04T02:47:29.069Z] installer-test: started (0.0s)
ok  	deeplegends/installer	0.839s
ok  	deeplegends/installer/internal/webviewhost	(cached)
?   	deeplegends/installer/payload	[no test files]
?   	deeplegends/installer/ui	[no test files]
ok  	deeplegends/installer/uninstall	(cached)
[build 2026-10-04T02:47:30.097Z] installer-test: completed (1.0s)
[build 2026-10-04T02:47:30.129Z] installer-vet: started (0.0s)
[build 2026-10-04T02:47:30.298Z] installer-vet: completed (0.2s)
Public build: no embedded Riot API key; KR queries require RIOT_API_KEY at runtime.
[build 2026-10-04T02:47:30.329Z] source-fingerprint: started (0.0s)
[build 2026-10-04T02:47:30.394Z] source-fingerprint: completed (0.1s)
[build 2026-10-04T02:47:30.422Z] backend-build: started (0.0s)
[build 2026-10-04T02:47:33.425Z] backend-build: completed (3.0s)
[build 2026-10-04T02:47:33.454Z] backend-fingerprint: started (0.0s)
verified build fingerprint=b6b8ec5899e4
[build 2026-10-04T02:47:33.496Z] backend-fingerprint: completed (0.0s)
[build 2026-10-04T02:47:33.557Z] npm-ci: started (0.0s)
npm warn Unknown user config "scripts-prepend-node-path". This will stop working in the next major version of npm. See `npm help npmrc` for supported config options.
npm warn EBADENGINE Unsupported engine {
npm warn EBADENGINE   package: 'jsdom@30.0.1',
npm warn EBADENGINE   required: { node: '^22.22.2 || ^24.15.0 || >=26.0.0' },
npm warn EBADENGINE   current: { node: 'v24.14.1', npm: '11.11.0' }
npm warn EBADENGINE }
npm warn deprecated inflight@1.0.6: This module is not supported, and leaks memory. Do not use it. Check out lru-cache if you want a good and tested way to coalesce async requests by a key value, which is much more comprehensive and powerful.
npm warn deprecated rimraf@2.6.3: Rimraf versions prior to v4 are no longer supported
npm warn deprecated glob@7.2.3: Glob versions prior to v9 are no longer supported
npm warn deprecated boolean@3.2.0: Package no longer supported. Contact Support at https://www.npmjs.com/support for more info.

added 323 packages in 2s
[build 2026-10-04T02:47:35.967Z] npm-ci: completed (2.4s)
electron-cache: checking for a reusable Windows Electron archive
electron-cache: check completed
Reusing cached Electron distribution: /Users/ly/Library/Caches/electron/85f2b7422cd2141b6caa99bac0fc0658b0f22b533b571f6a2ec9a49f2ac23c0a/electron-v43.3.0-win32-x64.zip
[build 2026-10-04T02:47:38.655Z] uninstaller-shell: started (0.0s)
Uninstaller shell built: uninstall-shell.exe
[build 2026-10-04T02:47:38.860Z] uninstaller-shell: completed (0.2s)
[build 2026-10-04T02:47:38.891Z] nsis: started (0.0s)
npm warn Unknown user config "scripts-prepend-node-path". This will stop working in the next major version of npm. See `npm help npmrc` for supported config options.

> deep-legends-desktop@0.12.68 pack:win-setup
> electron-builder --win nsis --x64 --config.win.signExecutable=false --config.nsis.artifactName=Deep Legends Setup ${version}-public.${ext} --config.electronDist=/Users/ly/Library/Caches/electron/85f2b7422cd2141b6caa99bac0fc0658b0f22b533b571f6a2ec9a49f2ac23c0a/electron-v43.3.0-win32-x64.zip

  • electron-builder  version=26.15.7 os=27.0.0
  • loaded configuration  file=package.json ("build" field)
Setup compression: 7z level 9 (default 9)
  • executing @electron/rebuild  electronVersion=43.3.0 arch=x64 buildFromSource=false workspaceRoot=/Users/ly/personal/personal-work/deep-legends/desktop projectDir=./ appDir=./
  • installing native dependencies  arch=x64
  • completed installing native dependencies
  • packaging       platform=win32 arch=x64 electron=43.3.0 appOutDir=/Users/ly/personal/personal-work/deep-legends/dist/desktop/win-unpacked
  • using custom electronDist zip file  zipFile=/Users/ly/Library/Caches/electron/85f2b7422cd2141b6caa99bac0fc0658b0f22b533b571f6a2ec9a49f2ac23c0a/electron-v43.3.0-win32-x64.zip
  • searching for node modules  pm=npm searchDir=/Users/ly/personal/personal-work/deep-legends/desktop
  • no node modules found in collection, trying next search directory  pm=npm searchDir=/Users/ly/personal/personal-work/deep-legends/desktop
  • searching for node modules  pm=traversal searchDir=/Users/ly/personal/personal-work/deep-legends/desktop
  • using manual traversal of node_modules to build dependency tree
  • no node modules found in collection, trying next search directory  pm=traversal searchDir=/Users/ly/personal/personal-work/deep-legends/desktop
  • no node modules returned while searching directories  searchDirectories=[""]
  • updating asar integrity executable resource  executablePath=/Users/ly/personal/personal-work/deep-legends/dist/desktop/win-unpacked/Deep Legends.exe
  • file signing skipped via signExecutable configuration  file=/Users/ly/personal/personal-work/deep-legends/dist/desktop/win-unpacked/Deep Legends.exe
  • building        target=nsis file=/Users/ly/personal/personal-work/deep-legends/dist/desktop/Deep Legends Setup 0.12.68-public.exe archs=x64 oneClick=false perMachine=false
[build 2026-10-04T02:47:48.896Z] nsis: still running (10.0s)
[build 2026-10-04T02:47:58.899Z] nsis: still running (20.0s)
[build 2026-10-04T02:48:08.901Z] nsis: still running (30.0s)
[build 2026-10-04T02:48:18.903Z] nsis: still running (40.0s)
[build 2026-10-04T02:48:28.906Z] nsis: still running (50.0s)
[build 2026-10-04T02:48:38.908Z] nsis: still running (60.0s)
[build 2026-10-04T02:48:48.910Z] nsis: still running (70.0s)
[build 2026-10-04T02:48:58.912Z] nsis: still running (80.0s)
[build 2026-10-04T02:49:08.915Z] nsis: still running (90.0s)
[build 2026-10-04T02:49:18.917Z] nsis: still running (100.0s)
  • file signing skipped via signExecutable configuration  file=/Users/ly/personal/personal-work/deep-legends/dist/desktop/Deep Legends Setup 0.12.68-public.__uninstaller.exe
  • file signing skipped via signExecutable configuration  file=/Users/ly/personal/personal-work/deep-legends/dist/desktop/Deep Legends Setup 0.12.68-public.exe
[build 2026-10-04T02:49:23.653Z] nsis: completed (104.8s)
[build 2026-10-04T02:49:23.694Z] installer-shell: started (0.0s)
Installer shell built: Deep Legends Setup 0.12.68-public.exe (348437847 installed bytes)
[build 2026-10-04T02:49:25.259Z] installer-shell: completed (1.6s)
[build 2026-10-04T02:49:25.292Z] packaged-runtime: started (0.0s)
packaged desktop runtime verified: backend-evidence.cjs, desktop-log.cjs, diagnostics-directory.cjs, diagnostics-export.cjs, main.cjs, preload.cjs, process-metrics.cjs, proxy-resolution.cjs, share-export.cjs, ui-scale.cjs, window-bounds-store.cjs, window-bounds.cjs
[build 2026-10-04T02:49:25.372Z] packaged-runtime: completed (0.1s)
[build 2026-10-04T02:49:25.403Z] packaged-fingerprint: started (0.0s)
verified build fingerprint=b6b8ec5899e4
[build 2026-10-04T02:49:25.468Z] packaged-fingerprint: completed (0.1s)
[build 2026-10-04T02:49:25.498Z] release-receipt: started (0.0s)
Build distribution verified: public · b6b8ec5899e4
[build 2026-10-04T02:49:25.975Z] release-receipt: completed (0.5s)
[build 2026-10-04T02:49:26.005Z] setup-checksum: started (0.0s)
[build 2026-10-04T02:49:26.612Z] setup-checksum: completed (0.6s)
[build 2026-10-04T02:49:26.644Z] unpacked-cleanup: started (0.0s)
[build 2026-10-04T02:49:27.403Z] unpacked-cleanup: completed (0.8s)
Setup build complete: Deep Legends Setup 0.12.68-public.exe
