[build 2026-10-04T03:03:10.634Z] cleanup: started (0.0s)
[build 2026-10-04T03:03:10.764Z] cleanup: completed (0.1s)
[build 2026-10-04T03:03:10.921Z] go-test: started (0.0s)
[go-test] discovered 1780 tests; running 5 shards
[go-test] shard 1/5: started (1 tests)
[go-test] shard 2/5: started (388 tests)
[go-test] shard 3/5: started (452 tests)
[go-test] shard 4/5: started (388 tests)
[go-test] shard 5/5: started (551 tests)
ok  	lol-loot-assistant/backend	(cached)
[go-test] shard 1/5: completed (0.4s)
ok  	lol-loot-assistant/backend	(cached)
[go-test] shard 3/5: completed (0.7s)
ok  	lol-loot-assistant/backend	(cached)
[go-test] shard 4/5: completed (0.8s)
ok  	lol-loot-assistant/backend	(cached)
[go-test] shard 5/5: completed (1.0s)
ok  	lol-loot-assistant/backend	(cached)
[go-test] shard 2/5: completed (1.0s)
[build 2026-10-04T03:03:14.064Z] go-test: completed (3.1s)
[build 2026-10-04T03:03:14.093Z] go-vet: started (0.0s)
[build 2026-10-04T03:03:15.231Z] go-vet: completed (1.1s)
[build 2026-10-04T03:03:15.264Z] installer-test: started (0.0s)
ok  	deeplegends/installer	0.868s
ok  	deeplegends/installer/internal/webviewhost	(cached)
?   	deeplegends/installer/payload	[no test files]
?   	deeplegends/installer/ui	[no test files]
ok  	deeplegends/installer/uninstall	(cached)
[build 2026-10-04T03:03:16.337Z] installer-test: completed (1.1s)
[build 2026-10-04T03:03:16.368Z] installer-vet: started (0.0s)
[build 2026-10-04T03:03:16.502Z] installer-vet: completed (0.1s)
Public build: no embedded Riot API key; KR queries require RIOT_API_KEY at runtime.
[build 2026-10-04T03:03:16.532Z] source-fingerprint: started (0.0s)
[build 2026-10-04T03:03:16.597Z] source-fingerprint: completed (0.1s)
[build 2026-10-04T03:03:16.625Z] backend-build: started (0.0s)
[build 2026-10-04T03:03:17.242Z] backend-build: completed (0.6s)
[build 2026-10-04T03:03:17.270Z] backend-fingerprint: started (0.0s)
verified build fingerprint=a24a41472d2b
[build 2026-10-04T03:03:17.312Z] backend-fingerprint: completed (0.0s)
npm-ci: cache hit (package manifests unchanged); set FORCE_NPM_INSTALL=1 for a clean reinstall
electron-cache: checking for a reusable Windows Electron archive
electron-cache: check completed
Reusing cached Electron distribution: /Users/ly/Library/Caches/electron/85f2b7422cd2141b6caa99bac0fc0658b0f22b533b571f6a2ec9a49f2ac23c0a/electron-v43.3.0-win32-x64.zip
[build 2026-10-04T03:03:20.392Z] uninstaller-shell: started (0.0s)
Uninstaller shell built: uninstall-shell.exe
[build 2026-10-04T03:03:20.563Z] uninstaller-shell: completed (0.2s)
[build 2026-10-04T03:03:20.590Z] nsis: started (0.0s)
npm warn Unknown user config "scripts-prepend-node-path". This will stop working in the next major version of npm. See `npm help npmrc` for supported config options.

> deep-legends-desktop@0.12.68 pack:win-setup
> electron-builder --win nsis --x64 --config.win.signExecutable=false --config.nsis.artifactName=Deep Legends Setup ${version}-public.${ext} --config.electronDist=/Users/ly/Library/Caches/electron/85f2b7422cd2141b6caa99bac0fc0658b0f22b533b571f6a2ec9a49f2ac23c0a/electron-v43.3.0-win32-x64.zip

  • electron-builder  version=26.15.7 os=27.0.0
  • loaded configuration  file=package.json ("build" field)
Setup compression: 7z level 9 (default 9)
  • executing @electron/rebuild  electronVersion=43.3.0 arch=x64 buildFromSource=false workspaceRoot=/Users/ly/personal/personal-work/deep-legends/desktop projectDir=./ appDir=./
  • installing native dependencies  arch=x64
  • completed installing native dependencies
  • packaging       platform=win32 arch=x64 electron=43.3.0 appOutDir=/Users/ly/personal/personal-work/deep-legends/dist/desktop/win-unpacked
  • using custom electronDist zip file  zipFile=/Users/ly/Library/Caches/electron/85f2b7422cd2141b6caa99bac0fc0658b0f22b533b571f6a2ec9a49f2ac23c0a/electron-v43.3.0-win32-x64.zip
  • searching for node modules  pm=npm searchDir=/Users/ly/personal/personal-work/deep-legends/desktop
  • no node modules found in collection, trying next search directory  pm=npm searchDir=/Users/ly/personal/personal-work/deep-legends/desktop
  • searching for node modules  pm=traversal searchDir=/Users/ly/personal/personal-work/deep-legends/desktop
  • using manual traversal of node_modules to build dependency tree
  • no node modules found in collection, trying next search directory  pm=traversal searchDir=/Users/ly/personal/personal-work/deep-legends/desktop
  • no node modules returned while searching directories  searchDirectories=[""]
  • updating asar integrity executable resource  executablePath=/Users/ly/personal/personal-work/deep-legends/dist/desktop/win-unpacked/Deep Legends.exe
  • file signing skipped via signExecutable configuration  file=/Users/ly/personal/personal-work/deep-legends/dist/desktop/win-unpacked/Deep Legends.exe
  • building        target=nsis file=/Users/ly/personal/personal-work/deep-legends/dist/desktop/Deep Legends Setup 0.12.68-public.exe archs=x64 oneClick=false perMachine=false
[build 2026-10-04T03:03:30.594Z] nsis: still running (10.0s)
[build 2026-10-04T03:03:40.596Z] nsis: still running (20.0s)
[build 2026-10-04T03:03:50.598Z] nsis: still running (30.0s)
[build 2026-10-04T03:04:00.600Z] nsis: still running (40.0s)
[build 2026-10-04T03:04:10.602Z] nsis: still running (50.0s)
[build 2026-10-04T03:04:20.602Z] nsis: still running (60.0s)
[build 2026-10-04T03:04:30.603Z] nsis: still running (70.0s)
[build 2026-10-04T03:04:40.605Z] nsis: still running (80.0s)
  • file signing skipped via signExecutable configuration  file=/Users/ly/personal/personal-work/deep-legends/dist/desktop/Deep Legends Setup 0.12.68-public.__uninstaller.exe
  • file signing skipped via signExecutable configuration  file=/Users/ly/personal/personal-work/deep-legends/dist/desktop/Deep Legends Setup 0.12.68-public.exe
[build 2026-10-04T03:04:48.092Z] nsis: completed (87.5s)
[build 2026-10-04T03:04:48.126Z] installer-shell: started (0.0s)
Installer shell built: Deep Legends Setup 0.12.68-public.exe (348437847 installed bytes)
[build 2026-10-04T03:04:49.596Z] installer-shell: completed (1.5s)
[build 2026-10-04T03:04:49.625Z] packaged-runtime: started (0.0s)
packaged desktop runtime verified: backend-evidence.cjs, desktop-log.cjs, diagnostics-directory.cjs, diagnostics-export.cjs, main.cjs, preload.cjs, process-metrics.cjs, proxy-resolution.cjs, share-export.cjs, ui-scale.cjs, window-bounds-store.cjs, window-bounds.cjs
[build 2026-10-04T03:04:49.669Z] packaged-runtime: completed (0.0s)
[build 2026-10-04T03:04:49.698Z] packaged-fingerprint: started (0.0s)
verified build fingerprint=a24a41472d2b
[build 2026-10-04T03:04:49.764Z] packaged-fingerprint: completed (0.1s)
[build 2026-10-04T03:04:49.793Z] release-receipt: started (0.0s)
Build distribution verified: public · a24a41472d2b
[build 2026-10-04T03:04:50.251Z] release-receipt: completed (0.5s)
[build 2026-10-04T03:04:50.279Z] setup-checksum: started (0.0s)
[build 2026-10-04T03:04:50.821Z] setup-checksum: completed (0.5s)
[build 2026-10-04T03:04:50.850Z] unpacked-cleanup: started (0.0s)
[build 2026-10-04T03:04:50.900Z] unpacked-cleanup: completed (0.0s)
Setup build complete: Deep Legends Setup 0.12.68-public.exe
