[build 2026-10-04T08:22:01.240Z] cleanup: started (0.0s)
[build 2026-10-04T08:22:01.260Z] cleanup: completed (0.0s)
[build 2026-10-04T08:22:01.436Z] go-test: started (0.0s)
[go-test] discovered 1793 tests; running 5 shards
[go-test] shard 1/5: started (1 tests)
[go-test] shard 2/5: started (391 tests)
[go-test] shard 3/5: started (455 tests)
[go-test] shard 4/5: started (391 tests)
[go-test] shard 5/5: started (555 tests)
[build 2026-10-04T08:22:11.439Z] go-test: still running (10.0s)
[build 2026-10-04T08:22:21.440Z] go-test: still running (20.0s)
[build 2026-10-04T08:22:31.441Z] go-test: still running (30.0s)
[build 2026-10-04T08:22:41.441Z] go-test: still running (40.0s)
[build 2026-10-04T08:22:51.443Z] go-test: still running (50.0s)
ok  	lol-loot-assistant/backend	47.424s
[go-test] shard 2/5: completed (48.7s)
[build 2026-10-04T08:23:01.445Z] go-test: still running (60.0s)
ok  	lol-loot-assistant/backend	59.332s
[go-test] shard 3/5: completed (60.5s)
[build 2026-10-04T08:23:11.445Z] go-test: still running (70.0s)
ok  	lol-loot-assistant/backend	61.033s
[go-test] shard 1/5: completed (62.0s)
ok  	lol-loot-assistant/backend	62.353s
[go-test] shard 4/5: completed (63.5s)
ok  	lol-loot-assistant/backend	62.540s
[go-test] shard 5/5: completed (63.8s)
[build 2026-10-04T08:23:13.275Z] go-test: completed (71.8s)
[build 2026-10-04T08:23:13.304Z] go-vet: started (0.0s)
[build 2026-10-04T08:23:14.387Z] go-vet: completed (1.1s)
[build 2026-10-04T08:23:14.416Z] installer-test: started (0.0s)
ok  	deeplegends/installer	(cached)
ok  	deeplegends/installer/internal/webviewhost	(cached)
?   	deeplegends/installer/payload	[no test files]
?   	deeplegends/installer/ui	[no test files]
ok  	deeplegends/installer/uninstall	(cached)
[build 2026-10-04T08:23:14.521Z] installer-test: completed (0.1s)
[build 2026-10-04T08:23:14.550Z] installer-vet: started (0.0s)
[build 2026-10-04T08:23:14.689Z] installer-vet: completed (0.1s)
Public build: no embedded Riot API key; KR queries require RIOT_API_KEY at runtime.
[build 2026-10-04T08:23:14.719Z] source-fingerprint: started (0.0s)
[build 2026-10-04T08:23:14.789Z] source-fingerprint: completed (0.1s)
[build 2026-10-04T08:23:14.820Z] backend-build: started (0.0s)
[build 2026-10-04T08:23:17.670Z] backend-build: completed (2.9s)
[build 2026-10-04T08:23:17.703Z] backend-fingerprint: started (0.0s)
verified build fingerprint=030c59db9431
[build 2026-10-04T08:23:17.746Z] backend-fingerprint: completed (0.0s)
npm-ci: cache hit (package manifests unchanged); set FORCE_NPM_INSTALL=1 for a clean reinstall
electron-cache: checking for a reusable Windows Electron archive
electron-cache: check completed
Reusing cached Electron distribution: /Users/ly/Library/Caches/electron/85f2b7422cd2141b6caa99bac0fc0658b0f22b533b571f6a2ec9a49f2ac23c0a/electron-v43.3.0-win32-x64.zip
[build 2026-10-04T08:23:21.012Z] uninstaller-shell: started (0.0s)
Uninstaller shell built: uninstall-shell.exe
[build 2026-10-04T08:23:21.189Z] uninstaller-shell: completed (0.2s)
[build 2026-10-04T08:23:21.217Z] nsis: started (0.0s)
npm warn Unknown user config "scripts-prepend-node-path". This will stop working in the next major version of npm. See `npm help npmrc` for supported config options.

> deep-legends-desktop@0.12.69 pack:win-setup
> electron-builder --win nsis --x64 --config.win.signExecutable=false --config.nsis.artifactName=Deep Legends Setup ${version}-public.${ext} --config.electronDist=/Users/ly/Library/Caches/electron/85f2b7422cd2141b6caa99bac0fc0658b0f22b533b571f6a2ec9a49f2ac23c0a/electron-v43.3.0-win32-x64.zip

  • electron-builder  version=26.15.7 os=27.0.0
  • loaded configuration  file=package.json ("build" field)
Setup compression: 7z level 9 (default 9)
  • executing @electron/rebuild  electronVersion=43.3.0 arch=x64 buildFromSource=false workspaceRoot=/Users/ly/personal/personal-work/deep-legends/desktop projectDir=./ appDir=./
  • installing native dependencies  arch=x64
  • completed installing native dependencies
  • packaging       platform=win32 arch=x64 electron=43.3.0 appOutDir=/Users/ly/personal/personal-work/deep-legends/dist/desktop/win-unpacked
  • using custom electronDist zip file  zipFile=/Users/ly/Library/Caches/electron/85f2b7422cd2141b6caa99bac0fc0658b0f22b533b571f6a2ec9a49f2ac23c0a/electron-v43.3.0-win32-x64.zip
  • searching for node modules  pm=npm searchDir=/Users/ly/personal/personal-work/deep-legends/desktop
  • no node modules found in collection, trying next search directory  pm=npm searchDir=/Users/ly/personal/personal-work/deep-legends/desktop
  • searching for node modules  pm=traversal searchDir=/Users/ly/personal/personal-work/deep-legends/desktop
  • using manual traversal of node_modules to build dependency tree
  • no node modules found in collection, trying next search directory  pm=traversal searchDir=/Users/ly/personal/personal-work/deep-legends/desktop
  • no node modules returned while searching directories  searchDirectories=[""]
  • updating asar integrity executable resource  executablePath=/Users/ly/personal/personal-work/deep-legends/dist/desktop/win-unpacked/Deep Legends.exe
  • file signing skipped via signExecutable configuration  file=/Users/ly/personal/personal-work/deep-legends/dist/desktop/win-unpacked/Deep Legends.exe
  • building        target=nsis file=/Users/ly/personal/personal-work/deep-legends/dist/desktop/Deep Legends Setup 0.12.69-public.exe archs=x64 oneClick=false perMachine=false
[build 2026-10-04T08:23:31.221Z] nsis: still running (10.0s)
[build 2026-10-04T08:23:41.222Z] nsis: still running (20.0s)
[build 2026-10-04T08:23:51.224Z] nsis: still running (30.0s)
[build 2026-10-04T08:24:01.227Z] nsis: still running (40.0s)
[build 2026-10-04T08:24:11.229Z] nsis: still running (50.0s)
[build 2026-10-04T08:24:21.231Z] nsis: still running (60.0s)
[build 2026-10-04T08:24:31.233Z] nsis: still running (70.0s)
[build 2026-10-04T08:24:41.234Z] nsis: still running (80.0s)
  • file signing skipped via signExecutable configuration  file=/Users/ly/personal/personal-work/deep-legends/dist/desktop/Deep Legends Setup 0.12.69-public.__uninstaller.exe
  • file signing skipped via signExecutable configuration  file=/Users/ly/personal/personal-work/deep-legends/dist/desktop/Deep Legends Setup 0.12.69-public.exe
[build 2026-10-04T08:24:49.510Z] nsis: completed (88.3s)
[build 2026-10-04T08:24:49.562Z] installer-shell: started (0.0s)
Installer shell built: Deep Legends Setup 0.12.69-public.exe (348488023 installed bytes)
[build 2026-10-04T08:24:52.816Z] installer-shell: completed (3.3s)
[build 2026-10-04T08:24:52.846Z] packaged-runtime: started (0.0s)
packaged desktop runtime verified: backend-evidence.cjs, desktop-log.cjs, diagnostics-directory.cjs, diagnostics-export.cjs, main.cjs, preload.cjs, process-metrics.cjs, proxy-resolution.cjs, share-export.cjs, ui-scale.cjs, window-bounds-store.cjs, window-bounds.cjs
[build 2026-10-04T08:24:52.893Z] packaged-runtime: completed (0.0s)
[build 2026-10-04T08:24:52.922Z] packaged-fingerprint: started (0.0s)
verified build fingerprint=030c59db9431
[build 2026-10-04T08:24:52.977Z] packaged-fingerprint: completed (0.1s)
[build 2026-10-04T08:24:53.004Z] release-receipt: started (0.0s)
Build distribution verified: public · 030c59db9431
[build 2026-10-04T08:24:53.453Z] release-receipt: completed (0.4s)
[build 2026-10-04T08:24:53.484Z] setup-checksum: started (0.0s)
[build 2026-10-04T08:24:53.868Z] setup-checksum: completed (0.4s)
[build 2026-10-04T08:24:53.898Z] unpacked-cleanup: started (0.0s)
[build 2026-10-04T08:24:53.928Z] unpacked-cleanup: completed (0.0s)
Setup build complete: Deep Legends Setup 0.12.69-public.exe
