[build 2026-10-04T09:16:23.915Z] cleanup: started (0.0s)
[build 2026-10-04T09:16:23.930Z] cleanup: completed (0.0s)
[build 2026-10-04T09:16:24.099Z] go-test: started (0.0s)
[go-test] discovered 1793 tests; running 5 shards
[go-test] shard 1/5: started (1 tests)
[go-test] shard 2/5: started (391 tests)
[go-test] shard 3/5: started (455 tests)
[go-test] shard 4/5: started (391 tests)
[go-test] shard 5/5: started (555 tests)
[build 2026-10-04T09:16:34.104Z] go-test: still running (10.0s)
[build 2026-10-04T09:16:44.104Z] go-test: still running (20.0s)
[build 2026-10-04T09:16:54.105Z] go-test: still running (30.0s)
[build 2026-10-04T09:17:04.106Z] go-test: still running (40.0s)
[build 2026-10-04T09:17:14.107Z] go-test: still running (50.0s)
ok  	lol-loot-assistant/backend	45.793s
[go-test] shard 2/5: completed (47.2s)
[build 2026-10-04T09:17:24.108Z] go-test: still running (60.0s)
ok  	lol-loot-assistant/backend	57.836s
[go-test] shard 3/5: completed (59.2s)
[build 2026-10-04T09:17:34.109Z] go-test: still running (70.0s)
ok  	lol-loot-assistant/backend	61.019s
[go-test] shard 1/5: completed (62.1s)
ok  	lol-loot-assistant/backend	61.334s
[go-test] shard 5/5: completed (62.7s)
ok  	lol-loot-assistant/backend	62.315s
[go-test] shard 4/5: completed (63.6s)
[build 2026-10-04T09:17:35.947Z] go-test: completed (71.8s)
[build 2026-10-04T09:17:35.980Z] go-vet: started (0.0s)
[build 2026-10-04T09:17:37.513Z] go-vet: completed (1.5s)
[build 2026-10-04T09:17:37.552Z] installer-test: started (0.0s)
ok  	deeplegends/installer	(cached)
ok  	deeplegends/installer/internal/webviewhost	(cached)
?   	deeplegends/installer/payload	[no test files]
?   	deeplegends/installer/ui	[no test files]
ok  	deeplegends/installer/uninstall	(cached)
[build 2026-10-04T09:17:37.698Z] installer-test: completed (0.1s)
[build 2026-10-04T09:17:37.732Z] installer-vet: started (0.0s)
[build 2026-10-04T09:17:37.917Z] installer-vet: completed (0.2s)
Public build: no embedded Riot API key; KR queries require RIOT_API_KEY at runtime.
[build 2026-10-04T09:17:37.951Z] source-fingerprint: started (0.0s)
[build 2026-10-04T09:17:38.029Z] source-fingerprint: completed (0.1s)
[build 2026-10-04T09:17:38.061Z] backend-build: started (0.0s)
[build 2026-10-04T09:17:41.703Z] backend-build: completed (3.6s)
[build 2026-10-04T09:17:41.736Z] backend-fingerprint: started (0.0s)
verified build fingerprint=ccd986308896
[build 2026-10-04T09:17:41.788Z] backend-fingerprint: completed (0.1s)
[build 2026-10-04T09:17:41.855Z] npm-ci: started (0.0s)
npm warn Unknown user config "scripts-prepend-node-path". This will stop working in the next major version of npm. See `npm help npmrc` for supported config options.
npm warn EBADENGINE Unsupported engine {
npm warn EBADENGINE   package: 'jsdom@30.0.1',
npm warn EBADENGINE   required: { node: '^22.22.2 || ^24.15.0 || >=26.0.0' },
npm warn EBADENGINE   current: { node: 'v24.14.1', npm: '11.11.0' }
npm warn EBADENGINE }
npm warn deprecated inflight@1.0.6: This module is not supported, and leaks memory. Do not use it. Check out lru-cache if you want a good and tested way to coalesce async requests by a key value, which is much more comprehensive and powerful.
npm warn deprecated rimraf@2.6.3: Rimraf versions prior to v4 are no longer supported
npm warn deprecated glob@7.2.3: Glob versions prior to v9 are no longer supported
npm warn deprecated boolean@3.2.0: Package no longer supported. Contact Support at https://www.npmjs.com/support for more info.

added 323 packages in 2s
[build 2026-10-04T09:17:44.030Z] npm-ci: completed (2.2s)
electron-cache: checking for a reusable Windows Electron archive
electron-cache: check completed
Reusing cached Electron distribution: /Users/ly/Library/Caches/electron/85f2b7422cd2141b6caa99bac0fc0658b0f22b533b571f6a2ec9a49f2ac23c0a/electron-v43.3.0-win32-x64.zip
[build 2026-10-04T09:17:46.769Z] uninstaller-shell: started (0.0s)
Uninstaller shell built: uninstall-shell.exe
[build 2026-10-04T09:17:46.989Z] uninstaller-shell: completed (0.2s)
[build 2026-10-04T09:17:47.020Z] nsis: started (0.0s)
npm warn Unknown user config "scripts-prepend-node-path". This will stop working in the next major version of npm. See `npm help npmrc` for supported config options.

> deep-legends-desktop@0.12.70 pack:win-setup
> electron-builder --win nsis --x64 --config.win.signExecutable=false --config.nsis.artifactName=Deep Legends Setup ${version}-public.${ext} --config.electronDist=/Users/ly/Library/Caches/electron/85f2b7422cd2141b6caa99bac0fc0658b0f22b533b571f6a2ec9a49f2ac23c0a/electron-v43.3.0-win32-x64.zip

  • electron-builder  version=26.15.7 os=27.0.0
  • loaded configuration  file=package.json ("build" field)
Setup compression: 7z level 9 (default 9)
  • executing @electron/rebuild  electronVersion=43.3.0 arch=x64 buildFromSource=false workspaceRoot=/Users/ly/personal/personal-work/deep-legends/desktop projectDir=./ appDir=./
  • installing native dependencies  arch=x64
  • completed installing native dependencies
  • packaging       platform=win32 arch=x64 electron=43.3.0 appOutDir=/Users/ly/personal/personal-work/deep-legends/dist/desktop/win-unpacked
  • using custom electronDist zip file  zipFile=/Users/ly/Library/Caches/electron/85f2b7422cd2141b6caa99bac0fc0658b0f22b533b571f6a2ec9a49f2ac23c0a/electron-v43.3.0-win32-x64.zip
  • searching for node modules  pm=npm searchDir=/Users/ly/personal/personal-work/deep-legends/desktop
  • no node modules found in collection, trying next search directory  pm=npm searchDir=/Users/ly/personal/personal-work/deep-legends/desktop
  • searching for node modules  pm=traversal searchDir=/Users/ly/personal/personal-work/deep-legends/desktop
  • using manual traversal of node_modules to build dependency tree
  • no node modules found in collection, trying next search directory  pm=traversal searchDir=/Users/ly/personal/personal-work/deep-legends/desktop
  • no node modules returned while searching directories  searchDirectories=[""]
  • updating asar integrity executable resource  executablePath=/Users/ly/personal/personal-work/deep-legends/dist/desktop/win-unpacked/Deep Legends.exe
  • file signing skipped via signExecutable configuration  file=/Users/ly/personal/personal-work/deep-legends/dist/desktop/win-unpacked/Deep Legends.exe
  • building        target=nsis file=/Users/ly/personal/personal-work/deep-legends/dist/desktop/Deep Legends Setup 0.12.70-public.exe archs=x64 oneClick=false perMachine=false
[build 2026-10-04T09:17:57.024Z] nsis: still running (10.0s)
[build 2026-10-04T09:18:07.025Z] nsis: still running (20.0s)
[build 2026-10-04T09:18:17.027Z] nsis: still running (30.0s)
[build 2026-10-04T09:18:27.029Z] nsis: still running (40.0s)
[build 2026-10-04T09:18:37.031Z] nsis: still running (50.0s)
[build 2026-10-04T09:18:47.032Z] nsis: still running (60.0s)
[build 2026-10-04T09:18:57.034Z] nsis: still running (70.0s)
[build 2026-10-04T09:19:07.035Z] nsis: still running (80.0s)
[build 2026-10-04T09:19:17.037Z] nsis: still running (90.0s)
[build 2026-10-04T09:19:27.045Z] nsis: still running (100.0s)
[build 2026-10-04T09:19:37.058Z] nsis: still running (110.0s)
[build 2026-10-04T09:19:47.059Z] nsis: still running (120.0s)
[build 2026-10-04T09:19:57.061Z] nsis: still running (130.0s)
  • file signing skipped via signExecutable configuration  file=/Users/ly/personal/personal-work/deep-legends/dist/desktop/Deep Legends Setup 0.12.70-public.__uninstaller.exe
  • file signing skipped via signExecutable configuration  file=/Users/ly/personal/personal-work/deep-legends/dist/desktop/Deep Legends Setup 0.12.70-public.exe
[build 2026-10-04T09:20:01.004Z] nsis: completed (134.0s)
[build 2026-10-04T09:20:01.045Z] installer-shell: started (0.0s)
Installer shell built: Deep Legends Setup 0.12.70-public.exe (348488023 installed bytes)
[build 2026-10-04T09:20:02.583Z] installer-shell: completed (1.5s)
[build 2026-10-04T09:20:02.615Z] packaged-runtime: started (0.0s)
packaged desktop runtime verified: backend-evidence.cjs, desktop-log.cjs, diagnostics-directory.cjs, diagnostics-export.cjs, main.cjs, preload.cjs, process-metrics.cjs, proxy-resolution.cjs, share-export.cjs, ui-scale.cjs, window-bounds-store.cjs, window-bounds.cjs
[build 2026-10-04T09:20:02.667Z] packaged-runtime: completed (0.1s)
[build 2026-10-04T09:20:02.700Z] packaged-fingerprint: started (0.0s)
verified build fingerprint=ccd986308896
[build 2026-10-04T09:20:02.751Z] packaged-fingerprint: completed (0.1s)
[build 2026-10-04T09:20:02.782Z] release-receipt: started (0.0s)
Build distribution verified: public · ccd986308896
[build 2026-10-04T09:20:03.285Z] release-receipt: completed (0.5s)
[build 2026-10-04T09:20:03.321Z] setup-checksum: started (0.0s)
[build 2026-10-04T09:20:03.764Z] setup-checksum: completed (0.4s)
[build 2026-10-04T09:20:03.800Z] unpacked-cleanup: started (0.0s)
[build 2026-10-04T09:20:03.883Z] unpacked-cleanup: completed (0.1s)
Setup build complete: Deep Legends Setup 0.12.70-public.exe
