✖ R206 local timeout is 4s and first error immediately queues a token-free remote candidate (53.29575ms)
ℹ tests 1
ℹ suites 0
ℹ pass 0
ℹ fail 1
ℹ cancelled 0
ℹ skipped 0
ℹ todo 0
ℹ duration_ms 505.8105

✖ failing tests:

test at ../../../../../private/var/folders/0n/pkflntvd76d53gtp1vj_n9gr0000gn/T/r206-local-timeout-e4l5tkil/backend/web/r206-collection-image.test.cjs:28:1
✖ R206 local timeout is 4s and first error immediately queues a token-free remote candidate (53.29575ms)
  AssertionError [ERR_ASSERTION]: Expected values to be strictly equal:
  
  10000 !== 4000
  
      at TestContext.<anonymous> (/private/var/folders/0n/pkflntvd76d53gtp1vj_n9gr0000gn/T/r206-local-timeout-e4l5tkil/backend/web/r206-collection-image.test.cjs:33:9)
      at Test.runInAsyncScope (node:async_hooks:228:14)
      at Test.run (node:internal/test_runner/test:1118:25)
      at Test.start (node:internal/test_runner/test:1015:17)
      at startSubtestAfterBootstrap (node:internal/test_runner/harness:358:17) {
    generatedMessage: true,
    code: 'ERR_ASSERTION',
    actual: 10000,
    expected: 4000,
    operator: 'strictEqual',
    diff: 'simple'
  }
