✔ R206 Worker forwards only the actual Riot GET route whitelist (20.69925ms)
✖ R206 Worker rejects arbitrary paths/hosts/methods without Riot I/O (1.16275ms)
✔ R206 Worker response caching honors category TTL and contains no identity cache keys (1.986625ms)
✔ R206 Worker per-IP limit rejects request 121 and allows another IP (12.096584ms)
✔ R206 Worker preserves Riot Retry-After and avoids same-path I/O during cooldown (0.978542ms)
✔ R206 Worker never exposes or logs its secret, including echoed upstream values (1.128042ms)
✔ R206 Worker fails closed without a secret or rate limiter (0.159208ms)
ℹ tests 7
ℹ suites 0
ℹ pass 6
ℹ fail 1
ℹ cancelled 0
ℹ skipped 0
ℹ todo 0
ℹ duration_ms 86.925791

✖ failing tests:

test at ../../../../../private/var/folders/0n/pkflntvd76d53gtp1vj_n9gr0000gn/T/r206-worker-mutation-cuha9ddu/worker.test.mjs:45:1
✖ R206 Worker rejects arbitrary paths/hosts/methods without Riot I/O (1.16275ms)
  AssertionError [ERR_ASSERTION]: /r/kr/lol/unknown
  
  200 !== 404
  
      at TestContext.<anonymous> (file:///private/var/folders/0n/pkflntvd76d53gtp1vj_n9gr0000gn/T/r206-worker-mutation-cuha9ddu/worker.test.mjs:48:12)
      at async Test.run (node:internal/test_runner/test:1125:7)
      at async Test.processPendingSubtests (node:internal/test_runner/test:787:7) {
    generatedMessage: false,
    code: 'ERR_ASSERTION',
    actual: 200,
    expected: 404,
    operator: 'strictEqual',
    diff: 'simple'
  }
