✖ R203 missing identity escapes at fifteen seconds across repeated shows and retries (58.35675ms)
ℹ tests 1
ℹ suites 0
ℹ pass 0
ℹ fail 1
ℹ cancelled 0
ℹ skipped 0
ℹ todo 0
ℹ duration_ms 411.807625

✖ failing tests:

test at backend/web/r203.test.cjs:23:1
✖ R203 missing identity escapes at fifteen seconds across repeated shows and retries (58.35675ms)
  AssertionError [ERR_ASSERTION]: Expected values to be strictly equal:

  false !== true

      at TestContext.<anonymous> (/Users/ly/personal/personal-work/deep-legends/backend/web/r203.test.cjs:24:331)
      at async Test.run (node:internal/test_runner/test:1125:7)
      at async startSubtestAfterBootstrap (node:internal/test_runner/harness:358:3) {
    generatedMessage: true,
    code: 'ERR_ASSERTION',
    actual: false,
    expected: true,
    operator: 'strictEqual',
    diff: 'simple'
  }
