[build 2026-10-03T10:00:10.834Z] cleanup: started (0.0s)
[build 2026-10-03T10:00:10.854Z] cleanup: completed (0.0s)
[build 2026-10-03T10:00:11.079Z] go-test: started (0.0s)
[go-test] discovered 1734 tests; running 5 shards
[go-test] shard 1/5: started (1 tests)
[go-test] shard 2/5: started (377 tests)
[go-test] shard 3/5: started (440 tests)
[go-test] shard 4/5: started (376 tests)
[go-test] shard 5/5: started (540 tests)
[build 2026-10-03T10:00:21.084Z] go-test: still running (10.0s)
[build 2026-10-03T10:00:31.086Z] go-test: still running (20.0s)
[build 2026-10-03T10:00:41.088Z] go-test: still running (30.0s)
[build 2026-10-03T10:00:51.090Z] go-test: still running (40.0s)
[build 2026-10-03T10:01:01.091Z] go-test: still running (50.0s)
ok  	lol-loot-assistant/backend	47.451s
[go-test] shard 3/5: completed (49.2s)
[build 2026-10-03T10:01:11.093Z] go-test: still running (60.0s)
ok  	lol-loot-assistant/backend	53.433s
[go-test] shard 4/5: completed (54.8s)
ok  	lol-loot-assistant/backend	55.467s
[go-test] shard 2/5: completed (57.0s)
[build 2026-10-03T10:01:21.094Z] go-test: still running (70.0s)
ok  	lol-loot-assistant/backend	61.108s
[go-test] shard 1/5: completed (62.4s)
[build 2026-10-03T10:01:31.095Z] go-test: still running (80.0s)
--- FAIL: TestR78PickableFailureStillSwapsBench (1.00s)
    r78_test.go:134: pickable failure prevented bench POST
FAIL
FAIL	lol-loot-assistant/backend	73.861s
FAIL
[go-test] shard 5/5: failed (exit 1, 75.1s)
[build 2026-10-03T10:01:34.755Z] go-test: failed: exit 1 (83.7s)
