[build 2026-10-03T10:03:55.637Z] cleanup: started (0.0s)
[build 2026-10-03T10:03:55.661Z] cleanup: completed (0.0s)
[build 2026-10-03T10:03:55.884Z] go-test: started (0.0s)
[go-test] discovered 1734 tests; running 5 shards
[go-test] shard 1/5: started (1 tests)
[go-test] shard 2/5: started (377 tests)
[go-test] shard 3/5: started (440 tests)
[go-test] shard 4/5: started (376 tests)
[go-test] shard 5/5: started (540 tests)
[build 2026-10-03T10:04:05.889Z] go-test: still running (10.0s)
[build 2026-10-03T10:04:15.890Z] go-test: still running (20.0s)
[build 2026-10-03T10:04:25.891Z] go-test: still running (30.0s)
[build 2026-10-03T10:04:35.892Z] go-test: still running (40.0s)
[build 2026-10-03T10:04:45.893Z] go-test: still running (50.0s)
ok  	lol-loot-assistant/backend	47.294s
[go-test] shard 3/5: completed (49.4s)
[build 2026-10-03T10:04:55.894Z] go-test: still running (60.0s)
ok  	lol-loot-assistant/backend	55.847s
[go-test] shard 4/5: completed (58.0s)
ok  	lol-loot-assistant/backend	60.953s
[go-test] shard 2/5: completed (62.8s)
ok  	lol-loot-assistant/backend	61.310s
[go-test] shard 1/5: completed (63.0s)
[build 2026-10-03T10:05:05.896Z] go-test: still running (70.0s)
ok  	lol-loot-assistant/backend	69.730s
[go-test] shard 5/5: completed (71.5s)
[build 2026-10-03T10:05:10.238Z] go-test: completed (74.4s)
[build 2026-10-03T10:05:10.276Z] go-vet: started (0.0s)
[build 2026-10-03T10:05:11.879Z] go-vet: completed (1.6s)
[build 2026-10-03T10:05:11.916Z] installer-test: started (0.0s)
ok  	deeplegends/installer	(cached)
ok  	deeplegends/installer/internal/webviewhost	(cached)
?   	deeplegends/installer/payload	[no test files]
?   	deeplegends/installer/ui	[no test files]
ok  	deeplegends/installer/uninstall	(cached)
[build 2026-10-03T10:05:12.049Z] installer-test: completed (0.1s)
[build 2026-10-03T10:05:12.089Z] installer-vet: started (0.0s)
[build 2026-10-03T10:05:12.332Z] installer-vet: completed (0.2s)
Public build: no embedded Riot API key; KR queries require RIOT_API_KEY at runtime.
[build 2026-10-03T10:05:12.366Z] source-fingerprint: started (0.0s)
[build 2026-10-03T10:05:12.444Z] source-fingerprint: completed (0.1s)
[build 2026-10-03T10:05:12.481Z] backend-build: started (0.0s)
[build 2026-10-03T10:05:16.066Z] backend-build: completed (3.6s)
[build 2026-10-03T10:05:16.101Z] backend-fingerprint: started (0.0s)
verified build fingerprint=c21482dba3c7
[build 2026-10-03T10:05:16.153Z] backend-fingerprint: completed (0.1s)
[build 2026-10-03T10:05:16.226Z] npm-ci: started (0.0s)
npm warn Unknown user config "scripts-prepend-node-path". This will stop working in the next major version of npm. See `npm help npmrc` for supported config options.
npm warn EBADENGINE Unsupported engine {
npm warn EBADENGINE   package: 'jsdom@30.0.1',
npm warn EBADENGINE   required: { node: '^22.22.2 || ^24.15.0 || >=26.0.0' },
npm warn EBADENGINE   current: { node: 'v24.14.1', npm: '11.11.0' }
npm warn EBADENGINE }
npm warn deprecated inflight@1.0.6: This module is not supported, and leaks memory. Do not use it. Check out lru-cache if you want a good and tested way to coalesce async requests by a key value, which is much more comprehensive and powerful.
npm warn deprecated rimraf@2.6.3: Rimraf versions prior to v4 are no longer supported
npm warn deprecated glob@7.2.3: Glob versions prior to v9 are no longer supported
npm warn deprecated boolean@3.2.0: Package no longer supported. Contact Support at https://www.npmjs.com/support for more info.

added 323 packages in 3s
[build 2026-10-03T10:05:19.477Z] npm-ci: completed (3.3s)
electron-cache: checking for a reusable Windows Electron archive
electron-cache: check completed
Reusing cached Electron distribution: /Users/ly/Library/Caches/electron/85f2b7422cd2141b6caa99bac0fc0658b0f22b533b571f6a2ec9a49f2ac23c0a/electron-v43.3.0-win32-x64.zip
[build 2026-10-03T10:05:22.333Z] uninstaller-shell: started (0.0s)
Uninstaller shell built: uninstall-shell.exe
[build 2026-10-03T10:05:22.553Z] uninstaller-shell: completed (0.2s)
[build 2026-10-03T10:05:22.586Z] nsis: started (0.0s)
npm warn Unknown user config "scripts-prepend-node-path". This will stop working in the next major version of npm. See `npm help npmrc` for supported config options.

> deep-legends-desktop@0.12.63 pack:win-setup
> electron-builder --win nsis --x64 --config.win.signExecutable=false --config.nsis.artifactName=Deep Legends Setup ${version}-public.${ext} --config.electronDist=/Users/ly/Library/Caches/electron/85f2b7422cd2141b6caa99bac0fc0658b0f22b533b571f6a2ec9a49f2ac23c0a/electron-v43.3.0-win32-x64.zip

  • electron-builder  version=26.15.7 os=27.0.0
  • loaded configuration  file=package.json ("build" field)
Setup compression: 7z level 9 (default 9)
  • executing @electron/rebuild  electronVersion=43.3.0 arch=x64 buildFromSource=false workspaceRoot=/Users/ly/personal/personal-work/deep-legends/desktop projectDir=./ appDir=./
  • installing native dependencies  arch=x64
  • completed installing native dependencies
  • packaging       platform=win32 arch=x64 electron=43.3.0 appOutDir=/Users/ly/personal/personal-work/deep-legends/dist/desktop/win-unpacked
  • using custom electronDist zip file  zipFile=/Users/ly/Library/Caches/electron/85f2b7422cd2141b6caa99bac0fc0658b0f22b533b571f6a2ec9a49f2ac23c0a/electron-v43.3.0-win32-x64.zip
  • searching for node modules  pm=npm searchDir=/Users/ly/personal/personal-work/deep-legends/desktop
  • no node modules found in collection, trying next search directory  pm=npm searchDir=/Users/ly/personal/personal-work/deep-legends/desktop
  • searching for node modules  pm=traversal searchDir=/Users/ly/personal/personal-work/deep-legends/desktop
  • using manual traversal of node_modules to build dependency tree
  • no node modules found in collection, trying next search directory  pm=traversal searchDir=/Users/ly/personal/personal-work/deep-legends/desktop
  • no node modules returned while searching directories  searchDirectories=[""]
  • updating asar integrity executable resource  executablePath=/Users/ly/personal/personal-work/deep-legends/dist/desktop/win-unpacked/Deep Legends.exe
  • file signing skipped via signExecutable configuration  file=/Users/ly/personal/personal-work/deep-legends/dist/desktop/win-unpacked/Deep Legends.exe
  • building        target=nsis file=/Users/ly/personal/personal-work/deep-legends/dist/desktop/Deep Legends Setup 0.12.63-public.exe archs=x64 oneClick=false perMachine=false
[build 2026-10-03T10:05:32.592Z] nsis: still running (10.0s)
[build 2026-10-03T10:05:42.595Z] nsis: still running (20.0s)
[build 2026-10-03T10:05:52.596Z] nsis: still running (30.0s)
[build 2026-10-03T10:06:02.596Z] nsis: still running (40.0s)
[build 2026-10-03T10:06:12.597Z] nsis: still running (50.0s)
[build 2026-10-03T10:06:22.599Z] nsis: still running (60.0s)
[build 2026-10-03T10:06:32.601Z] nsis: still running (70.0s)
[build 2026-10-03T10:06:42.601Z] nsis: still running (80.0s)
[build 2026-10-03T10:06:52.603Z] nsis: still running (90.0s)
[build 2026-10-03T10:07:02.604Z] nsis: still running (100.0s)
[build 2026-10-03T10:07:12.606Z] nsis: still running (110.0s)
[build 2026-10-03T10:07:22.609Z] nsis: still running (120.0s)
  • file signing skipped via signExecutable configuration  file=/Users/ly/personal/personal-work/deep-legends/dist/desktop/Deep Legends Setup 0.12.63-public.__uninstaller.exe
  • file signing skipped via signExecutable configuration  file=/Users/ly/personal/personal-work/deep-legends/dist/desktop/Deep Legends Setup 0.12.63-public.exe
[build 2026-10-03T10:07:28.697Z] nsis: completed (126.1s)
[build 2026-10-03T10:07:28.738Z] installer-shell: started (0.0s)
Installer shell built: Deep Legends Setup 0.12.63-public.exe (348301249 installed bytes)
[build 2026-10-03T10:07:30.279Z] installer-shell: completed (1.5s)
[build 2026-10-03T10:07:30.312Z] packaged-runtime: started (0.0s)
packaged desktop runtime verified: backend-evidence.cjs, desktop-log.cjs, diagnostics-directory.cjs, diagnostics-export.cjs, main.cjs, preload.cjs, process-metrics.cjs, proxy-resolution.cjs, share-export.cjs, ui-scale.cjs, window-bounds-store.cjs, window-bounds.cjs
[build 2026-10-03T10:07:30.371Z] packaged-runtime: completed (0.1s)
[build 2026-10-03T10:07:30.404Z] packaged-fingerprint: started (0.0s)
verified build fingerprint=c21482dba3c7
[build 2026-10-03T10:07:30.460Z] packaged-fingerprint: completed (0.1s)
[build 2026-10-03T10:07:30.493Z] release-receipt: started (0.0s)
Build distribution verified: public · c21482dba3c7
[build 2026-10-03T10:07:30.974Z] release-receipt: completed (0.5s)
[build 2026-10-03T10:07:31.010Z] setup-checksum: started (0.0s)
[build 2026-10-03T10:07:31.466Z] setup-checksum: completed (0.5s)
[build 2026-10-03T10:07:31.500Z] unpacked-cleanup: started (0.0s)
[build 2026-10-03T10:07:31.522Z] unpacked-cleanup: completed (0.0s)
Setup build complete: Deep Legends Setup 0.12.63-public.exe
