=== RUN   TestR104ColdStartupDripProtectsForegroundTwentyMatches
    r104_test.go:206: R252_R104 stage=directory_start elapsed_ms=4
    r104_test.go:206: R252_R104 stage=directory_returned elapsed_ms=904
    r104_test.go:206: R252_R104 stage=await_worker_wait elapsed_ms=904
    r104_test.go:206: R252_R104 stage=worker_wait_enter elapsed_ms=917
    r104_test.go:206: R252_R104 stage=worker_wait_observed elapsed_ms=917
    r104_test.go:206: R252_R104 stage=await_worker_wait elapsed_ms=917
    r104_test.go:206: R252_R104 stage=worker_tick elapsed_ms=917
    r104_test.go:232: R252_R104 transport=account background=true bg=1 fg=0 elapsed_ms=923
    r104_test.go:232: R252_R104 transport=account background=true bg=2 fg=0 elapsed_ms=969
    r104_test.go:232: R252_R104 transport=ids background=true bg=3 fg=0 elapsed_ms=977
    r104_test.go:232: R252_R104 transport=detail background=true bg=4 fg=0 elapsed_ms=1001
    r104_test.go:206: R252_R104 stage=worker_wait_enter elapsed_ms=1022
    r104_test.go:206: R252_R104 stage=worker_wait_observed elapsed_ms=1022
    r104_test.go:206: R252_R104 stage=foreground_fifo_held elapsed_ms=1022
    r104_test.go:206: R252_R104 stage=foreground_start elapsed_ms=1022
    r104_test.go:206: R252_R104 stage=await_worker_wait elapsed_ms=1023
    r104_test.go:206: R252_R104 stage=worker_tick elapsed_ms=1023
    r104_test.go:206: R252_R104 stage=worker_wait_enter elapsed_ms=1028
    r104_test.go:206: R252_R104 stage=worker_wait_observed elapsed_ms=1028
    r104_test.go:206: R252_R104 stage=foreground_fifo_released elapsed_ms=1028
    r104_test.go:232: R252_R104 transport=account background=false bg=4 fg=1 elapsed_ms=1028
    r104_test.go:232: R252_R104 transport=account background=false bg=4 fg=2 elapsed_ms=1036
    r104_test.go:232: R252_R104 transport=account background=false bg=4 fg=4 elapsed_ms=1036
    r104_test.go:232: R252_R104 transport=account background=false bg=4 fg=5 elapsed_ms=1036
    r104_test.go:232: R252_R104 transport=ids background=false bg=4 fg=3 elapsed_ms=1036
    r104_test.go:232: R252_R104 transport=detail background=false bg=4 fg=6 elapsed_ms=1115
    r104_test.go:232: R252_R104 transport=detail background=false bg=4 fg=7 elapsed_ms=1115
    r104_test.go:232: R252_R104 transport=detail background=false bg=4 fg=10 elapsed_ms=1115
    r104_test.go:232: R252_R104 transport=detail background=false bg=4 fg=12 elapsed_ms=1115
    r104_test.go:232: R252_R104 transport=detail background=false bg=4 fg=11 elapsed_ms=1115
    r104_test.go:232: R252_R104 transport=detail background=false bg=4 fg=9 elapsed_ms=1115
    r104_test.go:232: R252_R104 transport=detail background=false bg=4 fg=8 elapsed_ms=1115
    r104_test.go:232: R252_R104 transport=detail background=false bg=4 fg=13 elapsed_ms=1116
    r104_test.go:232: R252_R104 transport=detail background=false bg=4 fg=14 elapsed_ms=1138
    r104_test.go:232: R252_R104 transport=detail background=false bg=4 fg=15 elapsed_ms=1170
    r104_test.go:232: R252_R104 transport=detail background=false bg=4 fg=16 elapsed_ms=1176
    r104_test.go:232: R252_R104 transport=detail background=false bg=4 fg=17 elapsed_ms=1195
    r104_test.go:232: R252_R104 transport=detail background=false bg=4 fg=18 elapsed_ms=1215
    r104_test.go:232: R252_R104 transport=detail background=false bg=4 fg=19 elapsed_ms=1222
    r104_test.go:232: R252_R104 transport=detail background=false bg=4 fg=20 elapsed_ms=1246
    r104_test.go:232: R252_R104 transport=detail background=false bg=4 fg=21 elapsed_ms=1254
    r104_test.go:232: R252_R104 transport=detail background=false bg=4 fg=22 elapsed_ms=1275
    r104_test.go:232: R252_R104 transport=detail background=false bg=4 fg=23 elapsed_ms=1291
    r104_test.go:232: R252_R104 transport=detail background=false bg=4 fg=24 elapsed_ms=1297
    r104_test.go:232: R252_R104 transport=detail background=false bg=4 fg=25 elapsed_ms=1306
    r104_test.go:206: R252_R104 stage=foreground_returned elapsed_ms=1436
    r104_test.go:206: R252_R104 stage=worker_stopped elapsed_ms=1436
    r104_test.go:361: cold startup: 0 Riot; first minute: 4 background; second minute yields; foreground: 20/20, 25 requests
--- PASS: TestR104ColdStartupDripProtectsForegroundTwentyMatches (1.48s)
PASS
