TAP version 13
# Subtest: R210 log replay clears ten ended players immediately in Lobby and rejects old None roster
not ok 1 - R210 log replay clears ten ended players immediately in Lobby and rejects old None roster
  ---
  duration_ms: 95.539584
  type: 'test'
  location: '/Users/ly/personal/personal-work/deep-legends/backend/web/r210.test.cjs:82:1'
  failureType: 'testCodeFailure'
  error: |-
    Expected values to be strictly equal:
    
    10 !== 0
    
  code: 'ERR_ASSERTION'
  name: 'AssertionError'
  expected: 0
  actual: 10
  operator: 'strictEqual'
  stack: |-
    TestContext.<anonymous> (/Users/ly/personal/personal-work/deep-legends/backend/web/r210.test.cjs:88:47)
    async Test.run (node:internal/test_runner/test:1125:7)
    async startSubtestAfterBootstrap (node:internal/test_runner/harness:358:3)
  ...
1..1
# tests 1
# suites 0
# pass 0
# fail 1
# cancelled 0
# skipped 0
# todo 0
# duration_ms 440.369792
