TAP version 13
# Subtest: R210 Riot Key is the third row with help, an embedded reveal button and shared field styles
ok 1 - R210 Riot Key is the third row with help, an embedded reveal button and shared field styles
  ---
  duration_ms: 126.549959
  type: 'test'
  ...
# Subtest: R210 real settings events toggle visibility and save an empty masked field without echo
ok 2 - R210 real settings events toggle visibility and save an empty masked field without echo
  ---
  duration_ms: 134.334167
  type: 'test'
  ...
# Subtest: R210 log replay clears ten ended players immediately in Lobby and rejects old None roster
ok 3 - R210 log replay clears ten ended players immediately in Lobby and rejects old None roster
  ---
  duration_ms: 29.611
  type: 'test'
  ...
# Subtest: R210 phase exit fences an in-flight EndOfGame response and subsequent stale end snapshot
ok 4 - R210 phase exit fences an in-flight EndOfGame response and subsequent stale end snapshot
  ---
  duration_ms: 16.713375
  type: 'test'
  ...
1..4
# tests 4
# suites 0
# pass 4
# fail 0
# cancelled 0
# skipped 0
# todo 0
# duration_ms 834.752291
