✔ R117 image queue exports a five-slot cap and keeps successful URL remounts behind admission (137.87825ms)
✔ R117 browser guard reads the production image limit and keeps the twelve-image starvation fixture (1.368417ms)
✔ R117 core frontend contracts remain wired to visible degradation and diagnostics (10.222334ms)
✔ R117 item set skip diagnostics execute in both rejected branches (1.937125ms)
✔ R117 real Chromium guards are wired into CI and cannot silently skip (18.991708ms)
✔ R117 section loader waits for page styles before module execution (0.556917ms)
✔ R117 app installation lookup is singleflight and hidden SSE slices flush once on resume (7.332208ms)
✔ R204 Key input is masked and save/clear immediately update status without echo (177.417083ms)
✔ R204 dialog-restored pointer focus hides tooltip while keyboard and hover show it (25.241708ms)
✔ R204 update icon and close controls use shared sizes (31.372166ms)
✔ R204 incremental roster rejects old requests/games/phases and shows a ready player before others (2.627459ms)
✔ R204 missing/invalid Key renders only its title and working settings navigation (160.587417ms)
✔ R204 same-game pending incremental rows retain known history during background refresh (1.712167ms)
✔ R204 pending progress does not reuse history across unknown games or changed identity scope (8.206208ms)
✔ R210 Riot Key is the third row with help, an embedded reveal button and shared field styles (176.536625ms)
✔ R210 real settings events toggle visibility and save an empty masked field without echo (204.215667ms)
✔ R210 log replay clears ten ended players immediately in Lobby and rejects old None roster (46.641042ms)
✔ R210 phase exit fences an in-flight EndOfGame response and subsequent stale end snapshot (24.894917ms)
ℹ tests 18
ℹ suites 0
ℹ pass 18
ℹ fail 0
ℹ cancelled 0
ℹ skipped 0
ℹ todo 0
ℹ duration_ms 1112.177875
