TAP version 13
# Subtest: R117 CSS variables resolve, including fallback references
ok 1 - R117 CSS variables resolve, including fallback references
  ---
  duration_ms: 2.714709
  type: 'test'
  ...
# Subtest: R117 token colors have one source definition and no bypass drift
ok 2 - R117 token colors have one source definition and no bypass drift
  ---
  duration_ms: 9.325292
  type: 'test'
  ...
# Subtest: R117 confirmed dead classes are absent while dynamic loot-table stays guarded
ok 3 - R117 confirmed dead classes are absent while dynamic loot-table stays guarded
  ---
  duration_ms: 0.11775
  type: 'test'
  ...
# Subtest: R117 CSS budgets do not exceed the audited baseline
ok 4 - R117 CSS budgets do not exceed the audited baseline
  ---
  duration_ms: 1.463916
  type: 'test'
  ...
# Subtest: R117 repeated token hexes and unreferenced class names stay within the audited baseline
ok 5 - R117 repeated token hexes and unreferenced class names stay within the audited baseline
  ---
  duration_ms: 24.81925
  type: 'test'
  ...
# Subtest: R117 duplicate declaration groups stay within the audited baseline
ok 6 - R117 duplicate declaration groups stay within the audited baseline
  ---
  duration_ms: 8.924708
  type: 'test'
  ...
# Subtest: R210 Riot Key is the third row with help, an embedded reveal button and shared field styles
ok 7 - R210 Riot Key is the third row with help, an embedded reveal button and shared field styles
  ---
  duration_ms: 94.736458
  type: 'test'
  ...
# Subtest: R210 real settings events toggle visibility and save an empty masked field without echo
ok 8 - R210 real settings events toggle visibility and save an empty masked field without echo
  ---
  duration_ms: 137.299083
  type: 'test'
  ...
# Subtest: R210 log replay clears ten ended players immediately in Lobby and rejects old None roster
ok 9 - R210 log replay clears ten ended players immediately in Lobby and rejects old None roster
  ---
  duration_ms: 31.345
  type: 'test'
  ...
# Subtest: R210 phase exit fences an in-flight EndOfGame response and subsequent stale end snapshot
ok 10 - R210 phase exit fences an in-flight EndOfGame response and subsequent stale end snapshot
  ---
  duration_ms: 16.123875
  type: 'test'
  ...
1..10
# tests 10
# suites 0
# pass 10
# fail 0
# cancelled 0
# skipped 0
# todo 0
# duration_ms 621.624292
