TAP version 13
# Subtest: R207 cache cleared during unchanged polling recovers from render with single flight and failure backoff
not ok 1 - R207 cache cleared during unchanged polling recovers from render with single flight and failure backoff
  ---
  duration_ms: 71.918084
  type: 'test'
  location: '/Users/ly/personal/personal-work/deep-legends/backend/web/r207.test.cjs:65:1'
  failureType: 'testCodeFailure'
  error: |-
    Expected values to be strictly equal:
    
    0 !== 1
    
  code: 'ERR_ASSERTION'
  name: 'AssertionError'
  expected: 1
  actual: 0
  operator: 'strictEqual'
  stack: |-
    TestContext.<anonymous> (/Users/ly/personal/personal-work/deep-legends/backend/web/r207.test.cjs:68:78)
    Test.runInAsyncScope (node:async_hooks:228:14)
    Test.run (node:internal/test_runner/test:1118:25)
    Test.start (node:internal/test_runner/test:1015:17)
    startSubtestAfterBootstrap (node:internal/test_runner/harness:358:17)
  ...
1..1
# tests 1
# suites 0
# pass 0
# fail 1
# cancelled 0
# skipped 0
# todo 0
# duration_ms 402.907916
