TAP version 13
# Subtest: R207 log replay ChampSelect → GameStart → gameflow → named live-client spells keeps real build and augments
ok 1 - R207 log replay ChampSelect → GameStart → gameflow → named live-client spells keeps real build and augments
  ---
  duration_ms: 82.583209
  type: 'test'
  ...
# Subtest: R207 drift fallback renders same-game successful cache and starts only one exact none request
ok 2 - R207 drift fallback renders same-game successful cache and starts only one exact none request
  ---
  duration_ms: 26.788583
  type: 'test'
  ...
# Subtest: R207 cache cleared during unchanged polling recovers from render with single flight and failure backoff
ok 3 - R207 cache cleared during unchanged polling recovers from render with single flight and failure backoff
  ---
  duration_ms: 16.547917
  type: 'test'
  ...
# Subtest: R207 gameId 0 wobble preserves cache; restored known different game resets
ok 4 - R207 gameId 0 wobble preserves cache; restored known different game resets
  ---
  duration_ms: 9.710917
  type: 'test'
  ...
# Subtest: R207 Classic spell changes retain original exact request and query; special modes freeze only after select
ok 5 - R207 Classic spell changes retain original exact request and query; special modes freeze only after select
  ---
  duration_ms: 41.556458
  type: 'test'
  ...
# Subtest: R207 empty diagnostics have complete fields and same-game same-key maximum five
ok 6 - R207 empty diagnostics have complete fields and same-game same-key maximum five
  ---
  duration_ms: 11.092958
  type: 'test'
  ...
# Subtest: R207 same champion in a new game cannot inherit prior fallback or spell pair
ok 7 - R207 same champion in a new game cannot inherit prior fallback or spell pair
  ---
  duration_ms: 9.562833
  type: 'test'
  ...
# Subtest: R207 initially missing gameId adopts its known scope and partial select spell IDs do not replace valid pair
ok 8 - R207 initially missing gameId adopts its known scope and partial select spell IDs do not replace valid pair
  ---
  duration_ms: 8.26875
  type: 'test'
  ...
1..8
# tests 8
# suites 0
# pass 8
# fail 0
# cancelled 0
# skipped 0
# todo 0
# duration_ms 684.354291
