✔ flow render diagnostics follow displayed data and explain skipped mounts (5.139541ms)
✔ flow loader logs invalid response without inventing an idle state (3.682458ms)
✔ 2351 failed current game probe does not render a misleading status row (10.143541ms)
✔ manual roster retry reaches the backend and diagnostics without exporting identity (2.853417ms)
✔ 2326 manual and automatic current-game failures retain their own trigger (5.462083ms)
✔ R68 specialist request uses OPGG-resolved position unless the user overrides it (11.216834ms)
✔ R68 live insight labels are relative to the current player's absolute team (61.28ms)
✔ live insight sorts both teams by known positions while retaining duplicate order (4.199792ms)
✔ live insight keeps current-player highlight after position ordering (59.936833ms)
✔ R68 rendered-roster diagnostic carries queueId and absolute counts (2.706292ms)
✔ R68 gameplay mutation probes execute real position and team logic (130.237125ms)
✔ R69 premade tags distinguish direct session groups from inferred groups (7.020583ms)
✔ R69 history rows distinguish unavailable failed empty and pending states (18.651542ms)
✔ live detail shows at most ten newest recent games (9.460792ms)
✔ R69 current-position chip preserves client position and discloses specialist fallback (12.632625ms)
✔ R71 ranked recent-position samples stay inside the player card, without an extra grid row (467.482333ms)
✔ R72 role badges use explicit lane names, deduplicate and hide unknown or empty samples (3.375417ms)
✔ R73 demo ranked players expose recent-position samples used by role badges (0.146833ms)
✔ R73 classic ranked details stay side-by-side at medium widths and safely stack only when narrow (0.770542ms)
✔ OPGG season query is tab-scoped, single-flight and never reloads Riot history (1.894ms)
✔ OPGG late response cannot overwrite another account and failure has no crawl fallback (3.699125ms)
✔ OPGG career rendering uses full season total and only the matching KR tab (2.696291ms)
✔ current-game queries are single-flight, account scoped, and reject late identity changes (2.651542ms)
✔ R75 pro target is independent of specialist rankings and rejects non-SR modes (6.436833ms)
✔ R75 pro rows use shared game renderer, neutral unknown, real event and sample threshold (23.605708ms)
✔ R171 spell pairs stay with their own rune source and require two verified IDs (7.814958ms)
✔ R171 apply optionally writes the selected source's spells and reports partial success (7.989208ms)
✔ R171 rune card shows OPGG spells once and only complete specialist rows (14.510083ms)
✔ R75 incomplete pro disables actual action markup and refuses POST (12.231583ms)
✔ R75 async pro retains marked cache on failure and prevents old generation overwrite (8.081709ms)
✔ R76 pro degradation uses game failure ratio, not a nonempty reason (10.286625ms)
✔ pro tabs keep every player and display latest five games per player without relative dates (14.221083ms)
✔ rune source order is OPGG, professional, specialist with no specialist subtitle (4.845333ms)
✔ professional request follows the displayed position and explicit selection wins over fallback (3.360666ms)
✔ unknown pro outcomes are not presented as a zero-game performance record (5.00825ms)
✔ cached overview re-enters independent season and current-game loaders without requesting history (4.031583ms)
✔ live specialist overview uses full identity without merging tags or enabling tournament names (14.154916ms)
✔ TheShy Camille official eight-perk response shows known shards without inventing slots (5.37375ms)
✔ KR unavailable season never renders recent20 as champion season statistics (2.23575ms)
✔ resolved repeated pro shards render in both legal rows, not in the bottom strip (5.564ms)
✔ R167 lane card renders only a locked enemy in the current player's lane (38.615583ms)
✔ R167 lane card tells a same-lane teammate apart from the real enemy when isAlly is falsy for both (26.493167ms)
✔ R167 candidate request uses the enemy champion, current lane and tier, once per mapping (29.514375ms)
✔ R168 candidate failure and skipped context emit distinguishable diagnostics (38.25275ms)
✔ R117 rank win-rate degradation is disclosed on screen, not only set on the backend (2.813167ms)
✔ R173 rune equipment places opening items, divider and seven final slots in exact order (13.630208ms)
✔ R173 absent opening items retains byte-identical final equipment markup (4.831333ms)
✔ R173 delayed equipment patch preserves row identity, order and selected state (15.509792ms)
✔ R173 second stage loads only visible rows and leaves rune list available while pending (17.958167ms)
✔ R173 optional failure and previous game response leave current equipment unchanged (17.271125ms)
✔ R173 a refreshed pro list retains completed opening items without affecting source order (2.540333ms)
✔ R174 equipment then spells are direct children and spells contain only two icons (18.6165ms)
✔ R174 opening inventory and divider precede final inventory and rightmost spells (11.422958ms)
✔ R174 invalid or absent spell pair retains byte-identical equipment markup (4.914875ms)
✔ R174 spells without final inventory render one right-aligned container without labels or empty group (11.200917ms)
✔ R174 full specialist and pro templates have no standalone spell row (28.360542ms)
✔ R174 async opening inventory replacement preserves rightmost spell pair and selected rows (19.842ms)
✔ R174 standalone spell renderer remains byte-identical; R179 inventory keeps a fixed height (4.721417ms)
✔ R177 starter rate hint retries at eight seconds twice and keeps one flight (30.413083ms)
✔ R177 starter waiting retry rejects a new generation source target or invisible page (225.0435ms)
✔ R177 starter no quota hint or network failure never schedules a retry (52.926458ms)
✔ R177 starter retry success patches opening items and retains rightmost R174 spells (27.51325ms)
✔ R177 unique unknown enemy lane produces a card and caches champion tier shares (26.4395ms)
✔ R177 competing lane shares require half and double advantage or remain ambiguous (123.404542ms)
✔ R177 known enemy position wins over conflicting cached inference without lane requests (24.942083ms)
✔ R177 missing competitor shares or failed provider cannot invent an enemy lane (97.258041ms)
✔ R177 unavailable diagnostics follow shape changes and cap at twenty per game (25.700459ms)
✔ R177 a pending timed retry stays single flight and a source switch cancels it (26.996417ms)
✔ R177 partial starter patches do not create a fresh retry budget for remaining rows (33.832333ms)
✔ R202 current mode ten games render the true count and ten history blocks (35.756625ms)
✔ R207 log replay ChampSelect → GameStart → gameflow → named live-client spells keeps real build and augments (112.257041ms)
✔ R207 drift fallback renders same-game successful cache and starts only one exact none request (37.908333ms)
✔ R207 cache cleared during unchanged polling recovers from render with single flight and failure backoff (25.608458ms)
✔ R207 gameId 0 wobble preserves cache; restored known different game resets (12.483125ms)
✔ R207 Classic spell changes retain original exact request and query; special modes freeze only after select (51.716375ms)
✔ R207 empty diagnostics have complete fields and same-game same-key maximum five (13.595125ms)
ℹ tests 76
ℹ suites 0
ℹ pass 76
ℹ fail 0
ℹ cancelled 0
ℹ skipped 0
ℹ todo 0
ℹ duration_ms 2114.308833
