TAP version 13
# Subtest: R207 gameId 0 wobble preserves cache; restored known different game resets
not ok 1 - R207 gameId 0 wobble preserves cache; restored known different game resets
  ---
  duration_ms: 68.203958
  type: 'test'
  location: '/Users/ly/personal/personal-work/deep-legends/backend/web/r207.test.cjs:73:1'
  failureType: 'testCodeFailure'
  error: |-
    Expected values to be strictly equal:
    
    1 !== 0
    
  code: 'ERR_ASSERTION'
  name: 'AssertionError'
  expected: 0
  actual: 1
  operator: 'strictEqual'
  stack: |-
    TestContext.<anonymous> (/Users/ly/personal/personal-work/deep-legends/backend/web/r207.test.cjs:77:59)
    async Test.run (node:internal/test_runner/test:1125:7)
    async startSubtestAfterBootstrap (node:internal/test_runner/harness:358:3)
  ...
1..1
# tests 1
# suites 0
# pass 0
# fail 1
# cancelled 0
# skipped 0
# todo 0
# duration_ms 389.988958
