✔ R232 generated digest detects replaced backend without adjacent checksum trust (18.99175ms)
✔ confirmed child close traverses main IPC + preload + renderer, offers a real app restart (283.306667ms)
✔ process exit before renderer subscription is recovered from retained snapshot (65.129417ms)
✔ late successful status and old running snapshot cannot erase a confirmed exit (91.602166ms)
✔ unknown, absent or rejected bridge and repeated HTTP errors never prove death (95.940625ms)
✔ lifecycle bridge cleans listeners and ignores async results after disposal (16.221792ms)
✔ graceful update/user shutdown does not publish fatal; foreign renderers cannot query or restart (2.558625ms)
✔ renderer bootstrap actually installs lifecycle subscription (0.339917ms)
✔ restart IPC failure tells the user to reopen manually instead of reloading a dead service (38.758167ms)
✔ R201 installer ready hides every window before flushed shutdown quits (1.646458ms)
✔ built backend must contain the exact source fingerprint (1.621292ms)
✔ R70 fingerprint tracks embedded assets/build inputs but excludes tests and generated binaries (2692.965292ms)
✔ R86 ADD2 fingerprint fixture prunes large caches without changing the fingerprint (1982.850042ms)
ℹ {"unfiltered":{"milliseconds":486.17308300000013,"files":1071,"bytes":21127288},"filtered":{"milliseconds":456.93925000000036,"files":553,"bytes":20990072},"fingerprint":"0f5fbc18fd17"}
✔ R86 desktop logs stay within five two-MiB generations and export only reviewed fields (1109.159208ms)
✔ R86 desktop rotation rejects untrusted archive paths without deleting evidence (1.963916ms)
✔ R86 desktop log byte guard rejects an independent unbounded append path (7.697833ms)
✔ one event card preserves separate choice owners, partial selection, failures and POST keys (509.14175ms)
✔ offline national group remains reachable from a pro tab (2.201834ms)
✔ ordinary and centered artwork use different face coordinates, including load failure (302.935875ms)
✔ unknown reward quantities are not manufactured as one (0.625333ms)
✔ 2024 real mode buttons isolate champion and search memories across all modes and reload (326.634583ms)
✔ 2024 legacy memory migrates only to its saved mode, once (77.422833ms)
✔ 2024 fast ranked filters supersede requests without stuck loading or cross-mode writes (8.480542ms)
✔ 2024 neutral glyph coloring preserves alpha and never recolors colored/opaque/unknown art (31.020333ms)
✔ 2024 rarity UI says selection distribution, retains all stages, hides failed empty data (7.668708ms)
✔ R86 search keeps the input and exposes all-position request failures (79.588042ms)
✔ 2135 actual search buttons clear submitted fields, keep invalid input, and retain new typing (1000.660208ms)
✔ 2135 glyph tone map preserves dark rim, raises highlights, and retains original colored artwork (6.48175ms)
✔ 2244 skill summary uses real main/sub priorities after R, without repeated labels (202.016959ms)
✔ 2244 banner exact animation, no video for unknown skin or reduced motion (27.638291ms)
✔ event cards group presentation but retain all entitlement rows; unknown events stay separate (99.05075ms)
✔ 2244 installer uses the actual STM_SETIMAGE constant and distribution is automatic (1.124208ms)
✔ R87 diagnostics support an optional independent export directory with bounded collision-free names (2.398708ms)
✔ R71 diagnostics do not redirect foreign downloads, redirects, or missing directory selections (0.296041ms)
✔ R71 interrupted downloads release reservations and the hook is packaged and disposed (4.562709ms)
✔ only completed diagnostics downloads enable opening the exported file folder (2.014584ms)
✔ R87 P8 first export and unusable directories still report the actual Save dialog path (3.013333ms)
✔ R87 P8 cancellation, invalid save paths and disposed windows never emit completion (0.244333ms)
✔ R112 correlated exports preserve IDs and still reject foreign/redirected query URLs (0.312042ms)
✔ R248 disabled first frame never waits for authorization and hides expiry (431.840833ms)
✔ R248 default native gate allows IPC without status requests (1.32325ms)
✔ R248 default release rejects both authorization origins (3.299042ms)
✔ R205 upgrade command preserves NSIS shortcut retention and uses the same registry identity (11.531791ms)
✔ N-1 every visible custom text control receives font (0.335709ms)
✔ N-2 MUI branding stays hidden (0.170792ms)
✔ N-3 instfiles hook scoped to preceding custom page (0.098875ms)
✔ N-4 stock headers never reappear (0.095625ms)
✔ N-5 gold progress uses BGR (0.086208ms)
✔ N-6 buttons stay stock and sit on a light footer instead of unreadable dark (0.134167ms)
✔ N-7 progress track colour has visible contrast against the page background (0.06125ms)
✔ N-8 Core fallback keeps stock system styling (0.103958ms)
✔ N-9 finish page hides the wizard before the blocking launch call (0.140625ms)
✔ R74 installer opts out of bitmap DPI virtualization and has a visible progress track (0.126291ms)
✔ R80 customInstall swaps the executable without changing registry or removal logic (0.116625ms)
✔ R74 Browse appends Deep Legends once without creating directories prematurely (0.078375ms)
✔ N-1..5 mutation guards reject each broken contract (5.968167ms)
✔ 2135 white setup and larger native text/icons without bitmap scaling (0.411792ms)
✔ R212 generated app-running paths skip PowerShell only after confirmed upgrade exit (2.686834ms)
✔ R212 real onInit template records its first instruction and repeated probes declare one variable (5.775875ms)
✔ R212 mutation rejects unconditional PowerShell and updated uninstaller checks (2.702625ms)
✔ installer build embeds the actual NSIS artifact and publishes only a verified GUI shell (5.541916ms)
✔ installer build cleans payload and rejects compiler (9.781041ms)
✔ installer build cleans payload and rejects missing-payload (3.692041ms)
✔ installer build cleans payload and rejects wrong-format (3.809208ms)
✔ public installer shell uses the public NSIS artifact (7.310459ms)
✔ both release entry points wrap NSIS before hashes and before deleting win-unpacked (0.499333ms)
✔ small uninstaller builds independently before NSIS without embedding payload (4.13375ms)
✔ uninstaller build removes partial artifact after compiler (7.898208ms)
✔ uninstaller build removes partial artifact after payload (60.120958ms)
✔ uninstaller build removes partial artifact after invalid PE (3.711333ms)
✔ uninstaller design supports retain/delete data, every bridge request and all progress states (522.36375ms)
✔ installer design executes all bridge interactions, terms, progress and failure without changing layout (487.189959ms)
✔ installer reports ready only after real template initialization with inline state (830.748459ms)
✔ installer reports script failure instead of readiness after broken application bootstrap (80.491417ms)
✔ uninstaller reports ready only after real template initialization with inline state (134.203666ms)
✔ uninstaller reports script failure instead of readiness after broken application bootstrap (29.086458ms)
✔ R86 ADD-1 card detail, metric, legacy damage controls and timeline stay local at 200 matches (29106.98325ms)
✔ 总览战绩卡：点击展开按钮只替换目标卡片并可收起 (28626.067792ms)
✔ R222 external card detail, metric and timeline stay local at 200 matches (39598.6565ms)
✔ R86 filtering 200 loaded matches hides entries without rebuilding or refetching (22093.574ms)
✔ R86 image listeners and tab scroll remain bounded including independent image-listener bypass (34409.817833ms)
✔ R86 ADD-1 late timeline cannot reveal a filtered-out card (22794.498292ms)
✔ R59 生涯头衔读取对象名称且绝不显示原始 UUID (218.118667ms)
✔ R59 生涯预览完整渲染时不泄漏 playerTitleSelected UUID (4007.666916ms)
✔ R60 生涯事件刷新头衔、保护脏草稿且不在其它页签后台请求 (6151.750958ms)
✔ R65 生涯事件 20 连发只请求一次、仅时间戳变化不重建且按压期间不丢点击 (5141.605083ms)
✔ R64 生涯皮肤与身份控件局部更新，皮肤图片延迟解码 (3348.788416ms)
✔ R64 生涯头衔和勋章仅在真实值上使用强调色 (3273.550792ms)
✔ R60 生涯勋章缺失槽位稳定回退为未设置 (11.560083ms)
✔ R58 生涯英雄长下拉支持别名搜索，短下拉不显示搜索框 (3357.690708ms)
✔ R58 生涯空皮肤刷新保留草稿并在数据补齐后恢复 (5377.031167ms)
✔ 顶部重新读取实际刷新生涯并丢弃未应用预览 (3278.090708ms)
✔ R222 all four independent full-render mutants reject the DOM guard (11236.698458ms)
✔ R86 hero search preserves input and coalesces five keystrokes (including bypass mutation) (7059.966375ms)
✔ R86 tools fetch only active tab plus rig, then load claims on demand (4063.10925ms)
✔ R86 healthy SSE reduces phase polling while closed SSE retains one-second fallback (3296.929875ms)
✔ R86 external match expansion preserves unrelated cards (3979.826958ms)
✔ R86 scroll restoration is resize-driven, restores clamped position and yields to user input (17.873625ms)
✔ R87 P9 external champselect events preserve modal scroll, input and composition (6688.410292ms)
✔ R104 quota recovery keeps the first-load skeleton and existing matches visible (17.8505ms)
✔ R112 KR average-tier errors retry only visible active cards, then cache real values (16.122875ms)
✔ R117 career column is rebuilt only when its own inputs change (65.041ms)
✔ 收藏账户条复用主页背景和圆头像，并只保留两项事实 (3378.228917ms)
✔ 游戏时间分布下方提供等栏宽分享按钮，并在选定路径后生成桌面双列长图 (2059.447333ms)
✔ 分享图按 50 场设置截断当前已加载战绩 (2642.516542ms)
✔ 排位分区在负场缺失时也能渲染出胜率提示 (1609.737167ms)
✔ 渲染异常会切到可重试的错误态，而不是永远停在骨架屏 (3154.402834ms)
✔ 已有总览刷新时保留当前内容，不退回整页骨架 (3181.7885ms)
✔ 客户端退出后清空本人总览，国服空分组显示启动入口 (4677.3965ms)
✔ 推荐请求期间遮罩只覆盖 tab 下方面板，并按内容提示 (3379.813125ms)
✔ 对局页出装推荐渲染，且不再出现「后期备选」 (3252.935625ms)
✔ 核心装只展示胜率与场次，不再展示选取率 (3291.895ms)
✔ 技能加点的选取率/胜率/场次与技能图标同一行 (3288.951208ms)
✔ 对抗样本为空时给出说明文案，而不是一个「—」 (3264.590959ms)
✔ 英雄位置统计为空时显示明确说明，而不是三项破折号 (3282.984417ms)
✔ failed build timelines retry on reopening, successful timelines remain cached (0.676458ms)
✔ R86 ADD optional cs-dialog computed zoom stays one inside the zoomed app frame (229.06625ms)
✔ R86 ADD-1 failed timelines wait for explicit retry and keep unrelated cards (3541.9305ms)
✔ 演示数据下工具五个页签都渲染完成 (5448.738042ms)
✔ 2351 自定义暂停事件保留真实总开关和卡片高亮 (3267.089042ms)
✔ R149 收藏页仍可独立进入头像与旗帜视图 (4846.221416ms)
✔ R56 工具页状态、确认、下拉与领奖契约完整 (5252.123875ms)
✔ 全部原生下拉都增强为可键盘操作的应用菜单，包含动态英雄段位 (3183.914208ms)
✔ collapsed sidebar hides the label but keeps the live beacon rendered (615.544167ms)
✔ R86 DOM teardown disconnects pending observers without disabling live callbacks (1786.378583ms)
✔ 1110 征召默认值、时间输入、模式能力和总开关真实保存链 (4636.479209ms)
✔ 平均段位只查询视口内卡片，并在分页加载期间停用 (21.848542ms)
✔ match-tier failures back off instead of retrying on the next render (8.554791ms)
✔ match-tier overview diagnostics contain aggregate counts only (1.181375ms)
✔ non-match overview rerenders preserve the match-list node (29.84275ms)
✔ 玩家覆盖层里的战绩详情也能展开 (4751.354875ms)
✔ 演示数据下总览页渲染出真实内容，且渲染期没有异常 (1720.578875ms)
✔ 好友真实数据恢复横条模式与计时，SSE 更新不重建战绩或串到其他玩家 (3949.876292ms)
✔ 定制便携版模板存在且保留缓存秒开的关键行为 (0.748167ms)
✔ 打包配置与模板配套：asarUnpack 后端、不再使用解压期启动图 (0.529709ms)
✔ 所有桌面运行时本地模块都进入 app.asar 和源码指纹 (4.364167ms)
✔ Shell 只构建 setup 并复用 Electron 下载缓存 (0.527708ms)
✔ 历史 portable 模板工具替换指纹占位符并拒绝过期模板 (13.061708ms)
✔ 模板前置校验拒绝未替换占位符，后端内容变化会改变指纹 (5.387542ms)
✔ 模板指纹仅读取指定工作目录的四个输入 (2.791334ms)
✔ 交错执行破坏性模板测试不会污染另一个构建的后端和模板 (7.585666ms)
✔ 默认只有 setup 目标，安装选项和外观资源保持完整 (0.290791ms)
✔ R71 executable resource editing stays enabled and branded setup has exactly two choices (0.617ms)
✔ NSIS page functions wait until standard builder plugins are available (0.256542ms)
✔ 职业页懒加载、所有分组/账号、缺失状态、筛选缓存与安全转义 (310.287875ms)
✔ 加载互斥、失败保留旧表、恢复与来源不可用名单 (251.418167ms)
✔ 国服每次打开折叠；各拳头区服与职业入口可键盘聚焦且不修改大区 (976.17325ms)
✔ 统一总览按国服、韩服、职业分组，同一账号跨组隔离且保留滚动和目录焦点 (2544.202292ms)
✔ 补充来源未更新保留提示，重新进入不重复阻塞整页，手动刷新可重试 (222.085083ms)
✔ 职业列表后台补充自动更新，离开页面停止轮询 (5120.315084ms)
✔ R73 最近账号、历史折叠、只看最新账号及会话核验 (174.081083ms)
▶ R73 真正点击后才核验：差异与404标记，502不误判
  ✔ {"proMismatch":true} (1064.106125ms)
  ✔ {"overviewStatus":404} (976.265916ms)
  ✔ {"overviewStatus":502} (903.581125ms)
✔ R73 真正点击后才核验：差异与404标记，502不误判 (2944.53975ms)
✔ 职业目录仅保留返回总览，返回后保留全部已打开页签 (1763.673333ms)
✔ 未知更新时间的补充账号保持展示，不出现120天未玩的断言 (94.976459ms)
✔ 玩家页签各自保留纵向位置，跨页面返回也不串位 (1945.921792ms)
✔ R112 导出状态只属于当前诊断页；离开、迟到和乱序完成均不污染新页面 (1301.874917ms)
✔ OPGG season summary actually replaces recent sample in both overview workspaces without a history reload (1247.492167ms)
✔ 当前对局独立置顶、两队十人、无评分和多余标记，分组后不会污染玩家战绩 (906.536417ms)
✔ R74 零战绩当前对局也加载技能目录，未加载时不伪造技能名称 (779.695834ms)
✔ R100 菜单键盘可达空组、异步重绘保焦、离开总览关闭菜单 (1074.104458ms)
✔ 国服总览保留战绩但不渲染或请求当前对局和观战 (553.848292ms)
✔ R97 management filters and rows exclude expanded and academy teams (96.325125ms)
✔ R100 empty national/KR/pro groups stay selectable and preserve distinct empty states (1002.6585ms)
✔ TestR102NoPrimaryBadgeRendered (87.860666ms)
✔ TestR102LatestOnlyTogglesShowsFirstAccountOnly (123.436125ms)
✔ TestR102ButtonLabelSaysLatestNotPrimary (27.791959ms)
✔ TestR102HighlightUsesOriginalAccountIndex (120.026334ms)
live recommendation diagnostic failed {
  reason: 'has-payload',
  key: '69:mid:CLASSIC:11:emerald_plus:none',
  error: 'Failed to parse URL from /api/diagnostics/client'
}
✔ R75/R76 actual page: pro rows, degradation capture, incomplete and offline (4771.034584ms)
live recommendation diagnostic failed {
  reason: 'has-payload',
  key: '69:mid:CLASSIC:11:emerald_plus:none',
  error: 'Failed to parse URL from /api/diagnostics/client'
}
✔ R75/R76 actual page: pro rows, degradation 1/99, incomplete and offline (4663.94225ms)
live recommendation diagnostic failed {
  reason: 'has-payload',
  key: '69:mid:CLASSIC:11:emerald_plus:none',
  error: 'Failed to parse URL from /api/diagnostics/client'
}
✔ R75/R76 actual page: pro rows, degradation 10/30, incomplete and offline (4546.47275ms)
✔ parses Chromium proxy resolution without accepting credentials (0.806792ms)
✔ system proxy resolution times out or falls back to direct safely (5.694709ms)
✔ R100 P7 first native save persists independently; second and restart save without prompt; no overwrite (32.7515ms)
✔ R100 P7 deleted/replaced directory re-prompts at actual write; cancel cleans staging (26.646208ms)
✔ R100 P7 rejects foreign renderer and symbolic link files; packaged controller (10.526833ms)
✔ R100 P7 failed SavePath access and window disposal remove private staged downloads (43.351ms)
✔ R110 either export chooses the same remembered folder and updates settings immediately (13.775542ms)
✔ R110 first share export updates diagnostic destination without another picker (9.700916ms)
✔ R110 migrates most recent valid old choice once and does not resurrect cleared settings (13.79025ms)
✔ R110 settings exposes a single export directory (0.399708ms)
✔ R110 shared PNG destination revalidates replaced folders and preserves PNG names (19.713416ms)
✔ R175 actual backend close and restart IPC export only safe panic/relaunch evidence (26.31525ms)
✔ R175 relaunch marker computes elapsed time, deletes once, tolerates missing/corrupt files (8.488709ms)
✔ R175 stderr is limited to 64 KiB; frame arguments and unreviewed fields cannot pass export (5.13525ms)
✔ R185 desktop metrics sample once per minute by process type and export only safe fields (9.242666ms)
✔ R185 unknown backend memory is omitted and disposing a pending sample prevents late export (1.326041ms)
✔ R196 taskbar reminder crosses trusted IPC and stops on focus (2.303542ms)
✔ R201 patches both real extraction paths and the successful copy boundary, idempotently (1.385042ms)
✔ R204 old-uninstaller timing wraps both scopes and preserves manual flow (1.242292ms)
✔ R206 upgrade extracts directly only after successful uninstall; manual uses unchanged 7z-out (1.234958ms)
✔ R206 parent-exited fast path still checks manual and portable installs (0.337417ms)
✔ R206 app-running macro expands once to avoid duplicate NSIS labels (0.160792ms)
✔ R230 preload exposes only bounded clipboard write IPC and main rejects other windows/frames (2.06225ms)
✔ R230 three repeated champion/mastery round trips retain all career cards and scroll, including player overlay (2282.720667ms)
✔ r87-p8-independent-verify.test.cjs (29.78925ms)
✔ R88 crash hooks write synchronous reviewed records without swallowing fatal exceptions (34.065333ms)
✔ R88 seven-day desktop export excludes old records in every generation and keeps crash fields private (5.733ms)
✔ manual reread recovers a stuck overview and refreshes overview plus live without forcing the overlay (1251.119333ms)
✔ gameplay soft reset clears stalled pagination and recommendation failures while preserving touched tabs (1.854708ms)
✔ collection-dirty is accepted by the SSE whitelist and refreshes status (1090.404333ms)
✔ dirty collection rescans on entry and view changes without duplicate refresh requests (1639.90575ms)
✔ accepted dirty rescan stays gated until clean status or timeout (0.849625ms)
✔ identical forced collection refresh keeps rendered cards mounted (0.647666ms)
✔ R70 app and gameplay retain cancellation ownership until body parsing completes (0.91675ms)
✔ R70 cached collection reentry avoids a request and never uses outgoing DOM snapshots (893.567541ms)
✔ R70 SSE overflow and reconnect resync refresh visible collection even with unchanged status (1226.443ms)
✔ R70 gameflow burst uses one fixed window and one non-aborting trailing request (0.811416ms)
✔ R70 hidden gameplay pages do not construct DOM, and destroyed pages remain inert (0.965084ms)
✔ R226 hidden and destroyed live renders preserve the pending diagnostic source (0.699625ms)
✔ R70 superseded status completion cannot overwrite current state or reschedule polling (0.940875ms)
✔ R71 collection startup issues one ensure across accepted requests, status events and scan start (0.62375ms)
✔ R71 a failed or lost collection acceptance can retry without a permanent gate (0.288166ms)
✔ public policy rejects encrypted and plaintext keys; private requires a valid key (2.237667ms)
✔ build receipt rejects a stale packaged backend and clears obsolete approval (7.508125ms)
✔ R136 public outputs have distinct names and private outputs keep release names (1.285125ms)
✔ R86 bash release stops on a real failing Go test, including an independent early-build mutation (2511.047208ms)
✔ R86 CI uses the package version, installs test dependencies and needs no private Riot key (0.869041ms)
﹣ R86 Windows release stops on a real failing Go test and rejects an independent early build (0.061416ms) # requires Windows and PowerShell
✔ format gates exclude local toolchains and GOPATH modules while retaining untracked project source (109.114792ms)
✔ R222 CI skip preserves syntax, fingerprints, runtime verification and hashes (0.534042ms)
﹣ R222 Windows release entry points reject CI skip locally before any side effect (0.056ms) # requires Windows and PowerShell
✔ 分享图文件名会清理路径字符并固定为 PNG (1.844958ms)
✔ 分享图载荷限制令牌、根节点、大小和主题 (0.702125ms)
✔ 导出样式固定标准桌面双列并强制恢复生涯栏和水印 (0.966125ms)
✔ 常规总览保持 2x，超长总览按像素预算安全降采样 (0.140709ms)
✔ 首次选择目录后持久化，后续自动保存且不覆盖同名 PNG (1.083792ms)
✔ 取消保存不会创建截图窗口或写文件 (0.129125ms)
✔ R232 native share IPC denies locked work and discards a capture after replacement (1.094542ms)
✔ 保存令牌只能使用一次，写入失败会记录脱敏错误 (0.300375ms)
✔ 不受信任的 renderer 不能选择路径或提交截图 (0.460166ms)
✔ 设置接口读取并更改主进程保存目录 (0.230833ms)
✔ preload 只暴露受校验的分享接口，不暴露 ipcRenderer (1.14975ms)
✔ 分享图独立窗口不携带主窗口 zoom，且使用独立内存会话 (0.448583ms)
✔ R110 share capture writes through the common validated staging controller (0.273375ms)
✔ live specialist right overview button opens exact KR overview while rune selection and return remain independent (1993.764417ms)
✔ R86 initial CSS and JS gzip budget excludes dynamic demo data (140.173ms)
✔ R86 demo loads only on demand, queues calls, shows badge, and preserves native fallback (157.774708ms)
✔ R86 demo-only loading rejects an independent production script route (79.591291ms)
✔ R77 backend spawn waits for the splash to paint (1.725708ms)
✔ R77 splash keeps the cheap single-frame logo (0.1835ms)
✔ R77 the instance lock still gates the backend (0.115792ms)
✔ R77 mutation guards reject each broken boot order (2.586ms)
✔ R82 splash appears only when painted and reports its actual show time (5.92ms)
✔ R82 closed splash cannot be resurrected by late readiness (1.21025ms)
✔ R82 fallback boots a stalled splash; quitting cancels all startup triggers (2.054958ms)
✔ R82 all four requested splash mutations fail real event-driven checks (4.502625ms)
✔ summoner-updated is whitelisted for status and overview-player (0.944208ms)
✔ live-update debounce accumulates both events and updates the current overview in place (59.880959ms)
✔ updateStatus refreshes a connected current-tab header without resetting catalogs (2.658333ms)
✔ forced overview aborts a loading request and starts a newer request (8.291542ms)
✔ overview-player changes only five identity fields on the current tab (3.929667ms)
✔ overview-player identity slice also updates background fields in place (2.241ms)
✔ identity and first self card remove the global startup lock (19.267125ms)
✔ overview refresh button exposes a stable disabled loading state (8.797417ms)
✔ manual reread awaits the backend identity refresh before hard-refresh dispatch (0.17075ms)
✔ identity status with unresolved backdrop preserves the first overview art (3.017ms)
✔ appearance scale options exactly match the desktop steps and precede density (241.383791ms)
✔ scaling applies without the desktop bridge and follows the window size (560.722125ms)
✔ desktop preference wins on startup; changes persist and auto labels update the visible custom select (94.018458ms)
✔ a delayed get cannot undo a user selection made during startup (79.105708ms)
✔ R238 browser fixed preference resets once and subsequent fixed choices survive (164.379917ms)
✔ R238 shell auto overrides a stale fixed browser preference (86.003125ms)
✔ auto 1366x768 = 1 (0.558958ms)
✔ auto 1600x900 = 1 (0.059791ms)
✔ auto 1920x1080 = 1 (0.063125ms)
✔ auto 2304x1318 = 1.2 (0.0495ms)
✔ auto 2560x1440 = 1.33 (0.05075ms)
✔ auto 2560x1600 = 1.33 (0.041625ms)
✔ auto 3440x1440 = 1.6 (0.041666ms)
✔ auto 3840x2160 = 2 (0.036875ms)
✔ auto 3840x1600 = 1.78 (0.051708ms)
✔ auto 5120x2880 = 2.5 (0.091708ms)
✔ auto 7680x4320 = 2.5 (0.058792ms)
✔ auto 1024x600 = 1 (0.040292ms)
✔ continuous scale, quantization, clamps and manual-step normalization (1.267167ms)
✔ scale mutants turn the corresponding geometry guards red (3.360708ms)
✔ titlebar, minimum size, reload, resize and display events run through the real main module (17.028417ms)
✔ IPC restores independent preferences, normalizes fixed values and rejects untrusted senders (4.107958ms)
✔ main behavior guards reject titlebar, minimum size, trust, reload, debounce and export mutants (15.563625ms)
✔ preload exposes scale IPC without leaking the Electron event (0.743833ms)
✔ packaged runtime includes the scaling module (0.305834ms)
✔ R238 old fixed scale migrates once, then preserves the user's fixed choice (3.214ms)
✔ R238 missing, corrupt and oversized scale files migrate to marked auto (2.349958ms)
✔ upgrade stdout may arrive after exit but before close without a false startup error (4.440292ms)
✔ user quit shares the graceful path; unexpected backend death still reports (1.988542ms)
✔ window bounds store writes and restores visible bounds (2.064125ms)
✔ window bounds store rejects bounds that no longer intersect a display (0.715083ms)
✔ window bounds store silently falls back on corrupt or unwritable data (0.64125ms)
✔ desktop window opens at 72/80 percent of the work area on roomy screens (0.782959ms)
✔ small screens fall back to the design-width floor instead of 72 percent (0.093875ms)
✔ desktop window clamps each dimension independently (0.081084ms)
✔ desktop main and topbar keep the shared sizing and drag-region callers (0.840959ms)
✔ R47 desktop caller and high-resolution mutation probes fail (2.847667ms)
ℹ tests 296
ℹ suites 0
ℹ pass 294
ℹ fail 0
ℹ cancelled 0
ℹ skipped 2
ℹ todo 0
ℹ duration_ms 76665.083209
