✔ R117 CSS variables resolve, including fallback references (4.45925ms)
✔ R117 token colors have one source definition and no bypass drift (22.646042ms)
✔ R117 confirmed dead classes are absent while dynamic loot-table stays guarded (0.153333ms)
✔ R117 CSS budgets do not exceed the audited baseline (2.342917ms)
✔ R117 repeated token hexes and unreferenced class names stay within the audited baseline (40.472583ms)
✔ R117 duplicate declaration groups stay within the audited baseline (11.951833ms)
✔ R204 Key input is masked and save/clear immediately update status without echo (142.131709ms)
✔ R204 dialog-restored pointer focus hides tooltip while keyboard and hover show it (22.140584ms)
✔ R204 update icon and close controls use shared sizes (55.784084ms)
✔ R204 incremental roster rejects old requests/games/phases and shows a ready player before others (2.759959ms)
✔ R204 missing/invalid Key renders only its title and working settings navigation (205.035666ms)
✔ R204 same-game pending incremental rows retain known history during background refresh (2.104ms)
✔ R204 pending progress does not reuse history across unknown games or changed identity scope (9.010958ms)
✔ R210 Riot Key is the third row with help, an embedded reveal button and shared field styles (147.702791ms)
✔ R210 real settings events toggle visibility and save an empty masked field without echo (236.350833ms)
✔ R210 log replay clears ten ended players immediately in Lobby and rejects old None roster (49.036833ms)
✔ R210 phase exit fences an in-flight EndOfGame response and subsequent stale end snapshot (26.497708ms)
✔ public policy rejects encrypted and plaintext keys; private requires a valid key (4.966417ms)
✔ build receipt rejects a stale packaged backend and clears obsolete approval (13.571833ms)
✔ R206 Worker forwards only the actual Riot GET route whitelist (64.956791ms)
✔ R206 Worker rejects arbitrary paths/hosts/methods without Riot I/O (2.727042ms)
✔ R206 Worker response caching honors category TTL and contains no identity cache keys (7.5345ms)
✔ R206 Worker per-IP limit rejects request 301 and allows another IP (76.4085ms)
✔ R206 Worker preserves Riot Retry-After and avoids same-path I/O during cooldown (1.41825ms)
✔ R206 Worker never exposes or logs its secret, including echoed upstream values (1.743584ms)
✔ R206 Worker fails closed without a secret or rate limiter (0.266291ms)
✔ R206 Worker rejects upstream redirects without forwarding the secret or Location (2.448958ms)
✔ R208 application cooldown blocks every path on its host, with decreasing remaining time (1.673875ms)
✔ R208 method/service/missing-header cooldowns remain path scoped and default to five seconds (3.166625ms)
✔ R208 IP 429 and controlled upstream failures are JSON rather than false daily-quota pages (47.405083ms)
✔ R208 application remaining time takes precedence when IP limit also expires (49.489709ms)
✔ setup-only release hashes actual renamed bytes and emits exactly three files (27.7285ms)
✔ invalid release identities and spaced assets are refused (0.363875ms)
ℹ tests 33
ℹ suites 0
ℹ pass 33
ℹ fail 0
ℹ cancelled 0
ℹ skipped 0
ℹ todo 0
ℹ duration_ms 1236.733083
