[build 2026-10-03T13:51:38.428Z] cleanup: started (0.0s)
[build 2026-10-03T13:51:38.543Z] cleanup: completed (0.1s)
[build 2026-10-03T13:51:38.764Z] go-test: started (0.0s)
[go-test] discovered 1753 tests; running 5 shards
[go-test] shard 1/5: started (1 tests)
[go-test] shard 2/5: started (381 tests)
[go-test] shard 3/5: started (445 tests)
[go-test] shard 4/5: started (381 tests)
[go-test] shard 5/5: started (545 tests)
[build 2026-10-03T13:51:48.767Z] go-test: still running (10.0s)
[build 2026-10-03T13:51:58.769Z] go-test: still running (20.0s)
[build 2026-10-03T13:52:08.769Z] go-test: still running (30.0s)
[build 2026-10-03T13:52:18.770Z] go-test: still running (40.0s)
[build 2026-10-03T13:52:28.771Z] go-test: still running (50.0s)
ok  	lol-loot-assistant/backend	50.084s
[go-test] shard 3/5: completed (52.4s)
ok  	lol-loot-assistant/backend	50.155s
[go-test] shard 5/5: completed (52.5s)
ok  	lol-loot-assistant/backend	52.619s
[go-test] shard 2/5: completed (55.0s)
[build 2026-10-03T13:52:38.772Z] go-test: still running (60.0s)
ok  	lol-loot-assistant/backend	61.090s
[go-test] shard 1/5: completed (63.2s)
[build 2026-10-03T13:52:48.773Z] go-test: still running (70.0s)
ok  	lol-loot-assistant/backend	67.481s
[go-test] shard 4/5: completed (69.5s)
[build 2026-10-03T13:52:50.522Z] go-test: completed (71.8s)
[build 2026-10-03T13:52:50.560Z] go-vet: started (0.0s)
[build 2026-10-03T13:52:51.887Z] go-vet: completed (1.3s)
[build 2026-10-03T13:52:51.920Z] installer-test: started (0.0s)
ok  	deeplegends/installer	(cached)
ok  	deeplegends/installer/internal/webviewhost	(cached)
?   	deeplegends/installer/payload	[no test files]
?   	deeplegends/installer/ui	[no test files]
ok  	deeplegends/installer/uninstall	(cached)
[build 2026-10-03T13:52:52.037Z] installer-test: completed (0.1s)
[build 2026-10-03T13:52:52.070Z] installer-vet: started (0.0s)
[build 2026-10-03T13:52:52.234Z] installer-vet: completed (0.2s)
Public build: no embedded Riot API key; KR queries require RIOT_API_KEY at runtime.
[build 2026-10-03T13:52:52.265Z] source-fingerprint: started (0.0s)
[build 2026-10-03T13:52:52.335Z] source-fingerprint: completed (0.1s)
[build 2026-10-03T13:52:52.367Z] backend-build: started (0.0s)
[build 2026-10-03T13:52:55.880Z] backend-build: completed (3.5s)
[build 2026-10-03T13:52:55.911Z] backend-fingerprint: started (0.0s)
verified build fingerprint=7a0b897f0881
[build 2026-10-03T13:52:55.956Z] backend-fingerprint: completed (0.0s)
[build 2026-10-03T13:52:56.022Z] npm-ci: started (0.0s)
npm warn Unknown user config "scripts-prepend-node-path". This will stop working in the next major version of npm. See `npm help npmrc` for supported config options.
npm warn EBADENGINE Unsupported engine {
npm warn EBADENGINE   package: 'jsdom@30.0.1',
npm warn EBADENGINE   required: { node: '^22.22.2 || ^24.15.0 || >=26.0.0' },
npm warn EBADENGINE   current: { node: 'v24.14.1', npm: '11.11.0' }
npm warn EBADENGINE }
npm warn deprecated inflight@1.0.6: This module is not supported, and leaks memory. Do not use it. Check out lru-cache if you want a good and tested way to coalesce async requests by a key value, which is much more comprehensive and powerful.
npm warn deprecated rimraf@2.6.3: Rimraf versions prior to v4 are no longer supported
npm warn deprecated glob@7.2.3: Glob versions prior to v9 are no longer supported
npm warn deprecated boolean@3.2.0: Package no longer supported. Contact Support at https://www.npmjs.com/support for more info.

added 323 packages in 3s
[build 2026-10-03T13:52:58.677Z] npm-ci: completed (2.7s)
electron-cache: checking for a reusable Windows Electron archive
electron-cache: check completed
Reusing cached Electron distribution: /Users/ly/Library/Caches/electron/85f2b7422cd2141b6caa99bac0fc0658b0f22b533b571f6a2ec9a49f2ac23c0a/electron-v43.3.0-win32-x64.zip
[build 2026-10-03T13:53:01.498Z] uninstaller-shell: started (0.0s)
Uninstaller shell built: uninstall-shell.exe
[build 2026-10-03T13:53:01.796Z] uninstaller-shell: completed (0.3s)
[build 2026-10-03T13:53:01.830Z] nsis: started (0.0s)
npm warn Unknown user config "scripts-prepend-node-path". This will stop working in the next major version of npm. See `npm help npmrc` for supported config options.

> deep-legends-desktop@0.12.65 pack:win-setup
> electron-builder --win nsis --x64 --config.win.signExecutable=false --config.nsis.artifactName=Deep Legends Setup ${version}-public.${ext} --config.electronDist=/Users/ly/Library/Caches/electron/85f2b7422cd2141b6caa99bac0fc0658b0f22b533b571f6a2ec9a49f2ac23c0a/electron-v43.3.0-win32-x64.zip

  • electron-builder  version=26.15.7 os=27.0.0
  • loaded configuration  file=package.json ("build" field)
Setup compression: 7z level 9 (default 9)
  • executing @electron/rebuild  electronVersion=43.3.0 arch=x64 buildFromSource=false workspaceRoot=/Users/ly/personal/personal-work/deep-legends/desktop projectDir=./ appDir=./
  • installing native dependencies  arch=x64
  • completed installing native dependencies
  • packaging       platform=win32 arch=x64 electron=43.3.0 appOutDir=/Users/ly/personal/personal-work/deep-legends/dist/desktop/win-unpacked
  • using custom electronDist zip file  zipFile=/Users/ly/Library/Caches/electron/85f2b7422cd2141b6caa99bac0fc0658b0f22b533b571f6a2ec9a49f2ac23c0a/electron-v43.3.0-win32-x64.zip
  • searching for node modules  pm=npm searchDir=/Users/ly/personal/personal-work/deep-legends/desktop
  • no node modules found in collection, trying next search directory  pm=npm searchDir=/Users/ly/personal/personal-work/deep-legends/desktop
  • searching for node modules  pm=traversal searchDir=/Users/ly/personal/personal-work/deep-legends/desktop
  • using manual traversal of node_modules to build dependency tree
  • no node modules found in collection, trying next search directory  pm=traversal searchDir=/Users/ly/personal/personal-work/deep-legends/desktop
  • no node modules returned while searching directories  searchDirectories=[""]
  • updating asar integrity executable resource  executablePath=/Users/ly/personal/personal-work/deep-legends/dist/desktop/win-unpacked/Deep Legends.exe
  • file signing skipped via signExecutable configuration  file=/Users/ly/personal/personal-work/deep-legends/dist/desktop/win-unpacked/Deep Legends.exe
  • building        target=nsis file=/Users/ly/personal/personal-work/deep-legends/dist/desktop/Deep Legends Setup 0.12.65-public.exe archs=x64 oneClick=false perMachine=false
[build 2026-10-03T13:53:11.834Z] nsis: still running (10.0s)
[build 2026-10-03T13:53:21.835Z] nsis: still running (20.0s)
[build 2026-10-03T13:53:31.836Z] nsis: still running (30.0s)
[build 2026-10-03T13:53:41.839Z] nsis: still running (40.0s)
[build 2026-10-03T13:53:51.840Z] nsis: still running (50.0s)
[build 2026-10-03T13:54:01.841Z] nsis: still running (60.0s)
[build 2026-10-03T13:54:11.841Z] nsis: still running (70.0s)
[build 2026-10-03T13:54:21.842Z] nsis: still running (80.0s)
[build 2026-10-03T13:54:31.843Z] nsis: still running (90.0s)
[build 2026-10-03T13:54:41.844Z] nsis: still running (100.0s)
[build 2026-10-03T13:54:51.845Z] nsis: still running (110.0s)
  • file signing skipped via signExecutable configuration  file=/Users/ly/personal/personal-work/deep-legends/dist/desktop/Deep Legends Setup 0.12.65-public.__uninstaller.exe
[build 2026-10-03T13:55:01.846Z] nsis: still running (120.0s)
  • file signing skipped via signExecutable configuration  file=/Users/ly/personal/personal-work/deep-legends/dist/desktop/Deep Legends Setup 0.12.65-public.exe
[build 2026-10-03T13:55:03.896Z] nsis: completed (122.1s)
[build 2026-10-03T13:55:03.943Z] installer-shell: started (0.0s)
Installer shell built: Deep Legends Setup 0.12.65-public.exe (348328791 installed bytes)
[build 2026-10-03T13:55:05.586Z] installer-shell: completed (1.6s)
[build 2026-10-03T13:55:05.623Z] packaged-runtime: started (0.0s)
packaged desktop runtime verified: backend-evidence.cjs, desktop-log.cjs, diagnostics-directory.cjs, diagnostics-export.cjs, main.cjs, preload.cjs, process-metrics.cjs, proxy-resolution.cjs, share-export.cjs, ui-scale.cjs, window-bounds-store.cjs, window-bounds.cjs
[build 2026-10-03T13:55:05.681Z] packaged-runtime: completed (0.1s)
[build 2026-10-03T13:55:05.717Z] packaged-fingerprint: started (0.0s)
verified build fingerprint=7a0b897f0881
[build 2026-10-03T13:55:05.776Z] packaged-fingerprint: completed (0.1s)
[build 2026-10-03T13:55:05.809Z] release-receipt: started (0.0s)
Build distribution verified: public · 7a0b897f0881
[build 2026-10-03T13:55:06.311Z] release-receipt: completed (0.5s)
[build 2026-10-03T13:55:06.346Z] setup-checksum: started (0.0s)
[build 2026-10-03T13:55:06.969Z] setup-checksum: completed (0.6s)
[build 2026-10-03T13:55:07.004Z] unpacked-cleanup: started (0.0s)
[build 2026-10-03T13:55:07.073Z] unpacked-cleanup: completed (0.1s)
Setup build complete: Deep Legends Setup 0.12.65-public.exe
