✔ R252 visible tag hydration indexes the tree once without losing or admitting games (71.19225ms)
✖ R252 arena detail and unknown-result fallback preserve partial and larger team counts (4.982667ms)
✔ R252 specialist upstream timeout keeps OPGG, pro and client backup selectable (4.119792ms)
✔ R248 disabled first frame never waits for authorization and hides expiry (95.43725ms)
✔ R248 default native gate allows IPC without status requests (0.841875ms)
✔ R248 default release rejects both authorization origins (2.634ms)
✔ R252 disabled release rejects embedded activation text and default assets contain no activation UI (33.658542ms)
ℹ tests 7
ℹ suites 0
ℹ pass 6
ℹ fail 1
ℹ cancelled 0
ℹ skipped 0
ℹ todo 0
ℹ duration_ms 717.495458

✖ failing tests:

test at backend/web/r252.test.cjs:22:1
✖ R252 arena detail and unknown-result fallback preserve partial and larger team counts (4.982667ms)
  AssertionError [ERR_ASSERTION]: known queue 1701
  
  'unknown' !== 'win'
  
      at TestContext.<anonymous> (/Users/ly/personal/personal-work/deep-legends/backend/web/r252.test.cjs:25:72)
      at Test.runInAsyncScope (node:async_hooks:228:14)
      at Test.run (node:internal/test_runner/test:1118:25)
      at Test.processPendingSubtests (node:internal/test_runner/test:787:18)
      at Test.postRun (node:internal/test_runner/test:1247:19)
      at Test.run (node:internal/test_runner/test:1175:12)
      at async startSubtestAfterBootstrap (node:internal/test_runner/harness:358:3) {
    generatedMessage: false,
    code: 'ERR_ASSERTION',
    actual: 'unknown',
    expected: 'win',
    operator: 'strictEqual',
    diff: 'simple'
  }
