--- FAIL: TestR214FreshSeasonHeadSharesR241RecentGate (0.00s)
panic: httptest: failed to listen on a port: listen tcp6 [::1]:0: bind: operation not permitted [recovered]
	panic: httptest: failed to listen on a port: listen tcp6 [::1]:0: bind: operation not permitted

goroutine 5 [running]:
testing.tRunner.func1.2({0x10287cca0, 0x14000031760})
	/opt/homebrew/Cellar/go/1.24.5/libexec/src/testing/testing.go:1734 +0x1ac
testing.tRunner.func1()
	/opt/homebrew/Cellar/go/1.24.5/libexec/src/testing/testing.go:1737 +0x334
panic({0x10287cca0?, 0x14000031760?})
	/opt/homebrew/Cellar/go/1.24.5/libexec/src/runtime/panic.go:792 +0x124
net/http/httptest.newLocalListener()
	/opt/homebrew/Cellar/go/1.24.5/libexec/src/net/http/httptest/server.go:71 +0xdc
net/http/httptest.NewUnstartedServer(...)
	/opt/homebrew/Cellar/go/1.24.5/libexec/src/net/http/httptest/server.go:119
net/http/httptest.NewServer({0x102a18e80, 0x140000c47b0})
	/opt/homebrew/Cellar/go/1.24.5/libexec/src/net/http/httptest/server.go:106 +0x28
lol-loot-assistant/backend.r214HistoryFixture(0x14000602540)
	/Users/ly/personal/personal-work/deep-legends/backend/r214_test.go:19 +0xf4
lol-loot-assistant/backend.TestR214FreshSeasonHeadSharesR241RecentGate(0x14000602540)
	/Users/ly/personal/personal-work/deep-legends/backend/r214_test.go:75 +0x28
testing.tRunner(0x14000602540, 0x102a05488)
	/opt/homebrew/Cellar/go/1.24.5/libexec/src/testing/testing.go:1792 +0xe4
created by testing.(*T).Run in goroutine 1
	/opt/homebrew/Cellar/go/1.24.5/libexec/src/testing/testing.go:1851 +0x374
FAIL	lol-loot-assistant/backend	1.137s
FAIL
