--- FAIL: TestR252ArenaTeamCountIsMaximumOfObservedAndKnown (0.00s)
    r252_test.go:26: queue=1750 observed=3 placement=3 got=loss want=win
    r252_test.go:26: queue=1700 observed=3 placement=4 got=loss want=win
--- FAIL: TestR252ManualSeasonHeadBypassesRecentGateAndStillProbes (0.00s)
panic: httptest: failed to listen on a port: listen tcp6 [::1]:0: bind: operation not permitted [recovered]
	panic: httptest: failed to listen on a port: listen tcp6 [::1]:0: bind: operation not permitted

goroutine 7 [running]:
testing.tRunner.func1.2({0x104318ca0, 0x140000ecb90})
	/opt/homebrew/Cellar/go/1.24.5/libexec/src/testing/testing.go:1734 +0x1ac
testing.tRunner.func1()
	/opt/homebrew/Cellar/go/1.24.5/libexec/src/testing/testing.go:1737 +0x334
panic({0x104318ca0?, 0x140000ecb90?})
	/opt/homebrew/Cellar/go/1.24.5/libexec/src/runtime/panic.go:792 +0x124
net/http/httptest.newLocalListener()
	/opt/homebrew/Cellar/go/1.24.5/libexec/src/net/http/httptest/server.go:71 +0xdc
net/http/httptest.NewUnstartedServer(...)
	/opt/homebrew/Cellar/go/1.24.5/libexec/src/net/http/httptest/server.go:119
net/http/httptest.NewServer({0x1044b4e80, 0x140006a0cf0})
	/opt/homebrew/Cellar/go/1.24.5/libexec/src/net/http/httptest/server.go:106 +0x28
lol-loot-assistant/backend.r214HistoryFixture(0x14000083180)
	/Users/ly/personal/personal-work/deep-legends/backend/r214_test.go:19 +0xf4
lol-loot-assistant/backend.TestR252ManualSeasonHeadBypassesRecentGateAndStillProbes(0x14000083180)
	/Users/ly/personal/personal-work/deep-legends/backend/r252_test.go:32 +0x28
testing.tRunner(0x14000083180, 0x1044a1878)
	/opt/homebrew/Cellar/go/1.24.5/libexec/src/testing/testing.go:1792 +0xe4
created by testing.(*T).Run in goroutine 1
	/opt/homebrew/Cellar/go/1.24.5/libexec/src/testing/testing.go:1851 +0x374
FAIL	lol-loot-assistant/backend	0.858s
FAIL
