ok  	lol-loot-assistant/backend	0.890s [no tests to run]
?   	lol-loot-assistant/scripts	[no test files]
TestR233FailedCounterSaveDoesNotRefreshCachedLifetime
TestR242LicenseExpiryStrictSignedField
ok  	lol-loot-assistant/backend	0.507s
{"Time":"2026-10-08T10:10:20.948438+08:00","Action":"start","Package":"lol-loot-assistant/backend"}
{"Time":"2026-10-08T10:10:21.518921+08:00","Action":"run","Package":"lol-loot-assistant/backend","Test":"TestR233FailedCounterSaveDoesNotRefreshCachedLifetime"}
{"Time":"2026-10-08T10:10:21.519109+08:00","Action":"output","Package":"lol-loot-assistant/backend","Test":"TestR233FailedCounterSaveDoesNotRefreshCachedLifetime","Output":"=== RUN   TestR233FailedCounterSaveDoesNotRefreshCachedLifetime\n"}
{"Time":"2026-10-08T10:10:21.521004+08:00","Action":"output","Package":"lol-loot-assistant/backend","Test":"TestR233FailedCounterSaveDoesNotRefreshCachedLifetime","Output":"--- PASS: TestR233FailedCounterSaveDoesNotRefreshCachedLifetime (0.00s)\n"}
{"Time":"2026-10-08T10:10:21.521028+08:00","Action":"pass","Package":"lol-loot-assistant/backend","Test":"TestR233FailedCounterSaveDoesNotRefreshCachedLifetime","Elapsed":0}
{"Time":"2026-10-08T10:10:21.521045+08:00","Action":"run","Package":"lol-loot-assistant/backend","Test":"TestR242LicenseExpiryStrictSignedField"}
{"Time":"2026-10-08T10:10:21.521047+08:00","Action":"output","Package":"lol-loot-assistant/backend","Test":"TestR242LicenseExpiryStrictSignedField","Output":"=== RUN   TestR242LicenseExpiryStrictSignedField\n"}
{"Time":"2026-10-08T10:10:21.521607+08:00","Action":"run","Package":"lol-loot-assistant/backend","Test":"TestR242LicenseExpiryStrictSignedField/zero"}
{"Time":"2026-10-08T10:10:21.52163+08:00","Action":"output","Package":"lol-loot-assistant/backend","Test":"TestR242LicenseExpiryStrictSignedField/zero","Output":"=== RUN   TestR242LicenseExpiryStrictSignedField/zero\n"}
{"Time":"2026-10-08T10:10:21.52164+08:00","Action":"output","Package":"lol-loot-assistant/backend","Test":"TestR242LicenseExpiryStrictSignedField/zero","Output":"--- PASS: TestR242LicenseExpiryStrictSignedField/zero (0.00s)\n"}
{"Time":"2026-10-08T10:10:21.521645+08:00","Action":"pass","Package":"lol-loot-assistant/backend","Test":"TestR242LicenseExpiryStrictSignedField/zero","Elapsed":0}
{"Time":"2026-10-08T10:10:21.52165+08:00","Action":"run","Package":"lol-loot-assistant/backend","Test":"TestR242LicenseExpiryStrictSignedField/negative"}
{"Time":"2026-10-08T10:10:21.521654+08:00","Action":"output","Package":"lol-loot-assistant/backend","Test":"TestR242LicenseExpiryStrictSignedField/negative","Output":"=== RUN   TestR242LicenseExpiryStrictSignedField/negative\n"}
{"Time":"2026-10-08T10:10:21.521746+08:00","Action":"output","Package":"lol-loot-assistant/backend","Test":"TestR242LicenseExpiryStrictSignedField/negative","Output":"--- PASS: TestR242LicenseExpiryStrictSignedField/negative (0.00s)\n"}
{"Time":"2026-10-08T10:10:21.521756+08:00","Action":"pass","Package":"lol-loot-assistant/backend","Test":"TestR242LicenseExpiryStrictSignedField/negative","Elapsed":0}
{"Time":"2026-10-08T10:10:21.521759+08:00","Action":"run","Package":"lol-loot-assistant/backend","Test":"TestR242LicenseExpiryStrictSignedField/null"}
{"Time":"2026-10-08T10:10:21.521761+08:00","Action":"output","Package":"lol-loot-assistant/backend","Test":"TestR242LicenseExpiryStrictSignedField/null","Output":"=== RUN   TestR242LicenseExpiryStrictSignedField/null\n"}
{"Time":"2026-10-08T10:10:21.521856+08:00","Action":"output","Package":"lol-loot-assistant/backend","Test":"TestR242LicenseExpiryStrictSignedField/null","Output":"--- PASS: TestR242LicenseExpiryStrictSignedField/null (0.00s)\n"}
{"Time":"2026-10-08T10:10:21.52187+08:00","Action":"pass","Package":"lol-loot-assistant/backend","Test":"TestR242LicenseExpiryStrictSignedField/null","Elapsed":0}
{"Time":"2026-10-08T10:10:21.521876+08:00","Action":"run","Package":"lol-loot-assistant/backend","Test":"TestR242LicenseExpiryStrictSignedField/before-issued"}
{"Time":"2026-10-08T10:10:21.52188+08:00","Action":"output","Package":"lol-loot-assistant/backend","Test":"TestR242LicenseExpiryStrictSignedField/before-issued","Output":"=== RUN   TestR242LicenseExpiryStrictSignedField/before-issued\n"}
{"Time":"2026-10-08T10:10:21.521965+08:00","Action":"output","Package":"lol-loot-assistant/backend","Test":"TestR242LicenseExpiryStrictSignedField/before-issued","Output":"--- PASS: TestR242LicenseExpiryStrictSignedField/before-issued (0.00s)\n"}
{"Time":"2026-10-08T10:10:21.521974+08:00","Action":"pass","Package":"lol-loot-assistant/backend","Test":"TestR242LicenseExpiryStrictSignedField/before-issued","Elapsed":0}
{"Time":"2026-10-08T10:10:21.521979+08:00","Action":"run","Package":"lol-loot-assistant/backend","Test":"TestR242LicenseExpiryStrictSignedField/string"}
{"Time":"2026-10-08T10:10:21.521983+08:00","Action":"output","Package":"lol-loot-assistant/backend","Test":"TestR242LicenseExpiryStrictSignedField/string","Output":"=== RUN   TestR242LicenseExpiryStrictSignedField/string\n"}
{"Time":"2026-10-08T10:10:21.522085+08:00","Action":"output","Package":"lol-loot-assistant/backend","Test":"TestR242LicenseExpiryStrictSignedField/string","Output":"--- PASS: TestR242LicenseExpiryStrictSignedField/string (0.00s)\n"}
{"Time":"2026-10-08T10:10:21.522094+08:00","Action":"pass","Package":"lol-loot-assistant/backend","Test":"TestR242LicenseExpiryStrictSignedField/string","Elapsed":0}
{"Time":"2026-10-08T10:10:21.522098+08:00","Action":"run","Package":"lol-loot-assistant/backend","Test":"TestR242LicenseExpiryStrictSignedField/fraction"}
{"Time":"2026-10-08T10:10:21.522102+08:00","Action":"output","Package":"lol-loot-assistant/backend","Test":"TestR242LicenseExpiryStrictSignedField/fraction","Output":"=== RUN   TestR242LicenseExpiryStrictSignedField/fraction\n"}
{"Time":"2026-10-08T10:10:21.522201+08:00","Action":"output","Package":"lol-loot-assistant/backend","Test":"TestR242LicenseExpiryStrictSignedField/fraction","Output":"--- PASS: TestR242LicenseExpiryStrictSignedField/fraction (0.00s)\n"}
{"Time":"2026-10-08T10:10:21.522209+08:00","Action":"pass","Package":"lol-loot-assistant/backend","Test":"TestR242LicenseExpiryStrictSignedField/fraction","Elapsed":0}
{"Time":"2026-10-08T10:10:21.522213+08:00","Action":"run","Package":"lol-loot-assistant/backend","Test":"TestR242LicenseExpiryStrictSignedField/exponent"}
{"Time":"2026-10-08T10:10:21.522217+08:00","Action":"output","Package":"lol-loot-assistant/backend","Test":"TestR242LicenseExpiryStrictSignedField/exponent","Output":"=== RUN   TestR242LicenseExpiryStrictSignedField/exponent\n"}
{"Time":"2026-10-08T10:10:21.522376+08:00","Action":"output","Package":"lol-loot-assistant/backend","Test":"TestR242LicenseExpiryStrictSignedField/exponent","Output":"--- PASS: TestR242LicenseExpiryStrictSignedField/exponent (0.00s)\n"}
{"Time":"2026-10-08T10:10:21.522389+08:00","Action":"pass","Package":"lol-loot-assistant/backend","Test":"TestR242LicenseExpiryStrictSignedField/exponent","Elapsed":0}
{"Time":"2026-10-08T10:10:21.522395+08:00","Action":"run","Package":"lol-loot-assistant/backend","Test":"TestR242LicenseExpiryStrictSignedField/overflow"}
{"Time":"2026-10-08T10:10:21.522399+08:00","Action":"output","Package":"lol-loot-assistant/backend","Test":"TestR242LicenseExpiryStrictSignedField/overflow","Output":"=== RUN   TestR242LicenseExpiryStrictSignedField/overflow\n"}
{"Time":"2026-10-08T10:10:21.522437+08:00","Action":"output","Package":"lol-loot-assistant/backend","Test":"TestR242LicenseExpiryStrictSignedField/overflow","Output":"--- PASS: TestR242LicenseExpiryStrictSignedField/overflow (0.00s)\n"}
{"Time":"2026-10-08T10:10:21.522449+08:00","Action":"pass","Package":"lol-loot-assistant/backend","Test":"TestR242LicenseExpiryStrictSignedField/overflow","Elapsed":0}
{"Time":"2026-10-08T10:10:21.522461+08:00","Action":"run","Package":"lol-loot-assistant/backend","Test":"TestR242LicenseExpiryStrictSignedField/boolean"}
{"Time":"2026-10-08T10:10:21.522465+08:00","Action":"output","Package":"lol-loot-assistant/backend","Test":"TestR242LicenseExpiryStrictSignedField/boolean","Output":"=== RUN   TestR242LicenseExpiryStrictSignedField/boolean\n"}
{"Time":"2026-10-08T10:10:21.522565+08:00","Action":"output","Package":"lol-loot-assistant/backend","Test":"TestR242LicenseExpiryStrictSignedField/boolean","Output":"--- PASS: TestR242LicenseExpiryStrictSignedField/boolean (0.00s)\n"}
{"Time":"2026-10-08T10:10:21.522576+08:00","Action":"pass","Package":"lol-loot-assistant/backend","Test":"TestR242LicenseExpiryStrictSignedField/boolean","Elapsed":0}
{"Time":"2026-10-08T10:10:21.522581+08:00","Action":"run","Package":"lol-loot-assistant/backend","Test":"TestR242LicenseExpiryStrictSignedField/lease-after-expiry"}
{"Time":"2026-10-08T10:10:21.522589+08:00","Action":"output","Package":"lol-loot-assistant/backend","Test":"TestR242LicenseExpiryStrictSignedField/lease-after-expiry","Output":"=== RUN   TestR242LicenseExpiryStrictSignedField/lease-after-expiry\n"}
{"Time":"2026-10-08T10:10:21.522649+08:00","Action":"output","Package":"lol-loot-assistant/backend","Test":"TestR242LicenseExpiryStrictSignedField/lease-after-expiry","Output":"--- PASS: TestR242LicenseExpiryStrictSignedField/lease-after-expiry (0.00s)\n"}
{"Time":"2026-10-08T10:10:21.52267+08:00","Action":"pass","Package":"lol-loot-assistant/backend","Test":"TestR242LicenseExpiryStrictSignedField/lease-after-expiry","Elapsed":0}
{"Time":"2026-10-08T10:10:21.522883+08:00","Action":"output","Package":"lol-loot-assistant/backend","Test":"TestR242LicenseExpiryStrictSignedField","Output":"--- PASS: TestR242LicenseExpiryStrictSignedField (0.00s)\n"}
{"Time":"2026-10-08T10:10:21.522909+08:00","Action":"pass","Package":"lol-loot-assistant/backend","Test":"TestR242LicenseExpiryStrictSignedField","Elapsed":0}
{"Time":"2026-10-08T10:10:21.523021+08:00","Action":"output","Package":"lol-loot-assistant/backend","Output":"PASS\n"}
{"Time":"2026-10-08T10:10:21.524031+08:00","Action":"output","Package":"lol-loot-assistant/backend","Output":"ok  \tlol-loot-assistant/backend\t0.575s\n"}
{"Time":"2026-10-08T10:10:21.524075+08:00","Action":"pass","Package":"lol-loot-assistant/backend","Elapsed":0.576}
R252_LICENSE_FIXTURES_VERIFIED {"expected":2,"passed":2,"skipped":0,"required":2,"requiredPassed":["lol-loot-assistant/backend/TestR233FailedCounterSaveDoesNotRefreshCachedLifetime","lol-loot-assistant/backend/TestR242LicenseExpiryStrictSignedField"]}
