✔ R252 visible tag hydration indexes the tree once without losing or admitting games (70.194958ms)
✖ R252 arena detail and unknown-result fallback preserve partial and larger team counts (4.147333ms)
✖ R252 specialist upstream timeout keeps OPGG, pro and client backup selectable (4.39775ms)
ℹ tests 3
ℹ suites 0
ℹ pass 1
ℹ fail 2
ℹ cancelled 0
ℹ skipped 0
ℹ todo 0
ℹ duration_ms 578.459

✖ failing tests:

test at backend/web/r252.test.cjs:22:1
✖ R252 arena detail and unknown-result fallback preserve partial and larger team counts (4.147333ms)
  AssertionError [ERR_ASSERTION]: 1750/3/3
  
  'loss' !== 'win'
  
      at TestContext.<anonymous> (/Users/ly/personal/personal-work/deep-legends/backend/web/r252.test.cjs:27:10)
      at Test.runInAsyncScope (node:async_hooks:228:14)
      at Test.run (node:internal/test_runner/test:1118:25)
      at Test.processPendingSubtests (node:internal/test_runner/test:787:18)
      at Test.postRun (node:internal/test_runner/test:1247:19)
      at Test.run (node:internal/test_runner/test:1175:12)
      at async startSubtestAfterBootstrap (node:internal/test_runner/harness:358:3) {
    generatedMessage: false,
    code: 'ERR_ASSERTION',
    actual: 'loss',
    expected: 'win',
    operator: 'strictEqual',
    diff: 'simple'
  }

test at backend/web/r252.test.cjs:30:1
✖ R252 specialist upstream timeout keeps OPGG, pro and client backup selectable (4.39775ms)
  AssertionError [ERR_ASSERTION]: The input did not match the regular expression /synthetic-client/. Input:
  
  '<div class="rune-source-tabs"><div class="rune-source-tab-buttons" role="tablist" aria-label="符文数据来源"><button type="button" class="rune-source-tab is-active" data-rune-source="opgg" role="tab" aria-selected="true">OPGG</button><button type="button" class="rune-source-tab" data-rune-source="pro" role="tab" aria-selected="false">职业选手</button><button type="button" class="rune-source-tab" data-rune-source="specialist" role="tab" aria-selected="false">绝活哥</button></div></div><div class="rune-source-stack"><section class="rune-source-section"><div class="rune-choice-list" role="radiogroup" aria-label="OPGG符文">客户端内置（备用）</div></section></div>'
  
      at TestContext.<anonymous> (/Users/ly/personal/personal-work/deep-legends/backend/web/r252.test.cjs:48:30)
      at Test.runInAsyncScope (node:async_hooks:228:14)
      at Test.run (node:internal/test_runner/test:1118:25)
      at Test.processPendingSubtests (node:internal/test_runner/test:787:18)
      at Test.postRun (node:internal/test_runner/test:1247:19)
      at Test.run (node:internal/test_runner/test:1175:12)
      at async Test.processPendingSubtests (node:internal/test_runner/test:787:7) {
    generatedMessage: true,
    code: 'ERR_ASSERTION',
    actual: '<div class="rune-source-tabs"><div class="rune-source-tab-buttons" role="tablist" aria-label="符文数据来源"><button type="button" class="rune-source-tab is-active" data-rune-source="opgg" role="tab" aria-selected="true">OPGG</button><button type="button" class="rune-source-tab" data-rune-source="pro" role="tab" aria-selected="false">职业选手</button><button type="button" class="rune-source-tab" data-rune-source="specialist" role="tab" aria-selected="false">绝活哥</button></div></div><div class="rune-source-stack"><section class="rune-source-section"><div class="rune-choice-list" role="radiogroup" aria-label="OPGG符文">客户端内置（备用）</div></section></div>',
    expected: /synthetic-client/,
    operator: 'match',
    diff: 'simple'
  }
