[build 2026-10-08T04:17:31.454Z] cleanup: started (0.0s)
[build 2026-10-08T04:17:31.476Z] cleanup: completed (0.0s)
[build 2026-10-08T04:17:31.726Z] go-test: started (0.0s)
[go-test] discovered 1951 tests; running 5 shards
[go-test] shard 1/5: started (1 tests)
[go-test] shard 2/5: started (431 tests)
[go-test] shard 3/5: started (494 tests)
[go-test] shard 4/5: started (431 tests)
[go-test] shard 5/5: started (594 tests)
ok  	lol-loot-assistant/backend	0.590s
[go-test] shard 1/5: completed (1.7s)
[build 2026-10-08T04:17:41.730Z] go-test: still running (10.0s)
[build 2026-10-08T04:17:51.731Z] go-test: still running (20.0s)
[build 2026-10-08T04:18:01.732Z] go-test: still running (30.0s)
ok  	lol-loot-assistant/backend	27.572s
[go-test] shard 3/5: completed (28.8s)
[build 2026-10-08T04:18:11.733Z] go-test: still running (40.0s)
[build 2026-10-08T04:18:21.734Z] go-test: still running (50.0s)
[build 2026-10-08T04:18:31.735Z] go-test: still running (60.0s)
ok  	lol-loot-assistant/backend	59.064s
[go-test] shard 5/5: completed (60.5s)
[build 2026-10-08T04:18:41.737Z] go-test: still running (70.0s)
ok  	lol-loot-assistant/backend	68.446s
[go-test] shard 2/5: completed (69.9s)
[build 2026-10-08T04:18:51.738Z] go-test: still running (80.0s)
ok  	lol-loot-assistant/backend	72.581s
[go-test] shard 4/5: completed (73.9s)
[build 2026-10-08T04:18:53.299Z] go-test: completed (81.6s)
[build 2026-10-08T04:18:53.344Z] go-vet: started (0.0s)
[build 2026-10-08T04:18:54.837Z] go-vet: completed (1.5s)
[build 2026-10-08T04:18:54.870Z] installer-test: started (0.0s)
ok  	deeplegends/installer	3.134s
ok  	deeplegends/installer/internal/webviewhost	0.445s
?   	deeplegends/installer/payload	[no test files]
?   	deeplegends/installer/ui	[no test files]
ok  	deeplegends/installer/uninstall	0.308s
[build 2026-10-08T04:18:58.501Z] installer-test: completed (3.6s)
[build 2026-10-08T04:18:58.541Z] installer-vet: started (0.0s)
[build 2026-10-08T04:18:58.839Z] installer-vet: completed (0.3s)
Public build: no embedded Riot API key; KR queries require RIOT_API_KEY at runtime.
[build 2026-10-08T04:18:58.889Z] source-fingerprint: started (0.0s)
[build 2026-10-08T04:18:59.199Z] source-fingerprint: completed (0.3s)
[build 2026-10-08T04:18:59.255Z] backend-build: started (0.0s)
[build 2026-10-08T04:19:07.227Z] backend-build: completed (8.0s)
[build 2026-10-08T04:19:07.260Z] backend-fingerprint: started (0.0s)
verified build fingerprint=f2794a1d683c
[build 2026-10-08T04:19:07.305Z] backend-fingerprint: completed (0.0s)
[build 2026-10-08T04:19:07.338Z] backend-digest: started (0.0s)
[build 2026-10-08T04:19:07.387Z] backend-digest: completed (0.0s)
npm-ci: skipped by SKIP_NPM_INSTALL=1
electron-cache: checking for a reusable Windows Electron archive
electron-cache: check completed
Reusing cached Electron distribution: /Users/ly/Library/Caches/electron/85f2b7422cd2141b6caa99bac0fc0658b0f22b533b571f6a2ec9a49f2ac23c0a/electron-v43.3.0-win32-x64.zip
[build 2026-10-08T04:19:10.135Z] uninstaller-shell: started (0.0s)
Uninstaller shell built: uninstall-shell.exe
[build 2026-10-08T04:19:10.684Z] uninstaller-shell: completed (0.5s)
[build 2026-10-08T04:19:10.713Z] nsis: started (0.0s)
npm warn Unknown user config "scripts-prepend-node-path". This will stop working in the next major version of npm. See `npm help npmrc` for supported config options.

> deep-legends-desktop@0.12.77 pack:win-setup
> electron-builder --win nsis --x64 --config.win.signExecutable=false --config.nsis.artifactName=Deep Legends Setup ${version}-public.${ext} --config.electronDist=/Users/ly/Library/Caches/electron/85f2b7422cd2141b6caa99bac0fc0658b0f22b533b571f6a2ec9a49f2ac23c0a/electron-v43.3.0-win32-x64.zip

  • electron-builder  version=26.15.7 os=27.0.0
  • loaded configuration  file=package.json ("build" field)
Setup compression: 7z level 9 (default 9)
  • executing @electron/rebuild  electronVersion=43.3.0 arch=x64 buildFromSource=false workspaceRoot=/private/var/folders/0n/pkflntvd76d53gtp1vj_n9gr0000gn/T/r248-default-public-eZTkIP/desktop projectDir=./ appDir=./
  • installing native dependencies  arch=x64
  • completed installing native dependencies
  • packaging       platform=win32 arch=x64 electron=43.3.0 appOutDir=/private/var/folders/0n/pkflntvd76d53gtp1vj_n9gr0000gn/T/r248-default-public-eZTkIP/dist/desktop/win-unpacked
  • using custom electronDist zip file  zipFile=/Users/ly/Library/Caches/electron/85f2b7422cd2141b6caa99bac0fc0658b0f22b533b571f6a2ec9a49f2ac23c0a/electron-v43.3.0-win32-x64.zip
  • searching for node modules  pm=npm searchDir=/private/var/folders/0n/pkflntvd76d53gtp1vj_n9gr0000gn/T/r248-default-public-eZTkIP/desktop
  • no node modules found in collection, trying next search directory  pm=npm searchDir=/private/var/folders/0n/pkflntvd76d53gtp1vj_n9gr0000gn/T/r248-default-public-eZTkIP/desktop
  • searching for node modules  pm=traversal searchDir=/private/var/folders/0n/pkflntvd76d53gtp1vj_n9gr0000gn/T/r248-default-public-eZTkIP/desktop
  • using manual traversal of node_modules to build dependency tree
  • no node modules found in collection, trying next search directory  pm=traversal searchDir=/private/var/folders/0n/pkflntvd76d53gtp1vj_n9gr0000gn/T/r248-default-public-eZTkIP/desktop
  • no node modules returned while searching directories  searchDirectories=[""]
  • updating asar integrity executable resource  executablePath=/private/var/folders/0n/pkflntvd76d53gtp1vj_n9gr0000gn/T/r248-default-public-eZTkIP/dist/desktop/win-unpacked/Deep Legends.exe
  • executing @electron/fuses  electronPath=/private/var/folders/0n/pkflntvd76d53gtp1vj_n9gr0000gn/T/r248-default-public-eZTkIP/dist/desktop/win-unpacked/Deep Legends.exe
  • file signing skipped via signExecutable configuration  file=/private/var/folders/0n/pkflntvd76d53gtp1vj_n9gr0000gn/T/r248-default-public-eZTkIP/dist/desktop/win-unpacked/Deep Legends.exe
  • building        target=nsis file=/private/var/folders/0n/pkflntvd76d53gtp1vj_n9gr0000gn/T/r248-default-public-eZTkIP/dist/desktop/Deep Legends Setup 0.12.77-public.exe archs=x64 oneClick=false perMachine=false
[build 2026-10-08T04:19:20.719Z] nsis: still running (10.0s)
[build 2026-10-08T04:19:30.720Z] nsis: still running (20.0s)
[build 2026-10-08T04:19:40.721Z] nsis: still running (30.0s)
[build 2026-10-08T04:19:50.722Z] nsis: still running (40.0s)
[build 2026-10-08T04:20:00.722Z] nsis: still running (50.0s)
[build 2026-10-08T04:20:10.723Z] nsis: still running (60.0s)
[build 2026-10-08T04:20:20.724Z] nsis: still running (70.0s)
[build 2026-10-08T04:20:30.725Z] nsis: still running (80.0s)
[build 2026-10-08T04:20:40.726Z] nsis: still running (90.0s)
  • file signing skipped via signExecutable configuration  file=/private/var/folders/0n/pkflntvd76d53gtp1vj_n9gr0000gn/T/r248-default-public-eZTkIP/dist/desktop/Deep Legends Setup 0.12.77-public.__uninstaller.exe
  • file signing skipped via signExecutable configuration  file=/private/var/folders/0n/pkflntvd76d53gtp1vj_n9gr0000gn/T/r248-default-public-eZTkIP/dist/desktop/Deep Legends Setup 0.12.77-public.exe
[build 2026-10-08T04:20:46.552Z] nsis: completed (95.8s)
[build 2026-10-08T04:20:46.590Z] installer-shell: started (0.0s)
Installer shell built: Deep Legends Setup 0.12.77-public.exe (349463016 installed bytes)
[build 2026-10-08T04:20:47.814Z] installer-shell: completed (1.2s)
[build 2026-10-08T04:20:47.844Z] packaged-runtime: started (0.0s)
packaged desktop runtime verified: app-title.cjs, backend-digest.cjs, backend-evidence.cjs, backend-integrity.cjs, desktop-log.cjs, diagnostics-directory.cjs, diagnostics-export.cjs, license-build.cjs, license-gate.cjs, license-window.cjs, main.cjs, preload.cjs, process-metrics.cjs, proxy-resolution.cjs, share-export.cjs, ui-scale.cjs, window-bounds-store.cjs, window-bounds.cjs
[build 2026-10-08T04:20:47.896Z] packaged-runtime: completed (0.1s)
[build 2026-10-08T04:20:47.925Z] packaged-fingerprint: started (0.0s)
verified build fingerprint=f2794a1d683c
[build 2026-10-08T04:20:47.974Z] packaged-fingerprint: completed (0.0s)
[build 2026-10-08T04:20:48.005Z] release-receipt: started (0.0s)
Build distribution verified: public · f2794a1d683c
[build 2026-10-08T04:20:48.844Z] release-receipt: completed (0.8s)
[build 2026-10-08T04:20:48.874Z] setup-checksum: started (0.0s)
[build 2026-10-08T04:20:49.261Z] setup-checksum: completed (0.4s)
Setup build complete: Deep Legends Setup 0.12.77-public.exe
R248 single default public audit package: /private/tmp/R252-0.12.77-no-license-public-02
