✔ R117 image queue exports a five-slot cap and keeps successful URL remounts behind admission (62.401375ms)
✔ R117 browser guard reads the production image limit and keeps the twelve-image starvation fixture (0.352375ms)
✔ R117 core frontend contracts remain wired to visible degradation and diagnostics (6.162459ms)
✔ R117 item set skip diagnostics execute in both rejected branches (1.7205ms)
✔ R117 real Chromium guards are wired into CI and cannot silently skip (7.159209ms)
✔ R117 section loader waits for page styles before module execution (0.119625ms)
✔ R117 app installation lookup is singleflight and hidden SSE slices flush once on resume (6.745708ms)
✔ R136 public outputs have distinct names and private outputs keep release names (0.68975ms)
✔ R86 bash release stops on a real failing Go test, including an independent early-build mutation (2288.325834ms)
✔ R86 CI uses the package version, installs test dependencies and needs no private Riot key (1.149042ms)
﹣ R86 Windows release stops on a real failing Go test and rejects an independent early build (0.116583ms) # requires Windows and PowerShell
✔ format gates exclude local toolchains and GOPATH modules while retaining untracked project source (74.659667ms)
✔ R222 CI skip preserves syntax, fingerprints, runtime verification and hashes (0.456917ms)
﹣ R222 Windows release entry points reject CI skip locally before any side effect (0.053209ms) # requires Windows and PowerShell
ℹ tests 14
ℹ suites 0
ℹ pass 12
ℹ fail 0
ℹ cancelled 0
ℹ skipped 2
ℹ todo 0
ℹ duration_ms 2412.461042
