=== RUN   TestR206FullCollectionRefreshTranslationTimeoutUnderThreeSeconds
=== PAUSE TestR206FullCollectionRefreshTranslationTimeoutUnderThreeSeconds
=== CONT  TestR206FullCollectionRefreshTranslationTimeoutUnderThreeSeconds
--- PASS: TestR206FullCollectionRefreshTranslationTimeoutUnderThreeSeconds (2.88s)
=== RUN   TestR206FullCollectionRefreshTranslationTimeoutUnderThreeSeconds
=== PAUSE TestR206FullCollectionRefreshTranslationTimeoutUnderThreeSeconds
=== CONT  TestR206FullCollectionRefreshTranslationTimeoutUnderThreeSeconds
--- PASS: TestR206FullCollectionRefreshTranslationTimeoutUnderThreeSeconds (2.88s)
=== RUN   TestR206FullCollectionRefreshTranslationTimeoutUnderThreeSeconds
=== PAUSE TestR206FullCollectionRefreshTranslationTimeoutUnderThreeSeconds
=== CONT  TestR206FullCollectionRefreshTranslationTimeoutUnderThreeSeconds
--- PASS: TestR206FullCollectionRefreshTranslationTimeoutUnderThreeSeconds (2.88s)
=== RUN   TestR206FullCollectionRefreshTranslationTimeoutUnderThreeSeconds
=== PAUSE TestR206FullCollectionRefreshTranslationTimeoutUnderThreeSeconds
=== CONT  TestR206FullCollectionRefreshTranslationTimeoutUnderThreeSeconds
--- PASS: TestR206FullCollectionRefreshTranslationTimeoutUnderThreeSeconds (2.85s)
=== RUN   TestR206FullCollectionRefreshTranslationTimeoutUnderThreeSeconds
=== PAUSE TestR206FullCollectionRefreshTranslationTimeoutUnderThreeSeconds
=== CONT  TestR206FullCollectionRefreshTranslationTimeoutUnderThreeSeconds
--- PASS: TestR206FullCollectionRefreshTranslationTimeoutUnderThreeSeconds (2.87s)
=== RUN   TestR206FullCollectionRefreshTranslationTimeoutUnderThreeSeconds
=== PAUSE TestR206FullCollectionRefreshTranslationTimeoutUnderThreeSeconds
=== CONT  TestR206FullCollectionRefreshTranslationTimeoutUnderThreeSeconds
--- PASS: TestR206FullCollectionRefreshTranslationTimeoutUnderThreeSeconds (2.88s)
=== RUN   TestR206FullCollectionRefreshTranslationTimeoutUnderThreeSeconds
=== PAUSE TestR206FullCollectionRefreshTranslationTimeoutUnderThreeSeconds
=== CONT  TestR206FullCollectionRefreshTranslationTimeoutUnderThreeSeconds
--- PASS: TestR206FullCollectionRefreshTranslationTimeoutUnderThreeSeconds (2.88s)
=== RUN   TestR206FullCollectionRefreshTranslationTimeoutUnderThreeSeconds
=== PAUSE TestR206FullCollectionRefreshTranslationTimeoutUnderThreeSeconds
=== CONT  TestR206FullCollectionRefreshTranslationTimeoutUnderThreeSeconds
--- PASS: TestR206FullCollectionRefreshTranslationTimeoutUnderThreeSeconds (2.88s)
=== RUN   TestR206FullCollectionRefreshTranslationTimeoutUnderThreeSeconds
=== PAUSE TestR206FullCollectionRefreshTranslationTimeoutUnderThreeSeconds
=== CONT  TestR206FullCollectionRefreshTranslationTimeoutUnderThreeSeconds
--- PASS: TestR206FullCollectionRefreshTranslationTimeoutUnderThreeSeconds (2.88s)
=== RUN   TestR206FullCollectionRefreshTranslationTimeoutUnderThreeSeconds
=== PAUSE TestR206FullCollectionRefreshTranslationTimeoutUnderThreeSeconds
=== CONT  TestR206FullCollectionRefreshTranslationTimeoutUnderThreeSeconds
--- PASS: TestR206FullCollectionRefreshTranslationTimeoutUnderThreeSeconds (2.88s)
=== RUN   TestR206FullCollectionRefreshTranslationTimeoutUnderThreeSeconds
=== PAUSE TestR206FullCollectionRefreshTranslationTimeoutUnderThreeSeconds
=== CONT  TestR206FullCollectionRefreshTranslationTimeoutUnderThreeSeconds
--- PASS: TestR206FullCollectionRefreshTranslationTimeoutUnderThreeSeconds (2.86s)
=== RUN   TestR206FullCollectionRefreshTranslationTimeoutUnderThreeSeconds
=== PAUSE TestR206FullCollectionRefreshTranslationTimeoutUnderThreeSeconds
=== CONT  TestR206FullCollectionRefreshTranslationTimeoutUnderThreeSeconds
--- PASS: TestR206FullCollectionRefreshTranslationTimeoutUnderThreeSeconds (2.88s)
=== RUN   TestR206FullCollectionRefreshTranslationTimeoutUnderThreeSeconds
=== PAUSE TestR206FullCollectionRefreshTranslationTimeoutUnderThreeSeconds
=== CONT  TestR206FullCollectionRefreshTranslationTimeoutUnderThreeSeconds
--- PASS: TestR206FullCollectionRefreshTranslationTimeoutUnderThreeSeconds (2.88s)
=== RUN   TestR206FullCollectionRefreshTranslationTimeoutUnderThreeSeconds
=== PAUSE TestR206FullCollectionRefreshTranslationTimeoutUnderThreeSeconds
=== CONT  TestR206FullCollectionRefreshTranslationTimeoutUnderThreeSeconds
--- PASS: TestR206FullCollectionRefreshTranslationTimeoutUnderThreeSeconds (2.88s)
=== RUN   TestR206FullCollectionRefreshTranslationTimeoutUnderThreeSeconds
=== PAUSE TestR206FullCollectionRefreshTranslationTimeoutUnderThreeSeconds
=== CONT  TestR206FullCollectionRefreshTranslationTimeoutUnderThreeSeconds
--- PASS: TestR206FullCollectionRefreshTranslationTimeoutUnderThreeSeconds (2.88s)
=== RUN   TestR206FullCollectionRefreshTranslationTimeoutUnderThreeSeconds
=== PAUSE TestR206FullCollectionRefreshTranslationTimeoutUnderThreeSeconds
=== CONT  TestR206FullCollectionRefreshTranslationTimeoutUnderThreeSeconds
--- PASS: TestR206FullCollectionRefreshTranslationTimeoutUnderThreeSeconds (2.88s)
=== RUN   TestR206FullCollectionRefreshTranslationTimeoutUnderThreeSeconds
=== PAUSE TestR206FullCollectionRefreshTranslationTimeoutUnderThreeSeconds
=== CONT  TestR206FullCollectionRefreshTranslationTimeoutUnderThreeSeconds
--- PASS: TestR206FullCollectionRefreshTranslationTimeoutUnderThreeSeconds (2.89s)
=== RUN   TestR206FullCollectionRefreshTranslationTimeoutUnderThreeSeconds
=== PAUSE TestR206FullCollectionRefreshTranslationTimeoutUnderThreeSeconds
=== CONT  TestR206FullCollectionRefreshTranslationTimeoutUnderThreeSeconds
--- PASS: TestR206FullCollectionRefreshTranslationTimeoutUnderThreeSeconds (2.88s)
=== RUN   TestR206FullCollectionRefreshTranslationTimeoutUnderThreeSeconds
=== PAUSE TestR206FullCollectionRefreshTranslationTimeoutUnderThreeSeconds
=== CONT  TestR206FullCollectionRefreshTranslationTimeoutUnderThreeSeconds
--- PASS: TestR206FullCollectionRefreshTranslationTimeoutUnderThreeSeconds (2.88s)
=== RUN   TestR206FullCollectionRefreshTranslationTimeoutUnderThreeSeconds
=== PAUSE TestR206FullCollectionRefreshTranslationTimeoutUnderThreeSeconds
=== CONT  TestR206FullCollectionRefreshTranslationTimeoutUnderThreeSeconds
--- PASS: TestR206FullCollectionRefreshTranslationTimeoutUnderThreeSeconds (2.88s)
=== RUN   TestR206FullCollectionRefreshTranslationTimeoutUnderThreeSeconds
=== PAUSE TestR206FullCollectionRefreshTranslationTimeoutUnderThreeSeconds
=== CONT  TestR206FullCollectionRefreshTranslationTimeoutUnderThreeSeconds
--- PASS: TestR206FullCollectionRefreshTranslationTimeoutUnderThreeSeconds (2.88s)
=== RUN   TestR206FullCollectionRefreshTranslationTimeoutUnderThreeSeconds
=== PAUSE TestR206FullCollectionRefreshTranslationTimeoutUnderThreeSeconds
=== CONT  TestR206FullCollectionRefreshTranslationTimeoutUnderThreeSeconds
--- PASS: TestR206FullCollectionRefreshTranslationTimeoutUnderThreeSeconds (2.88s)
=== RUN   TestR206FullCollectionRefreshTranslationTimeoutUnderThreeSeconds
=== PAUSE TestR206FullCollectionRefreshTranslationTimeoutUnderThreeSeconds
=== CONT  TestR206FullCollectionRefreshTranslationTimeoutUnderThreeSeconds
--- PASS: TestR206FullCollectionRefreshTranslationTimeoutUnderThreeSeconds (2.88s)
=== RUN   TestR206FullCollectionRefreshTranslationTimeoutUnderThreeSeconds
=== PAUSE TestR206FullCollectionRefreshTranslationTimeoutUnderThreeSeconds
=== CONT  TestR206FullCollectionRefreshTranslationTimeoutUnderThreeSeconds
--- PASS: TestR206FullCollectionRefreshTranslationTimeoutUnderThreeSeconds (2.88s)
=== RUN   TestR206FullCollectionRefreshTranslationTimeoutUnderThreeSeconds
=== PAUSE TestR206FullCollectionRefreshTranslationTimeoutUnderThreeSeconds
=== CONT  TestR206FullCollectionRefreshTranslationTimeoutUnderThreeSeconds
--- PASS: TestR206FullCollectionRefreshTranslationTimeoutUnderThreeSeconds (2.88s)
=== RUN   TestR206FullCollectionRefreshTranslationTimeoutUnderThreeSeconds
=== PAUSE TestR206FullCollectionRefreshTranslationTimeoutUnderThreeSeconds
=== CONT  TestR206FullCollectionRefreshTranslationTimeoutUnderThreeSeconds
--- PASS: TestR206FullCollectionRefreshTranslationTimeoutUnderThreeSeconds (2.87s)
=== RUN   TestR206FullCollectionRefreshTranslationTimeoutUnderThreeSeconds
=== PAUSE TestR206FullCollectionRefreshTranslationTimeoutUnderThreeSeconds
=== CONT  TestR206FullCollectionRefreshTranslationTimeoutUnderThreeSeconds
--- PASS: TestR206FullCollectionRefreshTranslationTimeoutUnderThreeSeconds (2.88s)
=== RUN   TestR206FullCollectionRefreshTranslationTimeoutUnderThreeSeconds
=== PAUSE TestR206FullCollectionRefreshTranslationTimeoutUnderThreeSeconds
=== CONT  TestR206FullCollectionRefreshTranslationTimeoutUnderThreeSeconds
--- PASS: TestR206FullCollectionRefreshTranslationTimeoutUnderThreeSeconds (2.88s)
=== RUN   TestR206FullCollectionRefreshTranslationTimeoutUnderThreeSeconds
=== PAUSE TestR206FullCollectionRefreshTranslationTimeoutUnderThreeSeconds
=== CONT  TestR206FullCollectionRefreshTranslationTimeoutUnderThreeSeconds
--- PASS: TestR206FullCollectionRefreshTranslationTimeoutUnderThreeSeconds (2.88s)
=== RUN   TestR206FullCollectionRefreshTranslationTimeoutUnderThreeSeconds
=== PAUSE TestR206FullCollectionRefreshTranslationTimeoutUnderThreeSeconds
=== CONT  TestR206FullCollectionRefreshTranslationTimeoutUnderThreeSeconds
--- PASS: TestR206FullCollectionRefreshTranslationTimeoutUnderThreeSeconds (2.86s)
PASS
ok  	lol-loot-assistant/backend	88.339s
