docs/history/reports/r252/affected-review-fixes-20261008T100546.633369.log:22: trailing whitespace.
+  
docs/history/reports/r252/affected-review-fixes-20261008T100546.633369.log:24: trailing whitespace.
+  
docs/history/reports/r252/b-tags-baseline-20261008T092442.703908.log:22: trailing whitespace.
+  
docs/history/reports/r252/b-tags-baseline-20261008T092442.703908.log:41: trailing whitespace.
+  
docs/history/reports/r252/js-arena-baseline-20261008T095712.512189.log:18: trailing whitespace.
+  
docs/history/reports/r252/js-arena-baseline-20261008T095712.512189.log:20: trailing whitespace.
+  
docs/history/reports/r252/js-arena-baseline-20261008T095712.512189.log:39: trailing whitespace.
+  
docs/history/reports/r252/js-arena-baseline-20261008T095712.512189.log:41: trailing whitespace.
+  
docs/history/reports/r252/mutations-01/tags-no-map-fallback.log:22: trailing whitespace.
+  
docs/history/reports/r252/mutations-01/tags-no-map-fallback.log:41: trailing whitespace.
+  
docs/history/reports/r252/mutations-02/js-arena-fixed-truncates-observed.log:18: trailing whitespace.
+  
docs/history/reports/r252/mutations-02/js-arena-fixed-truncates-observed.log:20: trailing whitespace.
+  
docs/history/reports/r252/mutations-02/js-arena-observed-only.log:18: trailing whitespace.
+  
docs/history/reports/r252/mutations-02/js-arena-observed-only.log:20: trailing whitespace.
+  
docs/history/reports/r252/mutations-02/tags-no-map-fallback.log:22: trailing whitespace.
+  
docs/history/reports/r252/mutations-02/tags-no-map-fallback.log:41: trailing whitespace.
+  
docs/history/reports/r252/mutations-03/js-arena-fixed-truncates-observed.log:18: trailing whitespace.
+  
docs/history/reports/r252/mutations-03/js-arena-fixed-truncates-observed.log:20: trailing whitespace.
+  
docs/history/reports/r252/mutations-03/js-arena-observed-only.log:18: trailing whitespace.
+  
docs/history/reports/r252/mutations-03/js-arena-observed-only.log:20: trailing whitespace.
+  
docs/history/reports/r252/mutations-03/tags-no-map-fallback.log:22: trailing whitespace.
+  
docs/history/reports/r252/mutations-03/tags-no-map-fallback.log:41: trailing whitespace.
+  
