✔ summoner-updated is whitelisted for status and overview-player (1.232167ms)
✔ live-update debounce accumulates both events and updates the current overview in place (49.151584ms)
✔ updateStatus refreshes a connected current-tab header without resetting catalogs (1.496959ms)
✔ forced overview aborts a loading request and starts a newer request (2.754ms)
✔ overview-player changes only five identity fields on the current tab (1.429167ms)
✔ overview-player identity slice also updates background fields in place (1.144334ms)
✔ identity-ready status removes the global startup lock while snapshot loads (11.4115ms)
✔ overview refresh button exposes a stable disabled loading state (7.651958ms)
✔ manual reread awaits the backend identity refresh before hard-refresh dispatch (0.158125ms)
✔ identity status with unresolved backdrop preserves the first overview art (1.944833ms)
✖ setup-only Bash build wraps one NSIS result, hashes final bytes and removes legacy outputs (1788.484083ms)
✖ failed NSIS stops before wrapping or issuing a receipt and cleans the uninstall shell (1069.398875ms)
✔ compression overrides are explicit and invalid levels fail before packaging (1.267375ms)
✖ unchanged complete npm dependencies are reused; damage or a lock change reinstalls them (1013.232459ms)
ℹ tests 14
ℹ suites 0
ℹ pass 11
ℹ fail 3
ℹ cancelled 0
ℹ skipped 0
ℹ todo 0
ℹ duration_ms 3922.796

✖ failing tests:

test at scripts/setup-only-build.test.cjs:113:1
✖ setup-only Bash build wraps one NSIS result, hashes final bytes and removes legacy outputs (1788.484083ms)
  AssertionError [ERR_ASSERTION]: Public build: no embedded Riot API key; KR queries require RIOT_API_KEY at runtime.
  verified build fingerprint=abcdef012345
  electron-cache: checking for a reusable Windows Electron archive
  electron-cache: check completed
  Using ELECTRON_DIST: /var/folders/0n/pkflntvd76d53gtp1vj_n9gr0000gn/T/setup-only-build-5aNcaL/cached Electron.zip
  [build 2026-10-05T10:45:25.868Z] cleanup: started (0.0s)
  [build 2026-10-05T10:45:25.888Z] cleanup: completed (0.0s)
  [build 2026-10-05T10:45:25.921Z] go-test: started (0.0s)
  [go-test] discovered 2 tests; running 2 shards
  [go-test] shard 1/2: started (1 tests)
  [go-test] shard 2/2: started (1 tests)
  [go-test] shard 1/2: completed (0.0s)
  [go-test] shard 2/2: completed (0.0s)
  [build 2026-10-05T10:45:26.054Z] go-test: completed (0.1s)
  [build 2026-10-05T10:45:26.084Z] go-vet: started (0.0s)
  [build 2026-10-05T10:45:26.115Z] go-vet: completed (0.0s)
  [build 2026-10-05T10:45:26.147Z] installer-test: started (0.0s)
  [build 2026-10-05T10:45:26.177Z] installer-test: completed (0.0s)
  [build 2026-10-05T10:45:26.211Z] installer-vet: started (0.0s)
  [build 2026-10-05T10:45:26.244Z] installer-vet: completed (0.0s)
  [build 2026-10-05T10:45:26.281Z] source-fingerprint: started (0.0s)
  [build 2026-10-05T10:45:26.316Z] source-fingerprint: completed (0.0s)
  [build 2026-10-05T10:45:26.352Z] backend-build: started (0.0s)
  [build 2026-10-05T10:45:26.393Z] backend-build: completed (0.0s)
  [build 2026-10-05T10:45:26.429Z] backend-fingerprint: started (0.0s)
  [build 2026-10-05T10:45:26.465Z] backend-fingerprint: completed (0.0s)
  [build 2026-10-05T10:45:26.536Z] npm-ci: started (0.0s)
  [build 2026-10-05T10:45:26.842Z] npm-ci: completed (0.3s)
  [build 2026-10-05T10:45:26.876Z] uninstaller-shell: started (0.0s)
  [build 2026-10-05T10:45:26.911Z] uninstaller-shell: completed (0.0s)
  [build 2026-10-05T10:45:26.947Z] nsis: started (0.0s)
  Cannot find module './apply-update-timing-template.cjs'
  Require stack:
  - /private/var/folders/0n/pkflntvd76d53gtp1vj_n9gr0000gn/T/setup-only-build-5aNcaL/desktop/verify-embedded-riot-key.cjs
  - /private/var/folders/0n/pkflntvd76d53gtp1vj_n9gr0000gn/T/setup-only-build-5aNcaL/bin/npm
  [build 2026-10-05T10:45:26.989Z] nsis: failed: exit 1 (0.0s)
  
  
  1 !== 0
  
      at TestContext.<anonymous> (/Users/ly/personal/personal-work/deep-legends/scripts/setup-only-build.test.cjs:116:10)
      at Test.runInAsyncScope (node:async_hooks:228:14)
      at Test.run (node:internal/test_runner/test:1118:25)
      at Test.start (node:internal/test_runner/test:1015:17)
      at startSubtestAfterBootstrap (node:internal/test_runner/harness:358:17) {
    generatedMessage: false,
    code: 'ERR_ASSERTION',
    actual: 1,
    expected: 0,
    operator: 'strictEqual',
    diff: 'simple'
  }

test at scripts/setup-only-build.test.cjs:140:1
✖ failed NSIS stops before wrapping or issuing a receipt and cleans the uninstall shell (1069.398875ms)
  AssertionError [ERR_ASSERTION]: Public build: no embedded Riot API key; KR queries require RIOT_API_KEY at runtime.
  verified build fingerprint=abcdef012345
  electron-cache: checking for a reusable Windows Electron archive
  electron-cache: check completed
  Using ELECTRON_DIST: /var/folders/0n/pkflntvd76d53gtp1vj_n9gr0000gn/T/setup-only-build-s4qyxr/cached Electron.zip
  [build 2026-10-05T10:45:27.171Z] cleanup: started (0.0s)
  [build 2026-10-05T10:45:27.189Z] cleanup: completed (0.0s)
  [build 2026-10-05T10:45:27.231Z] go-test: started (0.0s)
  [go-test] discovered 2 tests; running 2 shards
  [go-test] shard 1/2: started (1 tests)
  [go-test] shard 2/2: started (1 tests)
  [go-test] shard 1/2: completed (0.0s)
  [go-test] shard 2/2: completed (0.0s)
  [build 2026-10-05T10:45:27.387Z] go-test: completed (0.2s)
  [build 2026-10-05T10:45:27.419Z] go-vet: started (0.0s)
  [build 2026-10-05T10:45:27.451Z] go-vet: completed (0.0s)
  [build 2026-10-05T10:45:27.486Z] installer-test: started (0.0s)
  [build 2026-10-05T10:45:27.518Z] installer-test: completed (0.0s)
  [build 2026-10-05T10:45:27.548Z] installer-vet: started (0.0s)
  [build 2026-10-05T10:45:27.581Z] installer-vet: completed (0.0s)
  [build 2026-10-05T10:45:27.617Z] source-fingerprint: started (0.0s)
  [build 2026-10-05T10:45:27.649Z] source-fingerprint: completed (0.0s)
  [build 2026-10-05T10:45:27.681Z] backend-build: started (0.0s)
  [build 2026-10-05T10:45:27.716Z] backend-build: completed (0.0s)
  [build 2026-10-05T10:45:27.747Z] backend-fingerprint: started (0.0s)
  [build 2026-10-05T10:45:27.781Z] backend-fingerprint: completed (0.0s)
  [build 2026-10-05T10:45:27.846Z] npm-ci: started (0.0s)
  [build 2026-10-05T10:45:27.935Z] npm-ci: completed (0.1s)
  [build 2026-10-05T10:45:27.968Z] uninstaller-shell: started (0.0s)
  [build 2026-10-05T10:45:27.997Z] uninstaller-shell: completed (0.0s)
  [build 2026-10-05T10:45:28.027Z] nsis: started (0.0s)
  Cannot find module './apply-update-timing-template.cjs'
  Require stack:
  - /private/var/folders/0n/pkflntvd76d53gtp1vj_n9gr0000gn/T/setup-only-build-s4qyxr/desktop/verify-embedded-riot-key.cjs
  - /private/var/folders/0n/pkflntvd76d53gtp1vj_n9gr0000gn/T/setup-only-build-s4qyxr/bin/npm
  [build 2026-10-05T10:45:28.062Z] nsis: failed: exit 1 (0.0s)
  
  
  1 !== 23
  
      at TestContext.<anonymous> (/Users/ly/personal/personal-work/deep-legends/scripts/setup-only-build.test.cjs:143:10)
      at Test.runInAsyncScope (node:async_hooks:228:14)
      at Test.run (node:internal/test_runner/test:1118:25)
      at Test.processPendingSubtests (node:internal/test_runner/test:787:18)
      at Test.postRun (node:internal/test_runner/test:1247:19)
      at Test.run (node:internal/test_runner/test:1175:12)
      at async startSubtestAfterBootstrap (node:internal/test_runner/harness:358:3) {
    generatedMessage: false,
    code: 'ERR_ASSERTION',
    actual: 1,
    expected: 23,
    operator: 'strictEqual',
    diff: 'simple'
  }

test at scripts/setup-only-build.test.cjs:164:1
✖ unchanged complete npm dependencies are reused; damage or a lock change reinstalls them (1013.232459ms)
  AssertionError [ERR_ASSERTION]: Public build: no embedded Riot API key; KR queries require RIOT_API_KEY at runtime.
  verified build fingerprint=abcdef012345
  electron-cache: checking for a reusable Windows Electron archive
  electron-cache: check completed
  Using ELECTRON_DIST: /var/folders/0n/pkflntvd76d53gtp1vj_n9gr0000gn/T/setup-only-build-ZhHj4W/cached Electron.zip
  [build 2026-10-05T10:45:28.236Z] cleanup: started (0.0s)
  [build 2026-10-05T10:45:28.252Z] cleanup: completed (0.0s)
  [build 2026-10-05T10:45:28.288Z] go-test: started (0.0s)
  [go-test] discovered 2 tests; running 2 shards
  [go-test] shard 1/2: started (1 tests)
  [go-test] shard 2/2: started (1 tests)
  [go-test] shard 1/2: completed (0.0s)
  [go-test] shard 2/2: completed (0.0s)
  [build 2026-10-05T10:45:28.418Z] go-test: completed (0.1s)
  [build 2026-10-05T10:45:28.448Z] go-vet: started (0.0s)
  [build 2026-10-05T10:45:28.479Z] go-vet: completed (0.0s)
  [build 2026-10-05T10:45:28.509Z] installer-test: started (0.0s)
  [build 2026-10-05T10:45:28.539Z] installer-test: completed (0.0s)
  [build 2026-10-05T10:45:28.569Z] installer-vet: started (0.0s)
  [build 2026-10-05T10:45:28.600Z] installer-vet: completed (0.0s)
  [build 2026-10-05T10:45:28.632Z] source-fingerprint: started (0.0s)
  [build 2026-10-05T10:45:28.666Z] source-fingerprint: completed (0.0s)
  [build 2026-10-05T10:45:28.699Z] backend-build: started (0.0s)
  [build 2026-10-05T10:45:28.732Z] backend-build: completed (0.0s)
  [build 2026-10-05T10:45:28.763Z] backend-fingerprint: started (0.0s)
  [build 2026-10-05T10:45:28.796Z] backend-fingerprint: completed (0.0s)
  [build 2026-10-05T10:45:28.859Z] npm-ci: started (0.0s)
  [build 2026-10-05T10:45:28.948Z] npm-ci: completed (0.1s)
  [build 2026-10-05T10:45:28.981Z] uninstaller-shell: started (0.0s)
  [build 2026-10-05T10:45:29.012Z] uninstaller-shell: completed (0.0s)
  [build 2026-10-05T10:45:29.042Z] nsis: started (0.0s)
  Cannot find module './apply-update-timing-template.cjs'
  Require stack:
  - /private/var/folders/0n/pkflntvd76d53gtp1vj_n9gr0000gn/T/setup-only-build-ZhHj4W/desktop/verify-embedded-riot-key.cjs
  - /private/var/folders/0n/pkflntvd76d53gtp1vj_n9gr0000gn/T/setup-only-build-ZhHj4W/bin/npm
  [build 2026-10-05T10:45:29.077Z] nsis: failed: exit 1 (0.0s)
  
  
  1 !== 0
  
      at TestContext.<anonymous> (/Users/ly/personal/personal-work/deep-legends/scripts/setup-only-build.test.cjs:167:10)
      at Test.runInAsyncScope (node:async_hooks:228:14)
      at Test.run (node:internal/test_runner/test:1118:25)
      at Test.processPendingSubtests (node:internal/test_runner/test:787:18)
      at Test.postRun (node:internal/test_runner/test:1247:19)
      at Test.run (node:internal/test_runner/test:1175:12)
      at async Test.processPendingSubtests (node:internal/test_runner/test:787:7) {
    generatedMessage: false,
    code: 'ERR_ASSERTION',
    actual: 1,
    expected: 0,
    operator: 'strictEqual',
    diff: 'simple'
  }
