✔ summoner-updated is whitelisted for status and overview-player (0.869417ms)
✔ live-update debounce accumulates both events and updates the current overview in place (53.813583ms)
✔ updateStatus refreshes a connected current-tab header without resetting catalogs (1.720333ms)
✔ forced overview aborts a loading request and starts a newer request (2.953333ms)
✔ overview-player changes only five identity fields on the current tab (1.399583ms)
✔ overview-player identity slice also updates background fields in place (1.13725ms)
✔ identity-ready status removes the global startup lock while snapshot loads (10.985875ms)
✔ overview refresh button exposes a stable disabled loading state (7.525125ms)
✔ manual reread awaits the backend identity refresh before hard-refresh dispatch (0.162125ms)
✔ identity status with unresolved backdrop preserves the first overview art (1.726833ms)
✔ setup-only Bash build wraps one NSIS result, hashes final bytes and removes legacy outputs (1750.48175ms)
✔ failed NSIS stops before wrapping or issuing a receipt and cleans the uninstall shell (1095.495083ms)
✔ compression overrides are explicit and invalid levels fail before packaging (1.436458ms)
✔ unchanged complete npm dependencies are reused; damage or a lock change reinstalls them (5320.3245ms)
ℹ tests 14
ℹ suites 0
ℹ pass 14
ℹ fail 0
ℹ cancelled 0
ℹ skipped 0
ℹ todo 0
ℹ duration_ms 8217.421167
