✔ R100 progress updates ready profile fields but null and empty never wipe career (85.819ms)
✔ R100 historical enrichment defers while foreground overview is in flight (0.83075ms)
✔ R100 image admission covers lazy DOM images and detached prefetch without same-URL retries (25.072291ms)
✔ R117 image queue exports a five-slot cap and keeps successful URL remounts behind admission (87.529ms)
✔ R117 browser guard reads the production image limit and keeps the twelve-image starvation fixture (0.385709ms)
✔ R117 core frontend contracts remain wired to visible degradation and diagnostics (9.884375ms)
✔ R117 item set skip diagnostics execute in both rejected branches (2.212958ms)
✔ R117 real Chromium guards are wired into CI and cannot silently skip (8.056625ms)
✔ R117 section loader waits for page styles before module execution (0.169541ms)
✔ R117 app installation lookup is singleflight and hidden SSE slices flush once on resume (8.229167ms)
✔ R136 public outputs have distinct names and private outputs keep release names (2.01025ms)
✔ R86 bash release stops on a real failing Go test, including an independent early-build mutation (2571.315375ms)
✔ R86 CI uses the package version, installs test dependencies and needs no private Riot key (0.573375ms)
﹣ R86 Windows release stops on a real failing Go test and rejects an independent early build (0.056708ms) # requires Windows and PowerShell
✔ format gates exclude local toolchains and GOPATH modules while retaining untracked project source (63.744875ms)
✔ R222 CI skip preserves syntax, fingerprints, runtime verification and hashes (0.46975ms)
﹣ R222 Windows release entry points reject CI skip locally before any side effect (0.0535ms) # requires Windows and PowerShell
✔ setup-only Bash build wraps one NSIS result, hashes final bytes and removes legacy outputs (2576.3265ms)
✔ failed NSIS stops before wrapping or issuing a receipt and cleans the uninstall shell (1172.1665ms)
✔ compression overrides are explicit and invalid levels fail before packaging (1.496708ms)
✔ unchanged complete npm dependencies are reused; damage or a lock change reinstalls them (5605.406166ms)
✔ setup-only Windows CI skip leaves NSIS, wrapper and receipt gates unconditional (0.272583ms)
✔ R225 static names exclude comments and synthetic source strings (3.740209ms)
✔ R225 actual CI filters resolve every alternative and reject nonexistent names (1255.792333ms)
✔ R225 static expected counts also cover the unfiltered R82 PowerShell file (727.54225ms)
✔ R225 runtime Go evidence rejects empty, omitted and skipped required tests (0.502125ms)
✔ R225 real Node runner proves a selected test passed and rejects an accidental skip (272.295542ms)
ℹ tests 27
ℹ suites 0
ℹ pass 25
ℹ fail 0
ℹ cancelled 0
ℹ skipped 2
ℹ todo 0
ℹ duration_ms 9422.553375
