[
  {
    "kind": "node",
    "pattern": "R86 Windows release|R222 Windows",
    "file": "desktop/release-quality-gates.test.cjs",
    "expected": 2,
    "names": [
      "R86 Windows release stops on a real failing Go test and rejects an independent early build",
      "R222 Windows release entry points reject CI skip locally before any side effect"
    ]
  },
  {
    "kind": "node",
    "pattern": "setup-only Windows CI skip",
    "file": "scripts/setup-only-build.test.cjs",
    "expected": 1,
    "names": [
      "setup-only Windows CI skip leaves NSIS, wrapper and receipt gates unconditional"
    ]
  },
  {
    "kind": "node",
    "file": "scripts/r82-startup-ab-script.test.cjs",
    "expected": 2,
    "names": [
      "R82 A/B receipt lookup and deduplication execute the real PowerShell script",
      "R82 A/B filename, hash mismatch and duplicate mutations reach failing assertions"
    ]
  }
]
format, changed JS, exact CI filters and diff PASS
