✔ R136 public outputs have distinct names and private outputs keep release names (1.076208ms)
✔ R86 bash release stops on a real failing Go test, including an independent early-build mutation (3196.227458ms)
✔ R86 CI uses the package version, installs test dependencies and needs no private Riot key (1.735584ms)
﹣ R86 Windows release stops on a real failing Go test and rejects an independent early build (0.236291ms) # requires Windows and PowerShell
✔ format gates exclude local toolchains and GOPATH modules while retaining untracked project source (145.921042ms)
✔ R222 CI skip preserves syntax, fingerprints, runtime verification and hashes (0.545667ms)
﹣ R222 Windows release entry points reject CI skip locally before any side effect (0.059875ms) # requires Windows and PowerShell
✔ setup-only Bash build wraps one NSIS result, hashes final bytes and removes legacy outputs (2959.69025ms)
✔ failed NSIS stops before wrapping or issuing a receipt and cleans the uninstall shell (1671.5795ms)
✔ compression overrides are explicit and invalid levels fail before packaging (4.321917ms)
✔ unchanged complete npm dependencies are reused; damage or a lock change reinstalls them (8697.570708ms)
✔ setup-only Windows CI skip leaves NSIS, wrapper and receipt gates unconditional (0.342ms)
✔ R225 static names exclude comments and synthetic source strings (5.011291ms)
✔ R225 actual CI filters resolve every alternative and reject nonexistent names (1769.873458ms)
✔ R225 static expected counts also cover the unfiltered R82 PowerShell file (1209.989292ms)
✔ R225 runtime Go evidence rejects empty, omitted and skipped required tests (0.416541ms)
✔ R225 real Node runner proves a selected test passed and rejects an accidental skip (375.922667ms)
ℹ tests 17
ℹ suites 0
ℹ pass 15
ℹ fail 0
ℹ cancelled 0
ℹ skipped 2
ℹ todo 0
ℹ duration_ms 13406.260292
