✔ R117 image queue exports a five-slot cap and keeps successful URL remounts behind admission (137.349083ms)
✔ R117 browser guard reads the production image limit and keeps the twelve-image starvation fixture (0.625541ms)
✔ R117 core frontend contracts remain wired to visible degradation and diagnostics (19.43875ms)
✔ R117 item set skip diagnostics execute in both rejected branches (4.240458ms)
✔ R117 real Chromium guards are wired into CI and cannot silently skip (34.400542ms)
✔ R117 section loader waits for page styles before module execution (0.333125ms)
✔ R117 app installation lookup is singleflight and hidden SSE slices flush once on resume (11.079583ms)
✔ R136 public outputs have distinct names and private outputs keep release names (1.167125ms)
✔ R86 bash release stops on a real failing Go test, including an independent early-build mutation (2527.481958ms)
✔ R86 CI uses the package version, installs test dependencies and needs no private Riot key (0.691792ms)
﹣ R86 Windows release stops on a real failing Go test and rejects an independent early build (0.066375ms) # requires Windows and PowerShell
✔ format gates exclude local toolchains and GOPATH modules while retaining untracked project source (70.017417ms)
✔ R222 CI skip preserves syntax, fingerprints, runtime verification and hashes (0.866292ms)
﹣ R222 Windows release entry points reject CI skip locally before any side effect (0.060333ms) # requires Windows and PowerShell
✔ setup-only Bash build wraps one NSIS result, hashes final bytes and removes legacy outputs (2579.203334ms)
✔ failed NSIS stops before wrapping or issuing a receipt and cleans the uninstall shell (1184.152583ms)
✔ compression overrides are explicit and invalid levels fail before packaging (1.514916ms)
✔ unchanged complete npm dependencies are reused; damage or a lock change reinstalls them (5589.779875ms)
✔ setup-only Windows CI skip leaves NSIS, wrapper and receipt gates unconditional (0.258917ms)
✔ R225 static names exclude comments and synthetic source strings (3.802917ms)
✔ R225 actual CI filters resolve every alternative and reject nonexistent names (1334.110666ms)
✔ R225 static expected counts also cover the unfiltered R82 PowerShell file (512.050625ms)
✔ R225 runtime Go evidence rejects empty, omitted and skipped required tests (0.919458ms)
✔ R225 real Node runner proves a selected test passed and rejects an accidental skip (308.753459ms)
ℹ tests 24
ℹ suites 0
ℹ pass 22
ℹ fail 0
ℹ cancelled 0
ℹ skipped 2
ℹ todo 0
ℹ duration_ms 9417.61525
