
7-Zip (z) 24.09 (arm64) : Copyright (c) 1999-2024 Igor Pavlov : 2024-11-28
 64-bit arm_v:8.5-A locale=C.UTF-8 Threads:8 OPEN_MAX:1048575, ASM

Scanning the drive for archives:
1 file, 109713184 bytes (105 MiB)

Extracting archive: /Users/ly/personal/personal-work/deep-legends/dist/R238-windows-ci03-package-public/embedded-nsis.exe

WARNINGS:
There are data after the end of archive

--
Path = /Users/ly/personal/personal-work/deep-legends/dist/R238-windows-ci03-package-public/embedded-nsis.exe
Type = Nsis
WARNINGS:
There are data after the end of archive
Physical Size = 107839866
Tail Size = 1873318
Method = Deflate
Solid = -
Headers Size = 159404
Embedded Stub Size = 200192
SubType = NSIS-3 Unicode BadCmd=13

Everything is Ok

Archives with Warnings: 1

Warnings: 1
Size:       105352099
Compressed: 109713184

7-Zip (z) 24.09 (arm64) : Copyright (c) 1999-2024 Igor Pavlov : 2024-11-28
 64-bit arm_v:8.5-A locale=C.UTF-8 Threads:8 OPEN_MAX:1048575, ASM

Scanning the drive for archives:
1 file, 105352099 bytes (101 MiB)

Extracting archive: /Users/ly/personal/personal-work/deep-legends/dist/R238-windows-ci03-package-public/nsis/$PLUGINSDIR/app-64.7z
--
Path = /Users/ly/personal/personal-work/deep-legends/dist/R238-windows-ci03-package-public/nsis/$PLUGINSDIR/app-64.7z
Type = 7z
Physical Size = 105352099
Headers Size = 640
Method = LZMA2:26 BCJ
Solid = +
Blocks = 1

Everything is Ok

Folders: 4
Files: 23
Size:       349366273
Compressed: 105352099
verified build fingerprint=129e36bf324c
{"schema": 1, "version": "0.12.77", "fingerprint": "129e36bf324c", "mode": "public", "backendSHA256": "60279e9762f1cf01d461f283bfc5cba134b7e7e9c2277b848f12fca13f729bb6", "assets": {"Deep-Legends-Setup-0.12.77-public.exe": "9bad55cefcc3f733bf091638162f9282f650700d2d51391aad1f06a6672fb0da"}, "provenance": "derived from actual extracted installer bytes, not original build receipt", "embedded_nsis_offset": 2167520, "setup_size": 111880704}
