TAP version 13
# Subtest: R209 duplicate enqueue cannot reserve the same queued task twice
not ok 1 - R209 duplicate enqueue cannot reserve the same queued task twice
  ---
  duration_ms: 267.889833
  type: 'test'
  location: '/Users/ly/personal/personal-work/deep-legends/backend/web/r209.test.cjs:86:1'
  failureType: 'testCodeFailure'
  error: |-
    Expected values to be strictly equal:
    
    6 !== 1
    
  code: 'ERR_ASSERTION'
  name: 'AssertionError'
  expected: 1
  actual: 6
  operator: 'strictEqual'
  stack: |-
    TestContext.<anonymous> (/Users/ly/personal/personal-work/deep-legends/backend/web/r209.test.cjs:89:65)
    async Test.run (node:internal/test_runner/test:1125:7)
    async startSubtestAfterBootstrap (node:internal/test_runner/harness:358:3)
  ...
1..1
# tests 1
# suites 0
# pass 0
# fail 1
# cancelled 0
# skipped 0
# todo 0
# duration_ms 635.351917
