TAP version 13
# Subtest: R209 removed eight active DOM cards reconcile slots once and admit new screen
not ok 1 - R209 removed eight active DOM cards reconcile slots once and admit new screen
  ---
  duration_ms: 263.286084
  type: 'test'
  location: '/Users/ly/personal/personal-work/deep-legends/backend/web/r209.test.cjs:55:1'
  failureType: 'testCodeFailure'
  error: |-
    Expected values to be strictly equal:
    
    8 !== 0
    
  code: 'ERR_ASSERTION'
  name: 'AssertionError'
  expected: 0
  actual: 8
  operator: 'strictEqual'
  stack: |-
    Object.invariant (/Users/ly/personal/personal-work/deep-legends/backend/web/r209.test.cjs:49:135)
    TestContext.<anonymous> (/Users/ly/personal/personal-work/deep-legends/backend/web/r209.test.cjs:60:5)
    async Test.run (node:internal/test_runner/test:1125:7)
    async startSubtestAfterBootstrap (node:internal/test_runner/harness:358:3)
  ...
1..1
# tests 1
# suites 0
# pass 0
# fail 1
# cancelled 0
# skipped 0
# todo 0
# duration_ms 839.7005
