TAP version 13
# Subtest: R209 removed eight active DOM cards reconcile slots once and admit new screen
ok 1 - R209 removed eight active DOM cards reconcile slots once and admit new screen
  ---
  duration_ms: 287.954208
  type: 'test'
  ...
# Subtest: R209 collection lifecycle preserves unchanged cards then releases every rebuilt or hidden job
ok 2 - R209 collection lifecycle preserves unchanged cards then releases every rebuilt or hidden job
  ---
  duration_ms: 178.075791
  type: 'test'
  ...
# Subtest: R209 silent observer falls back for visible pending cards exactly after two seconds
ok 3 - R209 silent observer falls back for visible pending cards exactly after two seconds
  ---
  duration_ms: 141.172791
  type: 'test'
  ...
# Subtest: R209 duplicate enqueue cannot reserve the same queued task twice
ok 4 - R209 duplicate enqueue cannot reserve the same queued task twice
  ---
  duration_ms: 133.285959
  type: 'test'
  ...
# Subtest: R209 stalled waiting diagnostics carry complete counts and are limited to one per thirty seconds
ok 5 - R209 stalled waiting diagnostics carry complete counts and are limited to one per thirty seconds
  ---
  duration_ms: 120.812167
  type: 'test'
  ...
# Subtest: R209 pending external cards use actual scroll root and hidden or offscreen cards never fall back
ok 6 - R209 pending external cards use actual scroll root and hidden or offscreen cards never fall back
  ---
  duration_ms: 166.702708
  type: 'test'
  ...
# Subtest: R209 runtime transport bounds fields and excludes resource paths
ok 7 - R209 runtime transport bounds fields and excludes resource paths
  ---
  duration_ms: 3.337417
  type: 'test'
  ...
1..7
# tests 7
# suites 0
# pass 7
# fail 0
# cancelled 0
# skipped 0
# todo 0
# duration_ms 1539.182334
