[build 2026-10-03T12:59:01.592Z] cleanup: started (0.0s)
[build 2026-10-03T12:59:01.616Z] cleanup: completed (0.0s)
[build 2026-10-03T12:59:01.797Z] go-test: started (0.0s)
[go-test] discovered 1743 tests; running 5 shards
[go-test] shard 1/5: started (1 tests)
[go-test] shard 2/5: started (379 tests)
[go-test] shard 3/5: started (442 tests)
[go-test] shard 4/5: started (379 tests)
[go-test] shard 5/5: started (542 tests)
[build 2026-10-03T12:59:11.802Z] go-test: still running (10.0s)
[build 2026-10-03T12:59:21.803Z] go-test: still running (20.0s)
[build 2026-10-03T12:59:31.804Z] go-test: still running (30.0s)
[build 2026-10-03T12:59:41.804Z] go-test: still running (40.0s)
[build 2026-10-03T12:59:51.807Z] go-test: still running (50.0s)
ok  	lol-loot-assistant/backend	44.017s
[go-test] shard 4/5: completed (45.5s)
[build 2026-10-03T13:00:01.808Z] go-test: still running (60.0s)
[build 2026-10-03T13:00:11.810Z] go-test: still running (70.0s)
ok  	lol-loot-assistant/backend	61.002s
[go-test] shard 1/5: completed (62.2s)
ok  	lol-loot-assistant/backend	62.266s
[go-test] shard 5/5: completed (63.6s)
ok  	lol-loot-assistant/backend	64.376s
[go-test] shard 2/5: completed (65.7s)
ok  	lol-loot-assistant/backend	65.670s
[go-test] shard 3/5: completed (67.1s)
[build 2026-10-03T13:00:17.251Z] go-test: completed (75.5s)
[build 2026-10-03T13:00:17.283Z] go-vet: started (0.0s)
[build 2026-10-03T13:00:18.342Z] go-vet: completed (1.1s)
[build 2026-10-03T13:00:18.372Z] installer-test: started (0.0s)
ok  	deeplegends/installer	(cached)
ok  	deeplegends/installer/internal/webviewhost	(cached)
?   	deeplegends/installer/payload	[no test files]
?   	deeplegends/installer/ui	[no test files]
ok  	deeplegends/installer/uninstall	(cached)
[build 2026-10-03T13:00:18.471Z] installer-test: completed (0.1s)
[build 2026-10-03T13:00:18.500Z] installer-vet: started (0.0s)
[build 2026-10-03T13:00:18.637Z] installer-vet: completed (0.1s)
Public build: no embedded Riot API key; KR queries require RIOT_API_KEY at runtime.
[build 2026-10-03T13:00:18.666Z] source-fingerprint: started (0.0s)
[build 2026-10-03T13:00:18.730Z] source-fingerprint: completed (0.1s)
[build 2026-10-03T13:00:18.759Z] backend-build: started (0.0s)
[build 2026-10-03T13:00:21.576Z] backend-build: completed (2.8s)
[build 2026-10-03T13:00:21.606Z] backend-fingerprint: started (0.0s)
verified build fingerprint=88054c16893c
[build 2026-10-03T13:00:21.650Z] backend-fingerprint: completed (0.0s)
npm-ci: cache hit (package manifests unchanged); set FORCE_NPM_INSTALL=1 for a clean reinstall
electron-cache: checking for a reusable Windows Electron archive
electron-cache: check completed
Reusing cached Electron distribution: /Users/ly/Library/Caches/electron/85f2b7422cd2141b6caa99bac0fc0658b0f22b533b571f6a2ec9a49f2ac23c0a/electron-v43.3.0-win32-x64.zip
[build 2026-10-03T13:00:24.716Z] uninstaller-shell: started (0.0s)
Uninstaller shell built: uninstall-shell.exe
[build 2026-10-03T13:00:24.886Z] uninstaller-shell: completed (0.2s)
[build 2026-10-03T13:00:24.916Z] nsis: started (0.0s)
npm warn Unknown user config "scripts-prepend-node-path". This will stop working in the next major version of npm. See `npm help npmrc` for supported config options.

> deep-legends-desktop@0.12.64 pack:win-setup
> electron-builder --win nsis --x64 --config.win.signExecutable=false --config.nsis.artifactName=Deep Legends Setup ${version}-public.${ext} --config.electronDist=/Users/ly/Library/Caches/electron/85f2b7422cd2141b6caa99bac0fc0658b0f22b533b571f6a2ec9a49f2ac23c0a/electron-v43.3.0-win32-x64.zip

  • electron-builder  version=26.15.7 os=27.0.0
  • loaded configuration  file=package.json ("build" field)
Setup compression: 7z level 9 (default 9)
  • executing @electron/rebuild  electronVersion=43.3.0 arch=x64 buildFromSource=false workspaceRoot=/Users/ly/personal/personal-work/deep-legends/desktop projectDir=./ appDir=./
  • installing native dependencies  arch=x64
  • completed installing native dependencies
  • packaging       platform=win32 arch=x64 electron=43.3.0 appOutDir=/Users/ly/personal/personal-work/deep-legends/dist/desktop/win-unpacked
  • using custom electronDist zip file  zipFile=/Users/ly/Library/Caches/electron/85f2b7422cd2141b6caa99bac0fc0658b0f22b533b571f6a2ec9a49f2ac23c0a/electron-v43.3.0-win32-x64.zip
  • searching for node modules  pm=npm searchDir=/Users/ly/personal/personal-work/deep-legends/desktop
  • no node modules found in collection, trying next search directory  pm=npm searchDir=/Users/ly/personal/personal-work/deep-legends/desktop
  • searching for node modules  pm=traversal searchDir=/Users/ly/personal/personal-work/deep-legends/desktop
  • using manual traversal of node_modules to build dependency tree
  • no node modules found in collection, trying next search directory  pm=traversal searchDir=/Users/ly/personal/personal-work/deep-legends/desktop
  • no node modules returned while searching directories  searchDirectories=[""]
  • updating asar integrity executable resource  executablePath=/Users/ly/personal/personal-work/deep-legends/dist/desktop/win-unpacked/Deep Legends.exe
  • file signing skipped via signExecutable configuration  file=/Users/ly/personal/personal-work/deep-legends/dist/desktop/win-unpacked/Deep Legends.exe
  • building        target=nsis file=/Users/ly/personal/personal-work/deep-legends/dist/desktop/Deep Legends Setup 0.12.64-public.exe archs=x64 oneClick=false perMachine=false
[build 2026-10-03T13:00:34.920Z] nsis: still running (10.0s)
[build 2026-10-03T13:00:44.922Z] nsis: still running (20.0s)
[build 2026-10-03T13:00:54.924Z] nsis: still running (30.0s)
[build 2026-10-03T13:01:04.926Z] nsis: still running (40.0s)
[build 2026-10-03T13:01:14.928Z] nsis: still running (50.0s)
[build 2026-10-03T13:01:24.930Z] nsis: still running (60.0s)
[build 2026-10-03T13:01:34.932Z] nsis: still running (70.0s)
[build 2026-10-03T13:01:44.934Z] nsis: still running (80.0s)
  • file signing skipped via signExecutable configuration  file=/Users/ly/personal/personal-work/deep-legends/dist/desktop/Deep Legends Setup 0.12.64-public.__uninstaller.exe
  • file signing skipped via signExecutable configuration  file=/Users/ly/personal/personal-work/deep-legends/dist/desktop/Deep Legends Setup 0.12.64-public.exe
[build 2026-10-03T13:01:51.056Z] nsis: completed (86.1s)
[build 2026-10-03T13:01:51.106Z] installer-shell: started (0.0s)
Installer shell built: Deep Legends Setup 0.12.64-public.exe (348321623 installed bytes)
[build 2026-10-03T13:01:53.740Z] installer-shell: completed (2.6s)
[build 2026-10-03T13:01:53.771Z] packaged-runtime: started (0.0s)
packaged desktop runtime verified: backend-evidence.cjs, desktop-log.cjs, diagnostics-directory.cjs, diagnostics-export.cjs, main.cjs, preload.cjs, process-metrics.cjs, proxy-resolution.cjs, share-export.cjs, ui-scale.cjs, window-bounds-store.cjs, window-bounds.cjs
[build 2026-10-03T13:01:53.820Z] packaged-runtime: completed (0.0s)
[build 2026-10-03T13:01:53.848Z] packaged-fingerprint: started (0.0s)
verified build fingerprint=88054c16893c
[build 2026-10-03T13:01:53.896Z] packaged-fingerprint: completed (0.0s)
[build 2026-10-03T13:01:53.925Z] release-receipt: started (0.0s)
Build distribution verified: public · 88054c16893c
[build 2026-10-03T13:01:54.371Z] release-receipt: completed (0.4s)
[build 2026-10-03T13:01:54.399Z] setup-checksum: started (0.0s)
[build 2026-10-03T13:01:54.768Z] setup-checksum: completed (0.4s)
[build 2026-10-03T13:01:54.799Z] unpacked-cleanup: started (0.0s)
[build 2026-10-03T13:01:54.838Z] unpacked-cleanup: completed (0.0s)
Setup build complete: Deep Legends Setup 0.12.64-public.exe
