✖ R201 installer ready hides every window before flushed shutdown quits (2.894708ms)
ℹ tests 1
ℹ suites 0
ℹ pass 0
ℹ fail 1
ℹ cancelled 0
ℹ skipped 0
ℹ todo 0
ℹ duration_ms 354.592958

✖ failing tests:

test at desktop/backend-lifecycle.test.cjs:168:1
✖ R201 installer ready hides every window before flushed shutdown quits (2.894708ms)
  AssertionError [ERR_ASSERTION]: Expected values to be strictly deep-equal:
  + actual - expected

  + []
  - [
  -   'main',
  -   'splash',
  -   'dialog'
  - ]

      at TestContext.<anonymous> (/Users/ly/personal/personal-work/deep-legends/desktop/backend-lifecycle.test.cjs:171:10)
      at Test.runInAsyncScope (node:async_hooks:228:14)
      at Test.run (node:internal/test_runner/test:1118:25)
      at Test.start (node:internal/test_runner/test:1015:17)
      at startSubtestAfterBootstrap (node:internal/test_runner/harness:358:17) {
    generatedMessage: true,
    code: 'ERR_ASSERTION',
    actual: [],
    expected: [ 'main', 'splash', 'dialog' ],
    operator: 'deepStrictEqual',
    diff: 'simple'
  }
