✔ R248 disabled first frame never waits for authorization and hides expiry (90.522084ms)
✔ R248 default native gate allows IPC without status requests (0.822875ms)
✔ R248 default release rejects both authorization origins (3.258916ms)
✖ R252 disabled release rejects embedded activation text and default assets contain no activation UI (1.782334ms)
ℹ tests 4
ℹ suites 0
ℹ pass 3
ℹ fail 1
ℹ cancelled 0
ℹ skipped 0
ℹ todo 0
ℹ duration_ms 444.879541

✖ failing tests:

test at desktop/disabled-build.test.cjs:23:1
✖ R252 disabled release rejects embedded activation text and default assets contain no activation UI (1.782334ms)
  AssertionError [ERR_ASSERTION]: Missing expected exception.
      at TestContext.<anonymous> (/Users/ly/personal/personal-work/deep-legends/desktop/disabled-build.test.cjs:25:180)
      at Test.runInAsyncScope (node:async_hooks:228:14)
      at Test.run (node:internal/test_runner/test:1118:25)
      at Test.processPendingSubtests (node:internal/test_runner/test:787:18)
      at Test.postRun (node:internal/test_runner/test:1247:19)
      at Test.run (node:internal/test_runner/test:1175:12)
      at async Test.processPendingSubtests (node:internal/test_runner/test:787:7) {
    generatedMessage: false,
    code: 'ERR_ASSERTION',
    actual: undefined,
    expected: /activation UI content/,
    operator: 'throws',
    diff: 'simple'
  }
