✔ R252 visible tag hydration indexes the tree once without losing or admitting games (76.415791ms)
✖ R252 arena detail and unknown-result fallback preserve partial and larger team counts (4.5785ms)
✔ R252 specialist upstream timeout keeps OPGG, pro and client backup selectable (4.590833ms)
ℹ tests 3
ℹ suites 0
ℹ pass 2
ℹ fail 1
ℹ cancelled 0
ℹ skipped 0
ℹ todo 0
ℹ duration_ms 440.304584

✖ failing tests:

test at backend/web/r252.test.cjs:22:1
✖ R252 arena detail and unknown-result fallback preserve partial and larger team counts (4.5785ms)
  AssertionError [ERR_ASSERTION]: 1710/10/5
  
  'loss' !== 'win'
  
      at TestContext.<anonymous> (/Users/ly/personal/personal-work/deep-legends/backend/web/r252.test.cjs:28:10)
      at Test.runInAsyncScope (node:async_hooks:228:14)
      at Test.run (node:internal/test_runner/test:1118:25)
      at Test.processPendingSubtests (node:internal/test_runner/test:787:18)
      at Test.postRun (node:internal/test_runner/test:1247:19)
      at Test.run (node:internal/test_runner/test:1175:12)
      at async startSubtestAfterBootstrap (node:internal/test_runner/harness:358:3) {
    generatedMessage: false,
    code: 'ERR_ASSERTION',
    actual: 'loss',
    expected: 'win',
    operator: 'strictEqual',
    diff: 'simple'
  }
