✔ R206 Worker forwards only the actual Riot GET route whitelist (39.768125ms)
✔ R206 Worker rejects arbitrary paths/hosts/methods without Riot I/O (0.684709ms)
✔ R206 Worker response caching honors category TTL and contains no identity cache keys (5.580875ms)
✔ R206 Worker per-IP limit rejects request 301 and allows another IP (75.483292ms)
✔ R206 Worker preserves Riot Retry-After and avoids same-path I/O during cooldown (1.368791ms)
✔ R206 Worker never exposes or logs its secret, including echoed upstream values (1.296042ms)
✔ R206 Worker fails closed without a secret or rate limiter (0.188458ms)
✔ R206 Worker rejects upstream redirects without forwarding the secret or Location (1.86975ms)
✖ R208 application cooldown blocks every path on its host, with decreasing remaining time (1.440416ms)
✔ R208 method/service/missing-header cooldowns remain path scoped and default to five seconds (3.17775ms)
✔ R208 IP 429 and controlled upstream failures are JSON rather than false daily-quota pages (61.795208ms)
✖ R208 application remaining time takes precedence when IP limit also expires (1.28325ms)
ℹ tests 12
ℹ suites 0
ℹ pass 10
ℹ fail 2
ℹ cancelled 0
ℹ skipped 0
ℹ todo 0
ℹ duration_ms 271.547875

✖ failing tests:

test at ../../../../../private/var/folders/0n/pkflntvd76d53gtp1vj_n9gr0000gn/T/r208-mutants-urxotr71/worker/worker.test.mjs:122:1
✖ R208 application cooldown blocks every path on its host, with decreasing remaining time (1.440416ms)
  AssertionError [ERR_ASSERTION]: Expected values to be strictly equal:
  
  200 !== 429
  
      at TestContext.<anonymous> (file:///private/var/folders/0n/pkflntvd76d53gtp1vj_n9gr0000gn/T/r208-mutants-urxotr71/worker/worker.test.mjs:134:10)
      at async Test.run (node:internal/test_runner/test:1125:7)
      at async Test.processPendingSubtests (node:internal/test_runner/test:787:7) {
    generatedMessage: true,
    code: 'ERR_ASSERTION',
    actual: 200,
    expected: 429,
    operator: 'strictEqual',
    diff: 'simple'
  }

test at ../../../../../private/var/folders/0n/pkflntvd76d53gtp1vj_n9gr0000gn/T/r208-mutants-urxotr71/worker/worker.test.mjs:180:1
✖ R208 application remaining time takes precedence when IP limit also expires (1.28325ms)
  AssertionError [ERR_ASSERTION]: Expected values to be strictly equal:
  
  '7' !== '5'
  
      at TestContext.<anonymous> (file:///private/var/folders/0n/pkflntvd76d53gtp1vj_n9gr0000gn/T/r208-mutants-urxotr71/worker/worker.test.mjs:188:12)
      at async Test.run (node:internal/test_runner/test:1125:7)
      at async Test.processPendingSubtests (node:internal/test_runner/test:787:7) {
    generatedMessage: true,
    code: 'ERR_ASSERTION',
    actual: '7',
    expected: '5',
    operator: 'strictEqual',
    diff: 'simple'
  }
