✔ R206 Worker forwards only the actual Riot GET route whitelist (25.126625ms)
✔ R206 Worker rejects arbitrary paths/hosts/methods without Riot I/O (0.943916ms)
✔ R206 Worker response caching honors category TTL and contains no identity cache keys (2.78275ms)
✔ R206 Worker per-IP limit rejects request 301 and allows another IP (41.817542ms)
✔ R206 Worker preserves Riot Retry-After and avoids same-path I/O during cooldown (1.331458ms)
✔ R206 Worker never exposes or logs its secret, including echoed upstream values (1.3915ms)
✔ R206 Worker fails closed without a secret or rate limiter (0.192625ms)
✔ R206 Worker rejects upstream redirects without forwarding the secret or Location (1.823166ms)
✔ R208 application cooldown blocks every path on its host, with decreasing remaining time (1.263042ms)
✔ R208 method/service/missing-header cooldowns remain path scoped and default to five seconds (2.397792ms)
✔ R208 IP 429 and controlled upstream failures are JSON rather than false daily-quota pages (38.112625ms)
✔ R208 application remaining time takes precedence when IP limit also expires (43.303417ms)
ℹ tests 12
ℹ suites 0
ℹ pass 12
ℹ fail 0
ℹ cancelled 0
ℹ skipped 0
ℹ todo 0
ℹ duration_ms 219.598666
