✔ R244 live header counts and KDA come from displayed rows even if stale stats disagree (3.352291ms)
✖ R244 first self card hides immediately and 15-second no-card fallback remains retryable (52.067333ms)
✔ R244 connection-state starts status request within 100ms (1.644375ms)
✔ R244 matches card emits readiness from the rendered list and only once for self (10.2605ms)
✔ R244 timeout produces the existing retry error flow for self (2.193291ms)
ℹ tests 5
ℹ suites 0
ℹ pass 4
ℹ fail 1
ℹ cancelled 0
ℹ skipped 0
ℹ todo 0
ℹ duration_ms 395.537459

✖ failing tests:

test at backend/web/r244.test.cjs:25:1
✖ R244 first self card hides immediately and 15-second no-card fallback remains retryable (52.067333ms)
  AssertionError [ERR_ASSERTION]: missing 15s fallback
      at TestContext.<anonymous> (/Users/ly/personal/personal-work/deep-legends/backend/web/r244.test.cjs:29:63)
      at Test.runInAsyncScope (node:async_hooks:228:14)
      at Test.run (node:internal/test_runner/test:1118:25)
      at Test.processPendingSubtests (node:internal/test_runner/test:787:18)
      at Test.postRun (node:internal/test_runner/test:1247:19)
      at Test.run (node:internal/test_runner/test:1175:12)
      at async startSubtestAfterBootstrap (node:internal/test_runner/harness:358:3) {
    generatedMessage: false,
    code: 'ERR_ASSERTION',
    actual: undefined,
    expected: true,
    operator: '==',
    diff: 'simple'
  }
