✖ R244 live header counts and KDA come from displayed rows even if stale stats disagree (5.99725ms)
✔ R244 first self card hides immediately and 15-second no-card fallback remains retryable (209.233792ms)
✔ R244 connection-state starts status request within 100ms (2.654833ms)
✔ R244 matches card emits readiness from the rendered list and only once for self (25.755791ms)
✔ R244 timeout produces the existing retry error flow for self (5.458416ms)
ℹ tests 5
ℹ suites 0
ℹ pass 4
ℹ fail 1
ℹ cancelled 0
ℹ skipped 0
ℹ todo 0
ℹ duration_ms 1244.087709

✖ failing tests:

test at backend/web/r244.test.cjs:8:1
✖ R244 live header counts and KDA come from displayed rows even if stale stats disagree (5.99725ms)
  AssertionError [ERR_ASSERTION]: The input did not match the regular expression /本模式暂无战绩/. Input:
  
  '<article class="live-player"><div class="live-player-copy"><div class="live-player-identity"><button class="live-player-name" type="button" disabled data-tooltip="玩家" data-tooltip-overflow="self" data-tooltip-size="compact">玩家</button></div><span> · 未定级</span></div><dl><div><dt>近 10 局</dt><dd class="live-record-value">0胜 10负</dd></div><div><dt>胜率</dt><dd class="win-rate-value">0%</dd></div><div><dt>KDA</dt><dd class="live-kda-value">0.00:1</dd></div></dl></article>'
  
      at TestContext.<anonymous> (/Users/ly/personal/personal-work/deep-legends/backend/web/r244.test.cjs:14:15)
      at Test.runInAsyncScope (node:async_hooks:228:14)
      at Test.run (node:internal/test_runner/test:1118:25)
      at Test.start (node:internal/test_runner/test:1015:17)
      at startSubtestAfterBootstrap (node:internal/test_runner/harness:358:17) {
    generatedMessage: true,
    code: 'ERR_ASSERTION',
    actual: '<article class="live-player"><div class="live-player-copy"><div class="live-player-identity"><button class="live-player-name" type="button" disabled data-tooltip="玩家" data-tooltip-overflow="self" data-tooltip-size="compact">玩家</button></div><span> · 未定级</span></div><dl><div><dt>近 10 局</dt><dd class="live-record-value">0胜 10负</dd></div><div><dt>胜率</dt><dd class="win-rate-value">0%</dd></div><div><dt>KDA</dt><dd class="live-kda-value">0.00:1</dd></div></dl></article>',
    expected: /本模式暂无战绩/,
    operator: 'match',
    diff: 'simple'
  }
