✖ R235 data labels preserve missing fields, globals, team maxima and single kills (68.141292ms)
ℹ tests 1
ℹ suites 0
ℹ pass 0
ℹ fail 1
ℹ cancelled 0
ℹ skipped 0
ℹ todo 0
ℹ duration_ms 403.598917

✖ failing tests:

test at backend/web/r235.test.cjs:17:1
✖ R235 data labels preserve missing fields, globals, team maxima and single kills (68.141292ms)
  AssertionError [ERR_ASSERTION]: The expression evaluated to a falsy value:
  
    assert(items.length>4)
  
      at TestContext.<anonymous> (/private/var/folders/0n/pkflntvd76d53gtp1vj_n9gr0000gn/T/r238-final57-mutants-44cxw4bz/backend/web/r235.test.cjs:26:303)
      at Test.runInAsyncScope (node:async_hooks:228:14)
      at Test.run (node:internal/test_runner/test:1118:25)
      at Test.start (node:internal/test_runner/test:1015:17)
      at startSubtestAfterBootstrap (node:internal/test_runner/harness:358:17) {
    generatedMessage: true,
    code: 'ERR_ASSERTION',
    actual: false,
    expected: true,
    operator: '==',
    diff: 'simple'
  }
