✔ appearance scale options exactly match the desktop steps and precede density (229.669042ms)
✔ scaling applies without the desktop bridge and follows the window size (604.17425ms)
✔ desktop preference wins on startup; changes persist and auto labels update the visible custom select (112.960292ms)
✔ a delayed get cannot undo a user selection made during startup (90.923042ms)
✖ R238 browser fixed preference resets once and subsequent fixed choices survive (190.434416ms)
✔ R238 shell auto overrides a stale fixed browser preference (76.200541ms)
✔ auto 1366x768 = 1 (0.610375ms)
✔ auto 1600x900 = 1 (0.064708ms)
✔ auto 1920x1080 = 1 (0.066542ms)
✔ auto 2304x1318 = 1.2 (0.055125ms)
✔ auto 2560x1440 = 1.33 (0.06275ms)
✔ auto 2560x1600 = 1.33 (0.043833ms)
✔ auto 3440x1440 = 1.6 (0.042ms)
✔ auto 3840x2160 = 2 (0.040583ms)
✔ auto 3840x1600 = 1.78 (0.05475ms)
✔ auto 5120x2880 = 2.5 (0.088542ms)
✔ auto 7680x4320 = 2.5 (0.056ms)
✔ auto 1024x600 = 1 (0.041042ms)
✔ continuous scale, quantization, clamps and manual-step normalization (1.87175ms)
✔ scale mutants turn the corresponding geometry guards red (2.648333ms)
✔ titlebar, minimum size, reload, resize and display events run through the real main module (14.996667ms)
✖ IPC restores independent preferences, normalizes fixed values and rejects untrusted senders (1.199792ms)
✔ main behavior guards reject titlebar, minimum size, trust, reload, debounce and export mutants (16.292042ms)
✔ preload exposes scale IPC without leaking the Electron event (0.602375ms)
✔ packaged runtime includes the scaling module (0.222167ms)
✖ R238 old fixed scale migrates once, then preserves the user's fixed choice (1.105333ms)
✔ R238 missing, corrupt and oversized scale files migrate to marked auto (2.458416ms)
ℹ tests 27
ℹ suites 0
ℹ pass 24
ℹ fail 3
ℹ cancelled 0
ℹ skipped 0
ℹ todo 0
ℹ duration_ms 1637.08525

✖ failing tests:

test at desktop/ui-scale-render.test.cjs:102:1
✖ R238 browser fixed preference resets once and subsequent fixed choices survive (190.434416ms)
  AssertionError [ERR_ASSERTION]: Expected values to be strictly equal:
  
  'auto' !== '1.25'
  
      at TestContext.<anonymous> (/private/var/folders/0n/pkflntvd76d53gtp1vj_n9gr0000gn/T/r238-scale-mutants-yWhdjR/always-reset/desktop/ui-scale-render.test.cjs:115:29)
      at async Test.run (node:internal/test_runner/test:1125:7)
      at async Test.processPendingSubtests (node:internal/test_runner/test:787:7) {
    generatedMessage: true,
    code: 'ERR_ASSERTION',
    actual: 'auto',
    expected: '1.25',
    operator: 'strictEqual',
    diff: 'simple'
  }

test at desktop/ui-scale.test.cjs:183:1
✖ IPC restores independent preferences, normalizes fixed values and rejects untrusted senders (1.199792ms)
  AssertionError [ERR_ASSERTION]: Expected values to be strictly deep-equal:
  + actual - expected
  
    {
      auto: 1,
  +   mode: 'auto',
  +   value: 1
  -   mode: 'fixed',
  -   value: 2
    }
  
      at TestContext.<anonymous> (/private/var/folders/0n/pkflntvd76d53gtp1vj_n9gr0000gn/T/r238-scale-mutants-yWhdjR/always-reset/desktop/ui-scale.test.cjs:185:55)
      at Test.runInAsyncScope (node:async_hooks:228:14)
      at Test.run (node:internal/test_runner/test:1118:25)
      at Test.processPendingSubtests (node:internal/test_runner/test:787:18)
      at Test.postRun (node:internal/test_runner/test:1247:19)
      at Test.run (node:internal/test_runner/test:1175:12)
      at async Test.processPendingSubtests (node:internal/test_runner/test:787:7) {
    generatedMessage: true,
    code: 'ERR_ASSERTION',
    actual: { mode: 'auto', value: 1, auto: 1 },
    expected: { mode: 'fixed', value: 2, auto: 1 },
    operator: 'deepStrictEqual',
    diff: 'simple'
  }

test at desktop/ui-scale.test.cjs:233:1
✖ R238 old fixed scale migrates once, then preserves the user's fixed choice (1.105333ms)
  AssertionError [ERR_ASSERTION]: marked preference must not be rewritten at startup
  
  1 !== 0
  
      at TestContext.<anonymous> (/private/var/folders/0n/pkflntvd76d53gtp1vj_n9gr0000gn/T/r238-scale-mutants-yWhdjR/always-reset/desktop/ui-scale.test.cjs:239:10)
      at Test.runInAsyncScope (node:async_hooks:228:14)
      at Test.run (node:internal/test_runner/test:1118:25)
      at Test.processPendingSubtests (node:internal/test_runner/test:787:18)
      at Test.postRun (node:internal/test_runner/test:1247:19)
      at Test.run (node:internal/test_runner/test:1175:12)
      at async Test.processPendingSubtests (node:internal/test_runner/test:787:7) {
    generatedMessage: false,
    code: 'ERR_ASSERTION',
    actual: 1,
    expected: 0,
    operator: 'strictEqual',
    diff: 'simple'
  }
