✔ appearance scale options exactly match the desktop steps and precede density (209.669458ms)
✔ scaling applies without the desktop bridge and follows the window size (556.700334ms)
✔ desktop preference wins on startup; changes persist and auto labels update the visible custom select (118.640375ms)
✔ a delayed get cannot undo a user selection made during startup (73.632333ms)
✖ R238 browser fixed preference resets once and subsequent fixed choices survive (68.708167ms)
✔ R238 shell auto overrides a stale fixed browser preference (77.538292ms)
✔ auto 1366x768 = 1 (0.570625ms)
✔ auto 1600x900 = 1 (0.076958ms)
✔ auto 1920x1080 = 1 (0.070792ms)
✔ auto 2304x1318 = 1.2 (0.056875ms)
✔ auto 2560x1440 = 1.33 (0.057ms)
✔ auto 2560x1600 = 1.33 (0.0425ms)
✔ auto 3440x1440 = 1.6 (0.054666ms)
✔ auto 3840x2160 = 2 (0.04375ms)
✔ auto 3840x1600 = 1.78 (0.055541ms)
✔ auto 5120x2880 = 2.5 (0.0945ms)
✔ auto 7680x4320 = 2.5 (0.060208ms)
✔ auto 1024x600 = 1 (0.040625ms)
✔ continuous scale, quantization, clamps and manual-step normalization (1.5135ms)
✔ scale mutants turn the corresponding geometry guards red (3.081708ms)
✔ titlebar, minimum size, reload, resize and display events run through the real main module (15.253875ms)
✔ IPC restores independent preferences, normalizes fixed values and rejects untrusted senders (3.105917ms)
✔ main behavior guards reject titlebar, minimum size, trust, reload, debounce and export mutants (16.490625ms)
✔ preload exposes scale IPC without leaking the Electron event (0.587625ms)
✔ packaged runtime includes the scaling module (0.206584ms)
✖ R238 old fixed scale migrates once, then preserves the user's fixed choice (0.672916ms)
✖ R238 missing, corrupt and oversized scale files migrate to marked auto (2.921083ms)
ℹ tests 27
ℹ suites 0
ℹ pass 24
ℹ fail 3
ℹ cancelled 0
ℹ skipped 0
ℹ todo 0
ℹ duration_ms 1438.327083

✖ failing tests:

test at desktop/ui-scale-render.test.cjs:102:1
✖ R238 browser fixed preference resets once and subsequent fixed choices survive (68.708167ms)
  AssertionError [ERR_ASSERTION]: Expected values to be strictly equal:
  
  '1.25' !== 'auto'
  
      at TestContext.<anonymous> (/private/var/folders/0n/pkflntvd76d53gtp1vj_n9gr0000gn/T/r238-scale-mutants-yWhdjR/no-migration/desktop/ui-scale-render.test.cjs:107:12)
      at async Test.run (node:internal/test_runner/test:1125:7)
      at async Test.processPendingSubtests (node:internal/test_runner/test:787:7) {
    generatedMessage: true,
    code: 'ERR_ASSERTION',
    actual: '1.25',
    expected: 'auto',
    operator: 'strictEqual',
    diff: 'simple'
  }

test at desktop/ui-scale.test.cjs:233:1
✖ R238 old fixed scale migrates once, then preserves the user's fixed choice (0.672916ms)
  AssertionError [ERR_ASSERTION]: Expected values to be strictly equal:
  
  'fixed' !== 'auto'
  
      at TestContext.<anonymous> (/private/var/folders/0n/pkflntvd76d53gtp1vj_n9gr0000gn/T/r238-scale-mutants-yWhdjR/no-migration/desktop/ui-scale.test.cjs:235:10)
      at Test.runInAsyncScope (node:async_hooks:228:14)
      at Test.run (node:internal/test_runner/test:1118:25)
      at Test.processPendingSubtests (node:internal/test_runner/test:787:18)
      at Test.postRun (node:internal/test_runner/test:1247:19)
      at Test.run (node:internal/test_runner/test:1175:12)
      at async Test.processPendingSubtests (node:internal/test_runner/test:787:7) {
    generatedMessage: true,
    code: 'ERR_ASSERTION',
    actual: 'fixed',
    expected: 'auto',
    operator: 'strictEqual',
    diff: 'simple'
  }

test at desktop/ui-scale.test.cjs:248:1
✖ R238 missing, corrupt and oversized scale files migrate to marked auto (2.921083ms)
  AssertionError [ERR_ASSERTION]: Expected values to be strictly deep-equal:
  + actual - expected
  
  + null
  - {
  -   defaultAuto: 1,
  -   mode: 'auto'
  - }
  
      at TestContext.<anonymous> (/private/var/folders/0n/pkflntvd76d53gtp1vj_n9gr0000gn/T/r238-scale-mutants-yWhdjR/no-migration/desktop/ui-scale.test.cjs:252:12)
      at Test.runInAsyncScope (node:async_hooks:228:14)
      at Test.run (node:internal/test_runner/test:1118:25)
      at Test.processPendingSubtests (node:internal/test_runner/test:787:18)
      at Test.postRun (node:internal/test_runner/test:1247:19)
      at Test.run (node:internal/test_runner/test:1175:12)
      at async Test.processPendingSubtests (node:internal/test_runner/test:787:7) {
    generatedMessage: true,
    code: 'ERR_ASSERTION',
    actual: null,
    expected: { mode: 'auto', defaultAuto: 1 },
    operator: 'deepStrictEqual',
    diff: 'simple'
  }
