=== RUN   TestR104ColdStartupDripProtectsForegroundTwentyMatches
    r104_test.go:206: R252_R104 stage=directory_start elapsed_ms=3
    r104_test.go:206: R252_R104 stage=directory_returned elapsed_ms=517
    r104_test.go:206: R252_R104 stage=await_worker_wait elapsed_ms=517
    r104_test.go:206: R252_R104 stage=worker_wait_enter elapsed_ms=526
    r104_test.go:206: R252_R104 stage=worker_wait_observed elapsed_ms=526
    r104_test.go:206: R252_R104 stage=await_worker_wait elapsed_ms=526
    r104_test.go:206: R252_R104 stage=worker_tick elapsed_ms=526
    r104_test.go:232: R252_R104 transport=account background=true bg=1 fg=0 elapsed_ms=530
    r104_test.go:232: R252_R104 transport=account background=true bg=2 fg=0 elapsed_ms=540
    r104_test.go:232: R252_R104 transport=ids background=true bg=3 fg=0 elapsed_ms=544
    r104_test.go:232: R252_R104 transport=detail background=true bg=4 fg=0 elapsed_ms=550
    r104_test.go:206: R252_R104 stage=worker_wait_enter elapsed_ms=555
    r104_test.go:206: R252_R104 stage=worker_wait_observed elapsed_ms=555
    r104_test.go:206: R252_R104 stage=foreground_fifo_held elapsed_ms=555
    r104_test.go:206: R252_R104 stage=foreground_start elapsed_ms=555
    r104_test.go:206: R252_R104 stage=await_worker_wait elapsed_ms=557
    r104_test.go:206: R252_R104 stage=worker_tick elapsed_ms=557
    r104_test.go:206: R252_R104 stage=worker_wait_enter elapsed_ms=559
    r104_test.go:206: R252_R104 stage=worker_wait_observed elapsed_ms=559
    r104_test.go:206: R252_R104 stage=foreground_fifo_released elapsed_ms=559
    r104_test.go:232: R252_R104 transport=account background=false bg=4 fg=1 elapsed_ms=559
    r104_test.go:232: R252_R104 transport=ids background=false bg=4 fg=2 elapsed_ms=564
    r104_test.go:232: R252_R104 transport=account background=false bg=4 fg=3 elapsed_ms=564
    r104_test.go:232: R252_R104 transport=account background=false bg=4 fg=4 elapsed_ms=564
    r104_test.go:232: R252_R104 transport=account background=false bg=4 fg=5 elapsed_ms=564
    r104_test.go:232: R252_R104 transport=detail background=false bg=4 fg=7 elapsed_ms=571
    r104_test.go:232: R252_R104 transport=detail background=false bg=4 fg=9 elapsed_ms=571
    r104_test.go:232: R252_R104 transport=detail background=false bg=4 fg=10 elapsed_ms=571
    r104_test.go:232: R252_R104 transport=detail background=false bg=4 fg=11 elapsed_ms=571
    r104_test.go:232: R252_R104 transport=detail background=false bg=4 fg=12 elapsed_ms=572
    r104_test.go:232: R252_R104 transport=detail background=false bg=4 fg=13 elapsed_ms=572
    r104_test.go:232: R252_R104 transport=detail background=false bg=4 fg=7 elapsed_ms=571
    r104_test.go:232: R252_R104 transport=detail background=false bg=4 fg=8 elapsed_ms=571
    r104_test.go:232: R252_R104 transport=detail background=false bg=4 fg=14 elapsed_ms=577
    r104_test.go:232: R252_R104 transport=detail background=false bg=4 fg=15 elapsed_ms=596
    r104_test.go:232: R252_R104 transport=detail background=false bg=4 fg=16 elapsed_ms=599
    r104_test.go:232: R252_R104 transport=detail background=false bg=4 fg=17 elapsed_ms=630
    r104_test.go:232: R252_R104 transport=detail background=false bg=4 fg=18 elapsed_ms=823
    r104_test.go:232: R252_R104 transport=detail background=false bg=4 fg=19 elapsed_ms=827
    r104_test.go:232: R252_R104 transport=detail background=false bg=4 fg=20 elapsed_ms=832
    r104_test.go:232: R252_R104 transport=detail background=false bg=4 fg=21 elapsed_ms=836
    r104_test.go:232: R252_R104 transport=detail background=false bg=4 fg=22 elapsed_ms=840
    r104_test.go:232: R252_R104 transport=detail background=false bg=4 fg=23 elapsed_ms=844
    r104_test.go:232: R252_R104 transport=detail background=false bg=4 fg=24 elapsed_ms=849
    r104_test.go:232: R252_R104 transport=detail background=false bg=4 fg=25 elapsed_ms=864
    r104_test.go:206: R252_R104 stage=foreground_returned elapsed_ms=1260
    r104_test.go:206: R252_R104 stage=worker_stopped elapsed_ms=1260
    r104_test.go:361: cold startup: 0 Riot; first minute: 4 background; second minute yields; foreground: 20/20, 25 requests
--- PASS: TestR104ColdStartupDripProtectsForegroundTwentyMatches (1.28s)
PASS
