✔ appearance scale options exactly match the desktop steps and precede density (213.90925ms)
✔ scaling applies without the desktop bridge and follows the window size (616.956875ms)
✔ desktop preference wins on startup; changes persist and auto labels update the visible custom select (125.479291ms)
✔ a delayed get cannot undo a user selection made during startup (75.811417ms)
✖ R238 browser fixed preference resets once and subsequent fixed choices survive (158.884458ms)
✔ R238 shell auto overrides a stale fixed browser preference (95.244875ms)
✔ auto 1366x768 = 1 (0.578666ms)
✔ auto 1600x900 = 1 (0.076ms)
✔ auto 1920x1080 = 1 (0.07125ms)
✔ auto 2304x1318 = 1.2 (0.055875ms)
✔ auto 2560x1440 = 1.33 (0.063667ms)
✔ auto 2560x1600 = 1.33 (0.04975ms)
✔ auto 3440x1440 = 1.6 (0.042666ms)
✔ auto 3840x2160 = 2 (0.039542ms)
✔ auto 3840x1600 = 1.78 (0.05225ms)
✔ auto 5120x2880 = 2.5 (0.092375ms)
✔ auto 7680x4320 = 2.5 (0.162291ms)
✔ auto 1024x600 = 1 (0.049ms)
✔ continuous scale, quantization, clamps and manual-step normalization (1.832084ms)
✔ scale mutants turn the corresponding geometry guards red (2.872834ms)
✔ titlebar, minimum size, reload, resize and display events run through the real main module (14.425625ms)
✖ IPC restores independent preferences, normalizes fixed values and rejects untrusted senders (1.25125ms)
✔ main behavior guards reject titlebar, minimum size, trust, reload, debounce and export mutants (16.697208ms)
✔ preload exposes scale IPC without leaking the Electron event (0.735042ms)
✔ packaged runtime includes the scaling module (0.39025ms)
✖ R238 old fixed scale migrates once, then preserves the user's fixed choice (1.382208ms)
✔ R238 missing, corrupt and oversized scale files migrate to marked auto (2.365917ms)
ℹ tests 27
ℹ suites 0
ℹ pass 24
ℹ fail 3
ℹ cancelled 0
ℹ skipped 0
ℹ todo 0
ℹ duration_ms 1625.321542

✖ failing tests:

test at desktop/ui-scale-render.test.cjs:102:1
✖ R238 browser fixed preference resets once and subsequent fixed choices survive (158.884458ms)
  AssertionError [ERR_ASSERTION]: Expected values to be strictly equal:
  
  'auto' !== '1.25'
  
      at TestContext.<anonymous> (/private/var/folders/0n/pkflntvd76d53gtp1vj_n9gr0000gn/T/r238-scale-mutants-zhghBd/always-reset/desktop/ui-scale-render.test.cjs:115:29)
      at async Test.run (node:internal/test_runner/test:1125:7)
      at async Test.processPendingSubtests (node:internal/test_runner/test:787:7) {
    generatedMessage: true,
    code: 'ERR_ASSERTION',
    actual: 'auto',
    expected: '1.25',
    operator: 'strictEqual',
    diff: 'simple'
  }

test at desktop/ui-scale.test.cjs:183:1
✖ IPC restores independent preferences, normalizes fixed values and rejects untrusted senders (1.25125ms)
  AssertionError [ERR_ASSERTION]: Expected values to be strictly deep-equal:
  + actual - expected
  
    {
      auto: 1,
  +   mode: 'auto',
  +   value: 1
  -   mode: 'fixed',
  -   value: 2
    }
  
      at TestContext.<anonymous> (/private/var/folders/0n/pkflntvd76d53gtp1vj_n9gr0000gn/T/r238-scale-mutants-zhghBd/always-reset/desktop/ui-scale.test.cjs:185:55)
      at Test.runInAsyncScope (node:async_hooks:228:14)
      at Test.run (node:internal/test_runner/test:1118:25)
      at Test.processPendingSubtests (node:internal/test_runner/test:787:18)
      at Test.postRun (node:internal/test_runner/test:1247:19)
      at Test.run (node:internal/test_runner/test:1175:12)
      at async Test.processPendingSubtests (node:internal/test_runner/test:787:7) {
    generatedMessage: true,
    code: 'ERR_ASSERTION',
    actual: { mode: 'auto', value: 1, auto: 1 },
    expected: { mode: 'fixed', value: 2, auto: 1 },
    operator: 'deepStrictEqual',
    diff: 'simple'
  }

test at desktop/ui-scale.test.cjs:233:1
✖ R238 old fixed scale migrates once, then preserves the user's fixed choice (1.382208ms)
  AssertionError [ERR_ASSERTION]: marked preference must not be rewritten at startup
  
  1 !== 0
  
      at TestContext.<anonymous> (/private/var/folders/0n/pkflntvd76d53gtp1vj_n9gr0000gn/T/r238-scale-mutants-zhghBd/always-reset/desktop/ui-scale.test.cjs:239:10)
      at Test.runInAsyncScope (node:async_hooks:228:14)
      at Test.run (node:internal/test_runner/test:1118:25)
      at Test.processPendingSubtests (node:internal/test_runner/test:787:18)
      at Test.postRun (node:internal/test_runner/test:1247:19)
      at Test.run (node:internal/test_runner/test:1175:12)
      at async Test.processPendingSubtests (node:internal/test_runner/test:787:7) {
    generatedMessage: false,
    code: 'ERR_ASSERTION',
    actual: 1,
    expected: 0,
    operator: 'strictEqual',
    diff: 'simple'
  }
