✔ appearance scale options exactly match the desktop steps and precede density (211.653458ms)
✔ scaling applies without the desktop bridge and follows the window size (573.601584ms)
✔ desktop preference wins on startup; changes persist and auto labels update the visible custom select (118.3755ms)
✔ a delayed get cannot undo a user selection made during startup (82.17475ms)
✖ R238 browser fixed preference resets once and subsequent fixed choices survive (76.324792ms)
✔ R238 shell auto overrides a stale fixed browser preference (79.078042ms)
✔ auto 1366x768 = 1 (0.549375ms)
✔ auto 1600x900 = 1 (0.058583ms)
✔ auto 1920x1080 = 1 (0.058125ms)
✔ auto 2304x1318 = 1.2 (0.051833ms)
✔ auto 2560x1440 = 1.33 (0.053417ms)
✔ auto 2560x1600 = 1.33 (0.042125ms)
✔ auto 3440x1440 = 1.6 (0.042375ms)
✔ auto 3840x2160 = 2 (0.039458ms)
✔ auto 3840x1600 = 1.78 (0.050667ms)
✔ auto 5120x2880 = 2.5 (0.086708ms)
✔ auto 7680x4320 = 2.5 (0.056959ms)
✔ auto 1024x600 = 1 (0.03875ms)
✔ continuous scale, quantization, clamps and manual-step normalization (1.222917ms)
✔ scale mutants turn the corresponding geometry guards red (3.628708ms)
✔ titlebar, minimum size, reload, resize and display events run through the real main module (14.735791ms)
✔ IPC restores independent preferences, normalizes fixed values and rejects untrusted senders (3.606ms)
✔ main behavior guards reject titlebar, minimum size, trust, reload, debounce and export mutants (15.689625ms)
✔ preload exposes scale IPC without leaking the Electron event (0.596292ms)
✔ packaged runtime includes the scaling module (0.215375ms)
✖ R238 old fixed scale migrates once, then preserves the user's fixed choice (0.684375ms)
✖ R238 missing, corrupt and oversized scale files migrate to marked auto (3.282959ms)
ℹ tests 27
ℹ suites 0
ℹ pass 24
ℹ fail 3
ℹ cancelled 0
ℹ skipped 0
ℹ todo 0
ℹ duration_ms 1476.655125

✖ failing tests:

test at desktop/ui-scale-render.test.cjs:102:1
✖ R238 browser fixed preference resets once and subsequent fixed choices survive (76.324792ms)
  AssertionError [ERR_ASSERTION]: Expected values to be strictly equal:
  
  '1.25' !== 'auto'
  
      at TestContext.<anonymous> (/private/var/folders/0n/pkflntvd76d53gtp1vj_n9gr0000gn/T/r238-scale-mutants-zhghBd/no-migration/desktop/ui-scale-render.test.cjs:107:12)
      at async Test.run (node:internal/test_runner/test:1125:7)
      at async Test.processPendingSubtests (node:internal/test_runner/test:787:7) {
    generatedMessage: true,
    code: 'ERR_ASSERTION',
    actual: '1.25',
    expected: 'auto',
    operator: 'strictEqual',
    diff: 'simple'
  }

test at desktop/ui-scale.test.cjs:233:1
✖ R238 old fixed scale migrates once, then preserves the user's fixed choice (0.684375ms)
  AssertionError [ERR_ASSERTION]: Expected values to be strictly equal:
  
  'fixed' !== 'auto'
  
      at TestContext.<anonymous> (/private/var/folders/0n/pkflntvd76d53gtp1vj_n9gr0000gn/T/r238-scale-mutants-zhghBd/no-migration/desktop/ui-scale.test.cjs:235:10)
      at Test.runInAsyncScope (node:async_hooks:228:14)
      at Test.run (node:internal/test_runner/test:1118:25)
      at Test.processPendingSubtests (node:internal/test_runner/test:787:18)
      at Test.postRun (node:internal/test_runner/test:1247:19)
      at Test.run (node:internal/test_runner/test:1175:12)
      at async Test.processPendingSubtests (node:internal/test_runner/test:787:7) {
    generatedMessage: true,
    code: 'ERR_ASSERTION',
    actual: 'fixed',
    expected: 'auto',
    operator: 'strictEqual',
    diff: 'simple'
  }

test at desktop/ui-scale.test.cjs:248:1
✖ R238 missing, corrupt and oversized scale files migrate to marked auto (3.282959ms)
  AssertionError [ERR_ASSERTION]: Expected values to be strictly deep-equal:
  + actual - expected
  
  + null
  - {
  -   defaultAuto: 1,
  -   mode: 'auto'
  - }
  
      at TestContext.<anonymous> (/private/var/folders/0n/pkflntvd76d53gtp1vj_n9gr0000gn/T/r238-scale-mutants-zhghBd/no-migration/desktop/ui-scale.test.cjs:252:12)
      at Test.runInAsyncScope (node:async_hooks:228:14)
      at Test.run (node:internal/test_runner/test:1118:25)
      at Test.processPendingSubtests (node:internal/test_runner/test:787:18)
      at Test.postRun (node:internal/test_runner/test:1247:19)
      at Test.run (node:internal/test_runner/test:1175:12)
      at async Test.processPendingSubtests (node:internal/test_runner/test:787:7) {
    generatedMessage: true,
    code: 'ERR_ASSERTION',
    actual: null,
    expected: { mode: 'auto', defaultAuto: 1 },
    operator: 'deepStrictEqual',
    diff: 'simple'
  }
